
 Start         Length     Name                   Class
 0001:00000000 000AE3F0H .text                   CODE
 0002:00000000 00007D14H .data                   DATA
 0002:00007D14 00004839H .bss                    BSS


Detailed map of segments

 0001:00000000 00005967 C=CODE     S=.text    G=(none)   M=System   ACBP=A9
 0001:00005968 00000140 C=CODE     S=.text    G=(none)   M=SysInit  ACBP=A9
 0001:00005AA8 00000078 C=CODE     S=.text    G=(none)   M=Types    ACBP=A9
 0001:00005B20 00001050 C=CODE     S=.text    G=(none)   M=Windows  ACBP=A9
 0001:00006B70 00001E63 C=CODE     S=.text    G=(none)   M=ELeaks   ACBP=A9
 0001:000089D4 00000338 C=CODE     S=.text    G=(none)   M=SysConst ACBP=A9
 0001:00008D0C 000072C0 C=CODE     S=.text    G=(none)   M=SysUtils ACBP=A9
 0001:0000FFCC 00000038 C=CODE     S=.text    G=(none)   M=Messages ACBP=A9
 0001:00010004 000007FB C=CODE     S=.text    G=(none)   M=VarUtils ACBP=A9
 0001:00010800 00002A42 C=CODE     S=.text    G=(none)   M=Variants ACBP=A9
 0001:00013244 00000130 C=CODE     S=.text    G=(none)   M=RTLConsts ACBP=A9
 0001:00013374 00000B2C C=CODE     S=.text    G=(none)   M=TypInfo  ACBP=A9
 0001:00013EA0 00000038 C=CODE     S=.text    G=(none)   M=ActiveX  ACBP=A9
 0001:00013ED8 0000A0DA C=CODE     S=.text    G=(none)   M=Classes  ACBP=A9
 0001:0001DFB4 00000038 C=CODE     S=.text    G=(none)   M=ETypes   ACBP=A9
 0001:0001DFEC 00002944 C=CODE     S=.text    G=(none)   M=EConsts  ACBP=A9
 0001:00020930 00004C08 C=CODE     S=.text    G=(none)   M=ECore    ACBP=A9
 0001:00025538 000046CC C=CODE     S=.text    G=(none)   M=EDebug   ACBP=A9
 0001:00029C04 00000040 C=CODE     S=.text    G=(none)   M=ShellAPI ACBP=A9
 0001:00029C44 00000534 C=CODE     S=.text    G=(none)   M=EWinSock ACBP=A9
 0001:0002A178 000014FC C=CODE     S=.text    G=(none)   M=EHook    ACBP=A9
 0001:0002B674 000000E8 C=CODE     S=.text    G=(none)   M=ELang    ACBP=A9
 0001:0002B75C 00001740 C=CODE     S=.text    G=(none)   M=ESockets ACBP=A9
 0001:0002CE9C 00007BE4 C=CODE     S=.text    G=(none)   M=EZlib2   ACBP=A9
 0001:00034A80 00000AFC C=CODE     S=.text    G=(none)   M=EHash    ACBP=A9
 0001:0003557C 00000354 C=CODE     S=.text    G=(none)   M=EEncrypt ACBP=A9
 0001:000358D0 00000358 C=CODE     S=.text    G=(none)   M=EBase64  ACBP=A9
 0001:00035C28 00000154 C=CODE     S=.text    G=(none)   M=EZip     ACBP=A9
 0001:00035D7C 00007CE4 C=CODE     S=.text    G=(none)   M=EWebTools ACBP=A9
 0001:0003DA60 000005A8 C=CODE     S=.text    G=(none)   M=EXMLBuilder ACBP=A9
 0001:0003E008 0000440C C=CODE     S=.text    G=(none)   M=ELogManager ACBP=A9
 0001:00042414 00001320 C=CODE     S=.text    G=(none)   M=EListView ACBP=A9
 0001:00043734 000073F8 C=CODE     S=.text    G=(none)   M=EDisAsm  ACBP=A9
 0001:0004AB2C 00029EA8 C=CODE     S=.text    G=(none)   M=ExceptionLog ACBP=A9
 0001:000749D4 000002C0 C=CODE     S=.text    G=(none)   M=Consts   ACBP=A9
 0001:00074C94 00008CE3 C=CODE     S=.text    G=(none)   M=Graphics ACBP=A9
 0001:0007D978 00000048 C=CODE     S=.text    G=(none)   M=Math     ACBP=A9
 0001:0007D9C0 000002B8 C=CODE     S=.text    G=(none)   M=Contnrs  ACBP=A9
 0001:0007DC78 000000F4 C=CODE     S=.text    G=(none)   M=CommCtrl ACBP=A9
 0001:0007DD6C 00000787 C=CODE     S=.text    G=(none)   M=MultiMon ACBP=A9
 0001:0007E4F4 00000038 C=CODE     S=.text    G=(none)   M=Imm      ACBP=A9
 0001:0007E52C 00000FF8 C=CODE     S=.text    G=(none)   M=HelpIntfs ACBP=A9
 0001:0007F524 00000038 C=CODE     S=.text    G=(none)   M=WinSpool ACBP=A9
 0001:0007F55C 00000044 C=CODE     S=.text    G=(none)   M=Printers ACBP=A9
 0001:0007F5A0 0000031F C=CODE     S=.text    G=(none)   M=FlatSB   ACBP=A9
 0001:0007F8C0 000001A4 C=CODE     S=.text    G=(none)   M=SyncObjs ACBP=A9
 0001:0007FA64 000009BB C=CODE     S=.text    G=(none)   M=UxTheme  ACBP=A9
 0001:00080420 00000038 C=CODE     S=.text    G=(none)   M=RichEdit ACBP=A9
 0001:00080458 00000038 C=CODE     S=.text    G=(none)   M=ToolWin  ACBP=A9
 0001:00080490 00000038 C=CODE     S=.text    G=(none)   M=RegStr   ACBP=A9
 0001:000804C8 00000038 C=CODE     S=.text    G=(none)   M=WinInet  ACBP=A9
 0001:00080500 00000038 C=CODE     S=.text    G=(none)   M=UrlMon   ACBP=A9
 0001:00080538 00000038 C=CODE     S=.text    G=(none)   M=ShlObj   ACBP=A9
 0001:00080570 00000038 C=CODE     S=.text    G=(none)   M=CommDlg  ACBP=A9
 0001:000805A8 00000038 C=CODE     S=.text    G=(none)   M=Dlgs     ACBP=A9
 0001:000805E0 0000130D C=CODE     S=.text    G=(none)   M=Dialogs  ACBP=A9
 0001:000818F0 000011AA C=CODE     S=.text    G=(none)   M=ExtCtrls ACBP=A9
 0001:00082A9C 00000038 C=CODE     S=.text    G=(none)   M=ComStrs  ACBP=A9
 0001:00082AD4 00000094 C=CODE     S=.text    G=(none)   M=Clipbrd  ACBP=A9
 0001:00082B68 00000038 C=CODE     S=.text    G=(none)   M=StrUtils ACBP=A9
 0001:00082BA0 000000F5 C=CODE     S=.text    G=(none)   M=Buttons  ACBP=A9
 0001:00082C98 00000038 C=CODE     S=.text    G=(none)   M=ExtDlgs  ACBP=A9
 0001:00082CD0 00000068 C=CODE     S=.text    G=(none)   M=IniFiles ACBP=A9
 0001:00082D38 00000068 C=CODE     S=.text    G=(none)   M=Registry ACBP=A9
 0001:00082DA0 0000006C C=CODE     S=.text    G=(none)   M=Mapi     ACBP=A9
 0001:00082E0C 00000058 C=CODE     S=.text    G=(none)   M=ExtActns ACBP=A9
 0001:00082E64 00000038 C=CODE     S=.text    G=(none)   M=ListActns ACBP=A9
 0001:00082E9C 00000180 C=CODE     S=.text    G=(none)   M=ComCtrls ACBP=A9
 0001:0008301C 00000A0C C=CODE     S=.text    G=(none)   M=Themes   ACBP=A9
 0001:00083A28 000031E8 C=CODE     S=.text    G=(none)   M=StdCtrls ACBP=A9
 0001:00086C10 00000168 C=CODE     S=.text    G=(none)   M=StdActns ACBP=A9
 0001:00086D78 00000D1F C=CODE     S=.text    G=(none)   M=WinHelpViewer ACBP=A9
 0001:00087A98 00010B37 C=CODE     S=.text    G=(none)   M=Controls ACBP=A9
 0001:000985D0 00001292 C=CODE     S=.text    G=(none)   M=ActnList ACBP=A9
 0001:00099864 000016E4 C=CODE     S=.text    G=(none)   M=ImgList  ACBP=A9
 0001:0009AF48 00006639 C=CODE     S=.text    G=(none)   M=Menus    ACBP=A9
 0001:000A1584 0000C408 C=CODE     S=.text    G=(none)   M=Forms    ACBP=A9
 0001:000AD98C 00000774 C=CODE     S=.text    G=(none)   M=email_u  ACBP=A9
 0001:000AE100 000002ED C=CODE     S=.text    G=(none)   M=email_P  ACBP=A9
 0002:00000000 000000A4 C=DATA     S=.data    G=DGROUP   M=System   ACBP=A9
 0002:000000A4 00000020 C=DATA     S=.data    G=DGROUP   M=SysInit  ACBP=A9
 0002:000000C4 00000014 C=DATA     S=.data    G=DGROUP   M=ELeaks   ACBP=A9
 0002:000000D8 00000254 C=DATA     S=.data    G=DGROUP   M=SysUtils ACBP=A9
 0002:0000032C 00000008 C=DATA     S=.data    G=DGROUP   M=VarUtils ACBP=A9
 0002:00000334 0000008E C=DATA     S=.data    G=DGROUP   M=Variants ACBP=A9
 0002:000003C4 0000000C C=DATA     S=.data    G=DGROUP   M=TypInfo  ACBP=A9
 0002:000003D0 00000080 C=DATA     S=.data    G=DGROUP   M=Classes  ACBP=A9
 0002:00000450 00000908 C=DATA     S=.data    G=DGROUP   M=EConsts  ACBP=A9
 0002:00000D58 00000050 C=DATA     S=.data    G=DGROUP   M=ECore    ACBP=A9
 0002:00000DA8 0000004C C=DATA     S=.data    G=DGROUP   M=EDebug   ACBP=A9
 0002:00000DF4 00000001 C=DATA     S=.data    G=DGROUP   M=EWinSock ACBP=A9
 0002:00000DF8 000001A0 C=DATA     S=.data    G=DGROUP   M=EHook    ACBP=A9
 0002:00000F98 00000001 C=DATA     S=.data    G=DGROUP   M=ESockets ACBP=A9
 0002:00000F9C 00000E5C C=DATA     S=.data    G=DGROUP   M=EZlib2   ACBP=A9
 0002:00001DF8 00000212 C=DATA     S=.data    G=DGROUP   M=EHash    ACBP=A9
 0002:0000200C 00000144 C=DATA     S=.data    G=DGROUP   M=EBase64  ACBP=A9
 0002:00002150 000034B0 C=DATA     S=.data    G=DGROUP   M=EWebTools ACBP=A9
 0002:00005600 00000020 C=DATA     S=.data    G=DGROUP   M=EXMLBuilder ACBP=A9
 0002:00005620 00000024 C=DATA     S=.data    G=DGROUP   M=ELogManager ACBP=A9
 0002:00005644 000012D5 C=DATA     S=.data    G=DGROUP   M=EDisAsm  ACBP=A9
 0002:0000691C 000005E4 C=DATA     S=.data    G=DGROUP   M=ExceptionLog ACBP=A9
 0002:00006F00 00000304 C=DATA     S=.data    G=DGROUP   M=Graphics ACBP=A9
 0002:00007204 00000004 C=DATA     S=.data    G=DGROUP   M=Printers ACBP=A9
 0002:00007208 000000B4 C=DATA     S=.data    G=DGROUP   M=Dialogs  ACBP=A9
 0002:000072BC 00000178 C=DATA     S=.data    G=DGROUP   M=ExtCtrls ACBP=A9
 0002:00007434 0000002C C=DATA     S=.data    G=DGROUP   M=Buttons  ACBP=A9
 0002:00007460 00000008 C=DATA     S=.data    G=DGROUP   M=IniFiles ACBP=A9
 0002:00007468 00000008 C=DATA     S=.data    G=DGROUP   M=Registry ACBP=A9
 0002:00007470 00000008 C=DATA     S=.data    G=DGROUP   M=Mapi     ACBP=A9
 0002:00007478 00000018 C=DATA     S=.data    G=DGROUP   M=ComCtrls ACBP=A9
 0002:00007490 00000068 C=DATA     S=.data    G=DGROUP   M=Themes   ACBP=A9
 0002:000074F8 0000004C C=DATA     S=.data    G=DGROUP   M=StdCtrls ACBP=A9
 0002:00007544 0000013C C=DATA     S=.data    G=DGROUP   M=Controls ACBP=A9
 0002:00007680 00000020 C=DATA     S=.data    G=DGROUP   M=ImgList  ACBP=A9
 0002:000076A0 000000EC C=DATA     S=.data    G=DGROUP   M=Menus    ACBP=A9
 0002:0000778C 0000011C C=DATA     S=.data    G=DGROUP   M=Forms    ACBP=A9
 0002:00008000 00000664 C=BSS      S=.bss     G=DGROUP   M=System   ACBP=A9
 0002:00008664 00000010 C=BSS      S=.bss     G=DGROUP   M=SysInit  ACBP=A9
 0002:00008674 00000004 C=BSS      S=.bss     G=DGROUP   M=Types    ACBP=A9
 0002:00008678 00000004 C=BSS      S=.bss     G=DGROUP   M=Windows  ACBP=A9
 0002:0000867C 00000054 C=BSS      S=.bss     G=DGROUP   M=ELeaks   ACBP=A9
 0002:000086D0 00000004 C=BSS      S=.bss     G=DGROUP   M=SysConst ACBP=A9
 0002:000086D4 00000120 C=BSS      S=.bss     G=DGROUP   M=SysUtils ACBP=A9
 0002:000087F4 00000004 C=BSS      S=.bss     G=DGROUP   M=Messages ACBP=A9
 0002:000087F8 0000005C C=BSS      S=.bss     G=DGROUP   M=VarUtils ACBP=A9
 0002:00008854 00000040 C=BSS      S=.bss     G=DGROUP   M=Variants ACBP=A9
 0002:00008894 00000004 C=BSS      S=.bss     G=DGROUP   M=RTLConsts ACBP=A9
 0002:00008898 00000004 C=BSS      S=.bss     G=DGROUP   M=TypInfo  ACBP=A9
 0002:0000889C 00000004 C=BSS      S=.bss     G=DGROUP   M=ActiveX  ACBP=A9
 0002:000088A0 00000044 C=BSS      S=.bss     G=DGROUP   M=Classes  ACBP=A9
 0002:000088E4 00000004 C=BSS      S=.bss     G=DGROUP   M=ETypes   ACBP=A9
 0002:000088E8 00000004 C=BSS      S=.bss     G=DGROUP   M=EConsts  ACBP=A9
 0002:000088EC 00000009 C=BSS      S=.bss     G=DGROUP   M=ECore    ACBP=A9
 0002:000088F8 00000004 C=BSS      S=.bss     G=DGROUP   M=EDebug   ACBP=A9
 0002:000088FC 00000004 C=BSS      S=.bss     G=DGROUP   M=ShellAPI ACBP=A9
 0002:00008900 00000010 C=BSS      S=.bss     G=DGROUP   M=EWinSock ACBP=A9
 0002:00008910 00000010 C=BSS      S=.bss     G=DGROUP   M=EHook    ACBP=A9
 0002:00008920 00000004 C=BSS      S=.bss     G=DGROUP   M=ELang    ACBP=A9
 0002:00008924 00000004 C=BSS      S=.bss     G=DGROUP   M=ESockets ACBP=A9
 0002:00008928 00002894 C=BSS      S=.bss     G=DGROUP   M=EZlib2   ACBP=A9
 0002:0000B1BC 00000404 C=BSS      S=.bss     G=DGROUP   M=EHash    ACBP=A9
 0002:0000B5C0 0000001C C=BSS      S=.bss     G=DGROUP   M=EEncrypt ACBP=A9
 0002:0000B5DC 00000004 C=BSS      S=.bss     G=DGROUP   M=EBase64  ACBP=A9
 0002:0000B5E0 00000004 C=BSS      S=.bss     G=DGROUP   M=EZip     ACBP=A9
 0002:0000B5E4 00000048 C=BSS      S=.bss     G=DGROUP   M=EWebTools ACBP=A9
 0002:0000B62C 00000004 C=BSS      S=.bss     G=DGROUP   M=EXMLBuilder ACBP=A9
 0002:0000B630 00000004 C=BSS      S=.bss     G=DGROUP   M=ELogManager ACBP=A9
 0002:0000B634 00000004 C=BSS      S=.bss     G=DGROUP   M=EListView ACBP=A9
 0002:0000B638 00000004 C=BSS      S=.bss     G=DGROUP   M=EDisAsm  ACBP=A9
 0002:0000B63C 00000E84 C=BSS      S=.bss     G=DGROUP   M=ExceptionLog ACBP=A9
 0002:0000C4C0 00000004 C=BSS      S=.bss     G=DGROUP   M=Consts   ACBP=A9
 0002:0000C4C4 00000060 C=BSS      S=.bss     G=DGROUP   M=Graphics ACBP=A9
 0002:0000C524 00000004 C=BSS      S=.bss     G=DGROUP   M=Math     ACBP=A9
 0002:0000C528 00000004 C=BSS      S=.bss     G=DGROUP   M=Contnrs  ACBP=A9
 0002:0000C52C 00000004 C=BSS      S=.bss     G=DGROUP   M=CommCtrl ACBP=A9
 0002:0000C530 00000031 C=BSS      S=.bss     G=DGROUP   M=MultiMon ACBP=A9
 0002:0000C564 00000004 C=BSS      S=.bss     G=DGROUP   M=Imm      ACBP=A9
 0002:0000C568 00000008 C=BSS      S=.bss     G=DGROUP   M=HelpIntfs ACBP=A9
 0002:0000C570 00000004 C=BSS      S=.bss     G=DGROUP   M=WinSpool ACBP=A9
 0002:0000C574 00000004 C=BSS      S=.bss     G=DGROUP   M=Printers ACBP=A9
 0002:0000C578 00000034 C=BSS      S=.bss     G=DGROUP   M=FlatSB   ACBP=A9
 0002:0000C5AC 00000004 C=BSS      S=.bss     G=DGROUP   M=SyncObjs ACBP=A9
 0002:0000C5B0 000000CC C=BSS      S=.bss     G=DGROUP   M=UxTheme  ACBP=A9
 0002:0000C67C 00000004 C=BSS      S=.bss     G=DGROUP   M=RichEdit ACBP=A9
 0002:0000C680 00000004 C=BSS      S=.bss     G=DGROUP   M=ToolWin  ACBP=A9
 0002:0000C684 00000004 C=BSS      S=.bss     G=DGROUP   M=RegStr   ACBP=A9
 0002:0000C688 00000004 C=BSS      S=.bss     G=DGROUP   M=WinInet  ACBP=A9
 0002:0000C68C 00000004 C=BSS      S=.bss     G=DGROUP   M=UrlMon   ACBP=A9
 0002:0000C690 00000004 C=BSS      S=.bss     G=DGROUP   M=ShlObj   ACBP=A9
 0002:0000C694 00000004 C=BSS      S=.bss     G=DGROUP   M=CommDlg  ACBP=A9
 0002:0000C698 00000004 C=BSS      S=.bss     G=DGROUP   M=Dlgs     ACBP=A9
 0002:0000C69C 00000038 C=BSS      S=.bss     G=DGROUP   M=Dialogs  ACBP=A9
 0002:0000C6D4 00000004 C=BSS      S=.bss     G=DGROUP   M=ExtCtrls ACBP=A9
 0002:0000C6D8 00000004 C=BSS      S=.bss     G=DGROUP   M=ComStrs  ACBP=A9
 0002:0000C6DC 0000000C C=BSS      S=.bss     G=DGROUP   M=Clipbrd  ACBP=A9
 0002:0000C6E8 00000004 C=BSS      S=.bss     G=DGROUP   M=StrUtils ACBP=A9
 0002:0000C6EC 00000030 C=BSS      S=.bss     G=DGROUP   M=Buttons  ACBP=A9
 0002:0000C71C 00000004 C=BSS      S=.bss     G=DGROUP   M=ExtDlgs  ACBP=A9
 0002:0000C720 00000004 C=BSS      S=.bss     G=DGROUP   M=IniFiles ACBP=A9
 0002:0000C724 00000004 C=BSS      S=.bss     G=DGROUP   M=Registry ACBP=A9
 0002:0000C728 00000004 C=BSS      S=.bss     G=DGROUP   M=Mapi     ACBP=A9
 0002:0000C72C 00000009 C=BSS      S=.bss     G=DGROUP   M=ExtActns ACBP=A9
 0002:0000C738 00000004 C=BSS      S=.bss     G=DGROUP   M=ListActns ACBP=A9
 0002:0000C73C 00000010 C=BSS      S=.bss     G=DGROUP   M=ComCtrls ACBP=A9
 0002:0000C74C 00000008 C=BSS      S=.bss     G=DGROUP   M=Themes   ACBP=A9
 0002:0000C754 00000004 C=BSS      S=.bss     G=DGROUP   M=StdCtrls ACBP=A9
 0002:0000C758 00000004 C=BSS      S=.bss     G=DGROUP   M=StdActns ACBP=A9
 0002:0000C75C 00000014 C=BSS      S=.bss     G=DGROUP   M=WinHelpViewer ACBP=A9
 0002:0000C770 00000080 C=BSS      S=.bss     G=DGROUP   M=Controls ACBP=A9
 0002:0000C7F0 00000004 C=BSS      S=.bss     G=DGROUP   M=ActnList ACBP=A9
 0002:0000C7F4 0000000C C=BSS      S=.bss     G=DGROUP   M=ImgList  ACBP=A9
 0002:0000C800 00000010 C=BSS      S=.bss     G=DGROUP   M=Menus    ACBP=A9
 0002:0000C810 00000020 C=BSS      S=.bss     G=DGROUP   M=Forms    ACBP=A9
 0002:0000C830 00000008 C=BSS      S=.bss     G=DGROUP   M=email_u  ACBP=A9


  Address         Publics by Name

 0002:00001260       ..
 0001:00032C04       ..
 0002:0000A930       ..
 0002:000010F0       ..
 0002:000010A0       ..
 0002:0000104C       ..
 0002:00008930       ..
 0002:00001034       ..
 0002:0000138C       ..
 0001:0002F19C       ..
 0002:0000102C       ..
 0001:0002F0D4       ..
 0002:00001020       ..
 0001:0002ECC8       ..
 0001:0002D7B4       ..
 0002:00000FC4       ..
 0002:000088F8       .03
 0002:000088E4       .1
 0002:0000C764       .1
 0002:00008694       .1
 0002:0000B5DC       .1
 0002:000088FC       .1
 0002:000087F4       .1
 0002:00008910       .1
 0002:0000B5C0       .1
 0002:0000C688       .1
 0002:00008920       .1
 0002:0000B1BC       .1
 0002:000086D0       .1
 0002:00008674       .1
 0002:0000C728       .1
 0002:0000C6E8       .1
 0002:0000C52C       .1
 0002:0000C550       .1
 0002:0000866C       .1
 0002:00008894       .1
 0002:0000C6D8       .1
 0002:0000C564       .1
 0002:0000C4C0       .1
 0002:0000C598       .1
 0002:0000C66C       .1
 0002:0000C67C       .1
 0002:0000C698       .1
 0002:0000C694       .1
 0002:0000C690       .1
 0002:0000C68C       .1
 0002:0000C684       .1
 0002:0000C69C       .11
 0002:0000C4C8       .12
 0002:0000C6D4       .12
 0002:0000C568       .2
 0002:00008928       .2
 0002:0000B638       .2
 0002:0000B634       .2
 0002:0000C834       .2
 0002:0000C6E0       .2
 0002:0000C74C       .2
 0002:0000C524       .2
 0002:0000C528       .21
 0002:0000B660       .21
 0002:0000B5E0       .3
 0002:0000C7F4       .3
 0002:0000C574       .3
 0002:0000C570       .3
 0002:00008924       .3
 0002:00008678       .3
 0002:0000889C       .3
 0002:0000B630       .3
 0002:0000C71C       .3
 0002:0000B62C       .3
 0002:000087E4       .35
 0002:0000C73C       .36
 0002:00008900       .4
 0002:0000C680       .4
 0002:0000C6EC       .4
 0002:000088F0       .4
 0002:0000C818       .41
 0002:0000C754       .42
 0002:000088AC       .45
 0002:000085BC       .5
 0002:00008850       .5
 0002:000088E8       .5
 0002:0000C724       .5
 0002:0000C5AC       .6
 0002:00008898       .6
 0002:0000B5E4       .7
 0002:0000C778       .72
 0002:0000C72C       .72
 0002:0000C758       .73
 0002:0000C7F0       .8
 0002:0000C738       .8
 0002:0000C720       .8
 0002:00008874       .81
 0002:0000C808       .9
 0001:00001C6C       @AbstractError
 0001:000043B4       @AddRefArray
 0001:0000436C       @AddRefRecord
 0001:00002C20       @AfterConstruction
 0001:00002A54       @AsClass
 0001:000036B8       @Assert
 0001:000020D8       @AStrCmp
 0001:00002C30       @BeforeDestruction
 0001:00002AA0       @CallDynaInst
 0001:000053A4       @CheckAutoResult
 0001:00002BC8       @ClassCreate
 0001:00002C18       @ClassDestroy
 0001:00001FA4       @Close
 0001:00001904       @Copy
 0001:000045A8       @CopyArray
 0001:0000448C       @CopyRecord
 0001:0002FB48       @deflateInit2_
 0001:000046C0       @DispCallByIDError
 0001:000112A0       @DispInvokeError
 0001:000046B0       @Dispose
 0001:00003170       @DoneExcept
 0001:00004C40       @DynArrayAddRef
 0001:00004C18       @DynArrayAsg
 0001:00004BDC       @DynArrayClear
 0001:00004A1C       @DynArrayHigh
 0001:00004A14       @DynArrayLength
 0001:00004BD0       @DynArraySetLength
 0001:00003258       @ExceptionHandler
 0001:00002148       @FillChar
 0001:0002ED94       @fill_fopen_filefunc
 0001:00004360       @Finalize
 0001:00004274       @FinalizeArray
 0001:00004228       @FinalizeRecord
 0001:00002AB8       @FindDynaInst
 0001:00001F98       @Flush
 0001:000027E0       @FpuInit
 0001:0000271C       @FpuMaskInit
 0001:0000173C       @FreeMem
 0001:0000171C       @GetMem
 0001:000059E0       @GetTls
 0001:0002F2CC       @get_crc_table
 0001:000036A0       @Halt
 0001:000035C8       @Halt0
 0001:00002D44       @HandleAnyException
 0001:00003030       @HandleAutoException
 0001:00002FF8       @HandleFinally
 0001:00002E70       @HandleOnException
 0001:0003123C       @inflateInit2_
 0001:00030C84       @inflate_fast
 0001:00032794       @inflate_table
 0001:00005A2C       @InitExe
 0001:0000421C       @Initialize
 0001:00004188       @InitializeArray
 0001:00004158       @InitializeRecord
 0001:0000348C       @InitImports
 0001:00003464       @InitResStringImports
 0001:00003440       @InitResStrings
 0001:000019C0       @Insert
 0001:00005308       @IntfAddRef
 0001:000052D8       @IntfCast
 0001:00005294       @IntfClear
 0001:000052AC       @IntfCopy
 0001:00002A30       @IsClass
 0001:000026EC       @isNECWindows
 0001:00001948       @LGetDir
 0001:00003C28       @LStrAddRef
 0001:00003780       @LStrArrayClr
 0001:000037B0       @LStrAsg
 0001:00003A40       @LStrCat
 0001:00003A84       @LStrCat3
 0001:00003AF8       @LStrCatN
 0001:0000375C       @LStrClr
 0001:00003B84       @LStrCmp
 0001:00003C98       @LStrCopy
 0001:00003CD8       @LStrDelete
 0001:000039CC       @LStrFromArray
 0001:00003944       @LStrFromChar
 0001:00003954       @LStrFromPChar
 0001:0000384C       @LStrFromPCharLen
 0001:00003984       @LStrFromPWChar
 0001:000038B8       @LStrFromPWCharLen
 0001:000039C0       @LStrFromString
 0001:000039E4       @LStrFromWArray
 0001:00003A00       @LStrFromWStr
 0001:00003D20       @LStrInsert
 0001:000037F4       @LStrLAsg
 0001:00003A38       @LStrLen
 0001:00003E28       @LStrOfChar
 0001:00003D7C       @LStrPos
 0001:00003DC4       @LStrSetLength
 0001:00003C38       @LStrToPChar
 0001:00003A14       @LStrToString
 0001:0000469C       @New
 0001:00003820       @NewAnsiString
 0001:00003E84       @NewWideString
 0001:00001BD4       @Pos
 0001:00002400       @Pow10
 0001:00002054       @PStrCmp
 0001:0000202C       @PStrCpy
 0001:00001FFC       @PStrNCat
 0001:00002038       @PStrNCpy
 0001:0000311C       @RaiseAgain
 0001:000030F4       @RaiseExcept
 0001:00002168       @RandInt
 0001:0000175C       @ReallocMem
 0001:00001CE0       @RewritText
 0001:00001C3C       @ROUND
 0001:000036AC       @RunError
 0001:000023E4       @SetEq
 0001:00001C14       @SetLength
 0001:00003400       @StartExe
 0001:000002F4       @strlen
 0001:00001C48       @TRUNC
 0001:000031A0       @TryFinallyExit
 0001:00003C90       @UniqueStringA
 0001:000047E4       @ValInt64
 0001:00002184       @ValLong
 0001:00012998       @VarAddRef
 0001:0000439C       @VarAddRef
 0001:0001158C       @VarClear
 0001:000115A0       @VarClr
 0001:0000425C       @VarClr
 0001:00004474       @VarCopy
 0001:000118B4       @VarCopy
 0001:000128D0       @VarFromBool
 0001:00012920       @VarFromCurr
 0001:00012868       @VarFromInt
 0001:000128A4       @VarFromInt64
 0001:00012934       @VarFromLStr
 0001:000128F8       @VarFromReal
 0001:0001290C       @VarFromTDateTime
 0001:00012960       @VarFromWStr
 0001:000112F4       @VarNull
 0001:00011BE0       @VarToLStr
 0001:00012308       @VarToWStr
 0001:00003E54       @Write0LString
 0001:0000229C       @WriteBytes
 0001:0000236C       @WriteLn
 0001:00003E5C       @WriteLString
 0001:000022F0       @WriteSpaces
 0001:00004138       @WStrAddRef
 0001:00003EC4       @WStrArrayClr
 0001:00003EE8       @WStrAsg
 0001:00003EAC       @WStrClr
 0001:00004024       @WStrCmp
 0001:000040A8       @WStrCopy
 0001:00003FF8       @WStrFromLStr
 0001:00003F0C       @WStrFromPCharLen
 0001:00003FBC       @WStrFromPWChar
 0001:00003F98       @WStrFromPWCharLen
 0001:00004018       @WStrLen
 0001:000040F4       @WStrSetLength
 0001:00004008       @WStrToPWChar
 0001:000023C0       @_CLenToPasStr
 0001:000023B4       @_CToPasStr
 0001:000018D4       @_IOTest
 0001:000046EC       @_lldiv
 0001:00004768       @_llmod
 0001:000046C8       @_llmul
 0001:00033E04       @_tr_align
 0001:000340D0       @_tr_flush_block
 0001:00032C08       @_tr_init
 0001:00033D48       @_tr_stored_block
 0001:0000DE64       Abort
 0002:0000B791       AbortOperation
 0001:0008A5E4       AbsMin
 0001:0000E1E8       AbstractErrorHandler
 0002:0000802C       AbstractErrorProc
 0002:0000015C       AccessMode
 0001:000662D8       AccessViolationModuleInLongFormat
 0001:00001824       AcquireExceptionObject
 0001:0005CEDC       ActicatePage
 0001:00016290       ActivateClassGroup
 0002:0000B7D8       ActivateEurekaLog
 0001:000062DC       ActivateKeyboardLayout
 0002:0000C7AC       ActiveDrag
 0001:00013ED0       ActiveX
 0001:00099838       ActnList
 0001:000376EC       AddAuthenticationToURL
 0001:00000428       AddBlockAfter
 0001:0006CB1C       AddCallerCallStack
 0001:00060E14       AddColor
 0001:00058880       AddCustomHeadersToLog
 0001:00058724       AddCustomHeaderToLog
 0002:000003D0       AddDataModule
 0001:0002C584       AddDNS
 0001:000099D0       AddExitProc
 0001:000196CC       AddFinished
 0001:0009CB7C       AddIn
 0002:00008690       AddLeak
 0001:00057454       AddModule
 0001:0005731C       AddModuleFromFileName
 0001:00005138       AddModuleUnloadProc
 0001:00005128       AddModuleUnloadProc
 0001:00050DF4       AddNewProcess
 0001:000511B4       AddNewProcessEx
 0001:00019704       AddNotFinished
 0001:0002A740       AddrSize
 0001:000655E0       AddStr
 0001:0001A128       AddSubComponentsToLoaded
 0001:0001C53C       AddThread
 0001:000574F4       AddToStack
 0001:0003F888       AddValueField
 0001:0002D5CC       AddZipFile
 0001:00078640       AdjustColor
 0001:0005CE2C       AdjustDialog
 0001:0005A254       AdjustFlatStyle
 0001:000A3B8C       Adjustment
 0001:000062E4       AdjustWindowRectEx
 0001:0002EDCC       adler32
 0001:00052D6C       Advance
 0001:000619B4       AfterScreenshot
 0001:000616F8       AfterScreenshotToStream
 0002:00007500       Alignments
 0002:00007764       Alignments
 0002:00007774       Alignments
 0001:0008FC44       AlignWork
 0001:000AAA84       AlignWork
 0002:000086AC       AllocatedList_End
 0002:000086A4       AllocatedList_Lock
 0002:000086A8       AllocatedList_Start
 0001:0001DD94       AllocateHWnd
 0001:00009984       AllocMem
 0001:0004AFF4       AllocMemAlign
 0002:000085B4       AllocMemCount
 0002:000085B8       AllocMemSize
 0001:0007D770       AllocPatternBitmap
 0001:00005988       AllocTlsBuffer
 0002:000055E0       AlphaNumerics
 0002:00007550       AnchorAlign
 0002:00007544       AnimateWindowProc
 0002:0000764C       AnimationStyle
 0001:0000EB28       AnsiCompareFileName
 0001:00009BB0       AnsiCompareStr
 0001:00009BE8       AnsiCompareText
 0001:0000A38C       AnsiLastChar
 0001:000062EC       AnsiLower
 0001:00009B7C       AnsiLowerCase
 0001:0000EBA8       AnsiLowerCaseFileName
 0001:0000EAF0       AnsiPos
 0001:000A1390       AnsiSameCaption
 0001:00009C20       AnsiSameText
 0001:00009C38       AnsiStrLIComp
 0001:0000EC34       AnsiStrPos
 0001:0000ECD4       AnsiStrRScan
 0001:0000ECFC       AnsiStrScan
 0001:00005724       AnsiToUtf8
 0001:00009B48       AnsiUpperCase
 0001:0000C174       AppendChars
 0001:0000C538       AppendFormat
 0001:0000C1D8       AppendNumber
 0001:0000C1B8       AppendString
 0002:0000C810       Application
 0002:000003E0       ApplicationHandleException
 0001:00057C60       ApplicationRestore
 0002:000003E8       ApplicationShowException
 0002:000078A0       AppVisible
 0001:000075CC       AreTheSameLeak
 0001:000561FC       ASMAssigned
 0002:00000E98       AsmConst
 0001:000660A8       ASPDotNetWebSiteFile
 0001:0005B860       AssemblerDialogProc
 0001:0004C6A8       AssemblerToRTF
 0001:0000E1CC       AssertErrorHandler
 0002:00008024       AssertErrorProc
 0001:00013768       AssignLongStr
 0001:0005F2B0       AssignOnCloseData
 0001:0005915C       AssignPriority
 0001:00029A9C       AssignValidDebugInfo
 0001:00013CCC       AssignVariant
 0001:00062844       AttachedFile
 0001:00062ADC       AttachedFiles
 0002:0000B654       AttachedFilesRequest
 0001:00068720       AttrToString
 0002:0000B7DC       AutoCloseTimer
 0001:000585F8       AutoCloseTimerProc
 0002:0000860C       avail
 0001:0000A874       BackfillGetDiskFreeSpaceEx
 0001:0008D178       BackgroundClipped
 0001:00010294       BackupVarBoolFromStr
 0001:000103F4       BackupVarBStrFromBool
 0001:00010314       BackupVarBStrFromCy
 0001:00010384       BackupVarBStrFromDate
 0001:00010228       BackupVarCyFromStr
 0001:000101BC       BackupVarDateFromStr
 0001:00010078       BackupVarI4FromStr
 0001:00010024       BackupVariantChangeTypeEx
 0001:000100E4       BackupVarR4FromStr
 0001:00010150       BackupVarR8FromStr
 0001:00035A58       Base64Decode
 0001:00035B54       Base64DecodeStr
 0001:00035BB8       Base64DecodeString
 0001:0003593C       Base64Encode
 0001:000623F0       Base64EncodeFromFile
 0001:00035B0C       Base64EncodeStr
 0001:00035BB0       Base64EncodeString
 0001:00035BC0       Base64EncodeToString
 0002:0000204C       Base64Filler
 0001:0000E7C0       Beep
 0001:000165E8       BeginGlobalLoading
 0001:000062F4       BeginPaint
 0001:00003710       BeginThread
 0001:0007864C       BetterSize
 0001:0009D9F0       BiDiDraw
 0001:00023694       BinToStr
 0001:00006084       BitBlt
 0002:00007434       BitBtnCaptions
 0002:0000C6F0       BitBtnGlyphs
 0002:000071B8       BitmapCanvasList
 0002:0000C4E0       BitmapImageLock
 0001:00010060       BiUnimplemented
 0002:00000424       BlockCode
 0002:000085E4       blockDescBlockList
 0002:000085E8       blockDescFreeList
 0001:00065170       BlockingSendInternetMessage
 0002:000000C8       BlockOverFoot
 0002:000000C4       BlockOverHead
 0002:00000D80       BOMBigEndian
 0002:00000D7C       BOMUnicode
 0002:00000D84       BOMUTF8
 0002:000003C4       BooleanIdents
 0002:00000340       BooleanToStringRule
 0001:0000A0A0       BoolToStr
 0001:00011968       BoolToWStrViaOS
 0002:000074F8       BorderStyles
 0001:000155A8       Bounds
 0001:00005ACC       Bounds
 0002:0000770C       Breaks
 0002:0000C518       BrushManager
 0001:000A01A4       BuildImage
 0001:00051444       BuildListPS
 0001:0005130C       BuildListTH
 0002:00007264       ButtonCaptions
 0002:00007238       ButtonNames
 0001:00082C70       Buttons
 0002:00007788       Buttons
 0002:0000753C       ButtonStyles
 0002:0000C6A8       ButtonWidths
 0002:00006904       ByteRegs1
 0002:00006908       ByteRegs2
 0001:00077E2C       BytesPerScanline
 0001:00060F7C       BytesPerScanline
 0001:000609C0       BytesSwap
 0001:00078184       ByteSwapColors
 0001:0000E8A4       ByteToCharIndex
 0001:0000E87C       ByteToCharLen
 0001:0000E840       ByteType
 0001:0000E7C8       ByteTypeTest
 0002:0000C7F8       CachedComCtrlVer
 0002:0000B9D4       Cached_LogFile
 0001:00070ED4       CalcAddr
 0001:000609F0       CalcCRC
 0001:000358FC       CalcDecodedSize
 0001:000543FC       CalcDuplicatedException
 0001:000358D0       CalcEncodedSize
 0001:0001DCD0       CalcJmpOffset
 0001:000978C0       CalcSplitterPos
 0001:0002AA98       CalculateRelocatedAsmSize
 0001:00055410       CallAttachedFilesRequest
 0001:00055480       CallAttachedFilesRequestEvents
 0001:000555B4       CallCustomButtonClickEvent
 0001:00055620       CallCustomButtonClickEvents
 0001:00055340       CallCustomDataRequest
 0001:000553B0       CallCustomDataRequestEvents
 0001:000554E4       CallCustomWebFieldsRequest
 0001:00055554       CallCustomWebFieldsRequestEvents
 0001:00006C24       CallerOfReallocMem
 0001:00055044       CallExceptionActionNotify
 0001:0006901C       CallExceptionActionNotify_atSavedLogFile
 0001:00068FF8       CallExceptionActionNotify_atSavingLogFile
 0001:00063F64       CallExceptionActionNotify_atSendingEmail
 0001:00063FAC       CallExceptionActionNotify_atSendingWebMessage
 0001:00063F88       CallExceptionActionNotify_atSentEmail
 0001:00063FD0       CallExceptionActionNotify_atSentWebMessage
 0001:00069398       CallExceptionActionNotify_atShowedExceptionInfo
 0001:00069374       CallExceptionActionNotify_atShowingExceptionInfo
 0001:000602B8       CallExceptionActionNotify_atTerminating
 0001:000551B8       CallExceptionErrorNotify
 0001:00069040       CallExceptionErrorNotify_atSavedLogFile
 0001:00063FF4       CallExceptionErrorNotify_atSentEmail
 0001:00064018       CallExceptionErrorNotify_atSentWebMessage
 0001:00054E4C       CallExceptionNotify
 0001:00054EB8       CallExceptionNotifyEvents
 0002:00006924       CallForGetLogText
 0002:00006920       CallFromCOMObject
 0001:00054F1C       CallHandledExceptionNotify
 0001:00054F88       CallHandledExceptionNotifyEvents
 0001:000553BC       CallModuleEvent_AttachedFilesRequest
 0001:00055560       CallModuleEvent_CustomButtonClickNotify
 0001:000552EC       CallModuleEvent_CustomDataRequest
 0001:0005548C       CallModuleEvent_CustomWebFieldsRequest
 0001:00054F94       CallModuleEvent_ExceptionActionNotify
 0001:0005510C       CallModuleEvent_ExceptionErrorNotify
 0001:00054DFC       CallModuleEvent_ExceptionNotify
 0001:00054EC4       CallModuleEvent_HandledExceptionNotify
 0001:0005562C       CallModuleEvent_PasswordRequest
 0001:000062FC       CallNextHookEx
 0001:00055280       CallPasswordRequest
 0001:000578E0       CallStackByAddresses
 0001:0005BD78       CallStackDialogProc
 0001:0000F4FC       CallTerminateProcs
 0001:00006304       CallWindowProc
 0001:000693BC       CallWriteIntraWebText
 0001:0006F438       Call_HookedExceptionObject
 0001:0006F19C       Call_HookedRaise
 0001:0006F464       Call_HookedRtlUnwind
 0001:00060534       CalsCoordinates
 0002:0000B792       CanAttachScreenshot
 0002:0000B78D       CanAttachScreenshot_Show
 0001:0008B61C       CancelDrag
 0002:0000B793       CanCopy
 0002:0000B78E       CanCopy_Show
 0001:00073BA4       CanEnableEurekaLogInPackages
 0001:00055FE0       CanExit
 0002:0000B755       CanHookLibraries
 0002:00006E4C       CannotProcessMessagesExceptions
 0002:00006E98       CannotShowDialog
 0002:0000B958       CannotUseThread
 0001:0006CB90       CanPauseThisThread
 0002:0000B78C       CanSendError_Show
 0002:0000B790       CanSendMessage
 0001:00070C64       CanShowHandledExceptionEx
 0002:0000B78F       CanSupport_Show
 0002:0000C7C0       CanvasList
 0002:0000C51C       CanvasList
 0002:0000BA04       CaptionFontName
 0002:00007210       Captions
 0002:0000BC40       CAPTION_HEIGHT
 0002:00007608       CaptureControl
 0002:00002050       cBase64Codec
 0002:0000200C       cBase64Codec
 0002:000076AC       cBooleanToItemAutoFlag
 0001:00059C94       CenterOnActiveWndMonitor
 0001:0005857C       CenterWindow
 0002:0000C6DE       CF_COMPONENT
 0002:0000C6DC       CF_PICTURE
 0002:0000B710       CGIHandleException
 0002:0000B6BC       CGIOutputFile
 0002:0000886C       ChangeAnyProc
 0001:00089B9C       ChangeBiDiModeAlignment
 0001:0000A40C       ChangeFileExt
 0001:00073124       ChangeFinalizationOrder
 0001:0005F224       ChangeLogUserEmail
 0002:00007520       CharCases
 0001:0000387C       CharFromWChar
 0001:0000EA78       CharLength
 0001:0000630C       CharLowerBuff
 0001:00006314       CharNext
 0001:00000254       CharNext
 0002:00005624       chars
 0001:0007675C       CharsetToIdent
 0001:0000E98C       CharToByteIndex
 0001:0000E9F0       CharToByteLen
 0001:0000631C       CharToOemA
 0001:00006324       CharUpperBuff
 0001:00078C14       CheckBool
 0001:00073AA0       CheckCrc32
 0001:00022748       CheckDirectoryExists
 0001:000ADB90       checkemail
 0001:00037658       CheckError
 0001:0002B074       CheckFail
 0001:00072DF0       CheckForMemoryLeaks
 0001:00052C14       CheckForResult
 0001:00022520       CheckIntoIDE
 0001:00002CC0       CheckJmp
 0001:0002CF78       CheckLibrary
 0001:0004B6F0       CheckMagicCode
 0001:0000632C       CheckMenuItem
 0001:0000730C       CheckOurPointer
 0002:000076FC       Checks
 0001:0001A164       CheckSubComponents
 0001:0001C554       CheckSynchronize
 0001:000A35C8       CheckTaskWindow
 0001:0008B2D0       CheckUndock
 0001:0000E6B4       CheckWin32Version
 0002:00000344       CInvalidCustomVariantType
 0002:000076B0       cItemAutoFlagToBoolean
 0002:000076A8       cItemAutoFlagToMenu
 0001:0001DF20       Classes
 0001:00016054       ClassNotFound
 0002:00008868       ClearAnyProc
 0001:00075FEC       ClearColor
 0001:0004F5EC       ClearInternalError
 0001:00012CD4       ClearVariantTypeList
 0002:0000BBA9       ClickLinkActive
 0001:00042D20       ClickOnSign
 0001:00006334       ClientToScreen
 0001:00094EA8       ClientToWindow
 0002:000071B0       ClipboardFormats
 0001:00082B10       Clipbrd
 0001:0004DAD0       CloneObject
 0001:0000633C       CloseClipboard
 0001:00005C44       CloseHandle
 0001:000001F4       CloseHandle
 0001:000543E0       CloseLogFile
 0001:00062768       CloseSendDialog
 0001:00029ED0       closesocket
 0002:0000C5B4       CloseThemeData
 0001:0002D78C       CloseZipFile
 0002:0000B718       CLXHandleException
 0002:0000B71C       CLXShowException
 0002:00008040       CmdLine
 0002:0000803C       CmdShow
 0002:000076A4       cMenuAutoFlagToItem
 0001:0001006C       CmpUnimplemented
 0002:00006EC0       ColIdx
 0002:00006F30       Colors
 0001:00076554       ColorToIdent
 0002:000072BC       ColorToPretyName
 0001:00076544       ColorToRGB
 0002:0000BBDC       ColWidths
 0001:0000608C       CombineRgn
 0002:0000C748       ComCtlVersion
 0001:00083014       ComCtrls
 0002:0000C80C       CommandPool
 0001:0007DD64       CommCtrl
 0001:000805A0       CommDlg
 0001:00000708       Commit
 0002:00008628       committedRoot
 0001:0006163C       CommonSaveToStream
 0001:000564CC       CompareEurekaFunctions
 0001:0009C160       CompareFront
 0001:00009AB0       CompareMem
 0001:00050884       CompareModulesFunctions
 0001:00050C4C       CompareProcessesFunctions
 0001:00009A80       CompareStr
 0001:00005C4C       CompareString
 0001:00009AD0       CompareText
 0001:00009FC8       CompareWith
 0001:000674FC       CompleteIP
 0001:000394D8       CompleteNumber
 0001:0004BC90       CompleteStr
 0001:0003EA18       CompleteStr
 0001:0006877C       CompleteString
 0001:00020BCC       CompleteVersion
 0001:0001A244       ComponentCreated
 0001:00034B88       Compress
 0001:0002F188       compressBound
 0001:000789E4       ComputeAldusChecksum
 0001:0002514C       ComputerName
 0001:0004D58C       ComputerName
 0001:00082ACC       ComStrs
 0001:00029EFC       connect
 0001:00074C8C       Consts
 0001:0007DC70       Contnrs
 0002:0000C77E       ControlAtom
 0002:0000C784       ControlAtomString
 0001:000A8354       ControlHasHelp
 0001:00098540       Controls
 0001:0000DC04       ConvertAddr
 0001:00021DF0       ConvertAddress
 0001:00006F0C       ConvertAddress
 0001:0000C2C8       ConvertEraString
 0001:00009948       ConvertError
 0001:00009960       ConvertErrorFmt
 0001:0003E130       ConvertNotDosText
 0001:000360B8       ConvertSpecialHTMLChars
 0001:0000C430       ConvertYearString
 0001:00004A24       CopyArray
 0001:0007ADB0       CopyBitmap
 0001:0007B478       CopyBitmapAsMask
 0001:00006094       CopyEnhMetaFile
 0001:000068B4       CopyMemory
 0001:0007B414       CopyPalette
 0001:00006344       CopyRect
 0002:00007494       Copyright
 0001:00055928       CopyStrings
 0001:0009F250       CopyToBest
 0001:00007C34       CountAllLeaks
 0001:0000E8FC       CountChars
 0002:0000C4F8       CounterLock
 0001:0005CC00       CPUDialogProc
 0001:0004CA44       CPUToRTF
 0002:00000348       CRangeToType
 0002:00001DF8       Crc16Tab
 0001:0002F2E0       crc32
 0002:0000B1C0       crc_table
 0002:00001FF8       crc_table_computed
 0001:00061190       Create8bitBitmap
 0001:0000E110       CreateAssertException
 0001:0000E298       CreateAVObject
 0001:0000609C       CreateBitmap
 0001:000060A4       CreateBrushIndirect
 0001:000060AC       CreateCompatibleBitmap
 0001:000060B4       CreateCompatibleDC
 0001:0001A2C4       CreateComponent
 0001:00006A28       CreateDialogA
 0001:00058220       CreateDialogFonts
 0001:0000634C       CreateDialogParamA
 0001:000060C4       CreateDIBitmap
 0001:000060BC       CreateDIBSection
 0001:0000A978       CreateDir
 0001:00005C54       CreateDirectory
 0001:00005C5C       CreateEvent
 0001:0005942C       CreateExceptionReport
 0001:00005C64       CreateFile
 0001:00005C6C       CreateFileA
 0001:000001FC       CreateFileA
 0001:00005C74       CreateFileMapping
 0001:000060CC       CreateFontA
 0001:000060D4       CreateFontIndirect
 0001:000060DC       CreateFontIndirectA
 0001:000693C8       CreateGeneralText
 0001:000060E4       CreateHalftonePalette
 0001:00051FC0       CreateHTMLByLayout
 0001:000549E8       CreateHTMLFile
 0001:00006354       CreateIcon
 0001:0000E03C       CreateInOutError
 0001:000597FC       CreateLeakReport
 0001:0006A458       CreateLogText
 0001:0000635C       CreateMenu
 0001:00081060       CreateMessageDialog
 0001:0002C9A8       CreateMXQuery
 0001:00060DB0       CreateOctreeNode
 0001:000060EC       CreatePalette
 0001:000060F4       CreatePenIndirect
 0001:00006364       CreatePopupMenu
 0001:00005C7C       CreateProcessA
 0001:000060FC       CreateRectRgn
 0001:00006104       CreateRectRgnIndirect
 0001:0000610C       CreateSolidBrush
 0001:000781DC       CreateSystemPalette
 0001:00052398       CreateTemplateFile
 0001:00005C84       CreateThread
 0001:0000025C       CreateThread
 0001:000599A4       CreateThreadStr
 0001:00063A50       CreateTmpLogFile
 0001:0004E110       CreateVirtualFile
 0001:000069D0       CreateWindow
 0001:00006978       CreateWindowEx
 0001:00054AB4       CreateXMLLogCopy
 0001:0006403C       CreateZIPFile
 0001:0002D538       CreateZipFile
 0001:000722D0       Create_EurekaLogUnitsList
 0002:00007548       CreationControl
 0002:00007208       CreationControl
 0002:000003B0       CRelationshipToBoolean
 0002:0000032C       CResult
 0002:00000D58       CriticalError
 0002:00006E70       CriticalExceptObject
 0002:00000154       cSimpleBoolStrs
 0002:0000035C       CText
 0002:00007644       Ctl3DStyles
 0002:00008620       curAlloc
 0002:000086DC       CurrencyDecimals
 0002:000086D8       CurrencyFormat
 0002:000086D4       CurrencyString
 0002:0000B744       CurrentAsmErrorLine
 0002:0000B74C       CurrentAsmErrorText
 0002:0000B750       CurrentCPUErrorText
 0002:0000B7E0       CurrentDialog
 0001:00070F48       CurrentEurekaLogOptions
 0002:0000B748       CurrentGeneralErrorText
 0002:0000B6B8       CurrentOptions
 0002:0000B7F8       CurrentProcessWindowsList
 0002:00006E5C       CurrentStackList
 0001:0000C160       CurrentYear
 0001:0000BAD4       CurrToStr
 0001:000118F8       CurrToWStrViaOS
 0002:00007824       CursorMap
 0002:00007558       Cursors
 0001:00089EBC       CursorToIdent
 0002:00007814       cUseAlpha
 0002:0000781C       cUseColorKey
 0002:0000B65C       CustomButtonClickNotify
 0002:0000B650       CustomDataRequest
 0002:0000B77C       CustomExceptMessage
 0001:00072E84       CustomHandler
 0002:00006930       CustomSmtpHeloCommand
 0002:0000B658       CustomWebFieldsRequest
 0002:0000B5C4       CV
 0001:00009D0C       CvtInt
 0001:00009D78       CvtInt64
 0002:00000194       CWNear
 0001:0000C0B0       Date
 0002:000086DD       DateSeparator
 0001:0000CD78       DateTimeToStr
 0001:00021144       DateTimeToStrFixed
 0001:0000CCEC       DateTimeToString
 0001:0000BC28       DateTimeToTimeStamp
 0001:0000CD48       DateToStr
 0001:00011930       DateToWStrViaOS
 0001:0000C088       DayOfWeek
 0002:0000B7F4       DbgSection
 0002:00000190       DCon10
 0002:00006F2C       DDBsOnly
 0001:0001DE48       DeallocateHWnd
 0002:0000002C       DebugHook
 0002:0000B934       DebugHook_Assigned
 0001:00065630       DebugToStr
 0002:000086DB       DecimalSeparator
 0001:0000BFF8       DecodeDate
 0001:0000BEAC       DecodeDateFully
 0001:00026FE8       DecodeNameString
 0001:0000BD1C       DecodeTime
 0001:0000079C       Decommit
 0001:00000DB8       DecommitFree
 0002:000085FC       decommittedRoot
 0001:000357D4       Decrypt
 0001:000AB6AC       Default
 0001:000A5FDC       Default
 0002:00000024       Default8087CW
 0002:0000754C       DefaultDockTreeClass
 0002:00000038       DefaultTextLineBreakStyle
 0002:000085C0       DefaultUserCodePage
 0002:00007180       DefBrushData
 0002:00006F00       DefFontData
 0001:0000636C       DefFrameProc
 0001:00030118       deflate
 0001:000303DC       deflateEnd
 0001:0002FB2C       deflateInit_
 0002:00000220       DefLongDayNames
 0002:000001D4       DefLongMonthNames
 0001:00006374       DefMDIChildProc
 0002:00007160       DefPenData
 0002:00000204       DefShortDayNames
 0002:000001A4       DefShortMonthNames
 0001:0000637C       DefWindowProc
 0001:00006384       DefWindowProcA
 0001:00004C7C       DelayLoadResourceModule
 0001:00000458       DeleteBlock
 0001:000003C8       DeleteCriticalSection
 0001:00005C8C       DeleteCriticalSection
 0001:00006114       DeleteDC
 0001:0000611C       DeleteEnhMetaFile
 0001:000641A8       DeleteExtraFiles
 0001:0000A374       DeleteFile
 0001:00005C94       DeleteFile
 0001:00005C9C       DeleteFileA
 0001:00050810       DeleteFileEx
 0001:00000C00       DeleteFree
 0001:0000638C       DeleteMenu
 0001:00006124       DeleteObject
 0001:00060CBC       DeleteTree
 0001:0004E27C       DeleteVirtualFile
 0002:00006EE0       DeniedChars
 0001:0007A96C       DeselectBitmap
 0001:00006394       DestroyCursor
 0001:00058468       DestroyDialogFonts
 0001:0000639C       DestroyIcon
 0001:00082BA0       DestroyLocals
 0001:000063A4       DestroyMenu
 0001:000063AC       DestroyWindow
 0002:0000BC1C       DetailsActive
 0001:0005A294       DetailsState
 0001:000063B4       DialogBoxParamA
 0001:0008774C       DialogEnumerationTester
 0002:0000BC28       DialogHeight
 0001:000818B0       Dialogs
 0002:0000B944       DialogType
 0002:000071BC       DIBPalSizes
 0002:00000094       dig
 0002:00000D5C       Digits
 0001:00052374       DirectoryExists
 0001:00008714       DisableMemoryLeaksCheck
 0001:000A341C       DisableTaskWindows
 0001:000063BC       DispatchMessage
 0001:000A9634       DispatchShortCut
 0002:00008000       DispCallByIDProc
 0001:0000992C       DivMod
 0001:000805D8       Dlgs
 0001:00057ED8       DlgTemplate
 0002:00008918       DllList
 0001:000AA938       DoAlign
 0001:0008FAD4       DoAlign
 0001:00093B88       DoCalcConstraints
 0002:0000C7B4       DockSiteList
 0001:0009FE70       DoClick
 0001:00091218       DoControlMsg
 0001:000A33CC       DoDisableWindow
 0001:0008ABFC       DoDragOver
 0001:000099A4       DoExitProc
 0001:00095B94       DoFindControlZone
 0001:000A3508       DoFindWindow
 0001:00096120       DoFindZone
 0001:00095C18       DoForEach
 0001:00097524       DoGetNextLimit
 0001:00074404       Done
 0001:0002B548       Done
 0001:00008900       Done
 0001:00025490       Done
 0001:0002CE08       Done
 0001:000A3394       DoneApplication
 0001:00071FA0       DoneCheckFreeze
 0001:00098284       DoneControls
 0002:0000B70C       DoneExcept
 0001:000730D8       DoneExceptAddr
 0001:0000E5C4       DoneExceptions
 0001:000370DC       DoneLib
 0001:000084A0       DoneShareMem
 0001:000A79B0       DoNestedActivation
 0001:0001C4F0       DoneThreadSynchronization
 0001:0008F694       DoPosition
 0001:000AA788       DoPosition
 0001:00096B4C       DoPrune
 0001:00097024       DoSaveZone
 0001:00097228       DoSetNewBounds
 0001:00021488       DotNetHostedFile
 0001:00066100       DotNetHostedFileHandle
 0001:000660B4       DotNetMainFile
 0002:00006E80       DotNetMetadataFile
 0002:00006EA0       Dots
 0002:000003CC       DotSep
 0001:000174C0       DoWrite
 0001:00078E6C       DoWrite
 0001:0009A7C0       DoWrite
 0001:00079A88       DoWrite
 0001:00090800       DoWriteDesignSize
 0001:0008E26C       DoWriteIsControl
 0002:0000C798       DragCapture
 0002:0000C78C       DragControl
 0001:0008B344       DragDone
 0001:0008ABAC       DragFindTarget
 0001:0008AB80       DragFindWindow
 0002:0000C7B0       DragImageList
 0001:0008AF9C       DragInit
 0001:0008B10C       DragInitControl
 0002:0000C794       DragInternalObject
 0001:0008AAC8       DragMessage
 0002:0000C790       DragObject
 0002:0000C7BC       DragSave
 0002:0000C7A4       DragSaveCursor
 0002:0000C79C       DragStartPos
 0002:0000C7A8       DragThreshold
 0001:0008ACCC       DragTo
 0001:000AB6E8       DrawAppIcon
 0001:000424E4       DrawBmp
 0001:00043068       DrawBottom
 0001:0005F178       DrawButton
 0001:0005F00C       DrawClickHere
 0001:000966B8       DrawCloseButton
 0001:0005EF84       DrawControl
 0001:000063C4       DrawEdge
 0001:00042FF4       DrawFrame
 0001:000063CC       DrawFrameControl
 0001:00096710       DrawGrabberLine
 0001:000063D4       DrawIcon
 0001:000063DC       DrawIconEx
 0002:00007680       DrawingStyles
 0001:00043110       DrawItem
 0001:000430BC       DrawLine
 0001:000063E4       DrawMenuBar
 0001:000A11B0       DrawMenuItem
 0001:0005D1BC       DrawSupportLink
 0001:000063EC       DrawText
 0001:000063F4       DrawTextA
 0002:0000C5B8       DrawThemeBackground
 0002:0000C5DC       DrawThemeEdge
 0002:0000C5E0       DrawThemeIcon
 0002:0000C664       DrawThemeParentBackground
 0002:0000C5BC       DrawThemeText
 0001:00077CAC       DupBits
 0002:0000B794       DuplicatedException
 0001:00005CA4       DuplicateHandle
 0001:00004A3C       DynArrayClear
 0001:00004A44       DynArraySetLength
 0001:00035C20       EBase64
 0001:00020928       EConsts
 0001:00025508       ECore
 0001:00029BFC       EDebug
 0002:0000776C       EdgeStyle
 0002:00007634       EdgeStyles
 0001:0004AB24       EDisAsm
 0001:000358C8       EEncrypt
 0001:00035574       EHash
 0001:0000E010       EHeapException.FreeInstance
 0001:0002B644       EHook
 0001:0003E6A8       ElaborateString
 0001:00037918       ElaborateURL
 0001:00037A80       ElaborateWebPage
 0001:0002B754       ELang
 0001:000089C0       ELeaks
 0001:0004372C       EListView
 0001:0004240C       ELogManager
 0001:000AE3A8       email_P
 0001:000AE0F8       email_u
 0001:000063FC       EmptyClipboard
 0002:00008854       EmptyParam
 0002:000000D8       EmptyStr
 0002:000000DC       EmptyWideStr
 0002:00000458       EMsgs
 0001:00008588       EnableMemoryLeaksCheck
 0001:00006404       EnableMenuItem
 0002:00007704       Enables
 0001:0000640C       EnableScrollBar
 0001:000A34D0       EnableTaskWindows
 0002:0000C64C       EnableThemeDialogTexture
 0002:0000C668       EnableTheming
 0001:00006414       EnableWindow
 0001:00060BA8       Encode
 0001:0000BE7C       EncodeDate
 0002:00005600       EncodedChars
 0001:0000BCDC       EncodeTime
 0001:00063BB4       EncodeURL
 0001:0000641C       EndDialog
 0001:00016670       EndGlobalLoading
 0001:00006424       EndPaint
 0001:00003754       EndThread
 0001:00005CAC       EnterCriticalSection
 0001:000003B8       EnterCriticalSection
 0001:00005CB4       EnumCalendarInfoA
 0002:0000C54C       EnumDisplayMonitors
 0001:0000D878       EnumEraNames
 0001:0000D8B4       EnumEraYearOffsets
 0001:000A65A0       EnumMonitorsProc
 0001:00005CBC       EnumSystemLocalesA
 0001:0000642C       EnumThreadWindows
 0001:00019A74       EnumValue
 0001:00006434       EnumWindows
 0001:0004F894       EnumWindowsProc
 0001:0004F9F0       EnumWindowsProc
 0001:0004FB04       EnumWindowsProc
 0001:0004F938       EnumWindowsProc
 0001:00026534       Eof
 0002:00005620       EOFLine
 0001:0000643C       EqualRect
 0002:000087A4       EraNames
 0001:0000D004       EraToYear
 0002:000087C0       EraYearOffsets
 0002:0000006C       errCaption
 0001:00008368       Error
 0001:0009BEB0       Error
 0001:00019258       Error
 0001:00061A80       Error
 0001:000018C8       Error
 0001:00015BF8       Error
 0002:00000004       ErrorAddr
 0001:0000187C       ErrorAt
 0001:0000E0BC       ErrorHandler
 0002:0000023C       ErrorMap
 0002:00008008       ErrorProc
 0002:000083E8       ErrOutput
 0002:00000C30       EShowOptions
 0001:0002CE68       ESockets
 0001:0001DFE4       ETypes
 0002:00000450       EurekaLogCurrentVersion
 0002:0000B7B0       EurekaLogList
 0001:00062348       EurekaLogSendEmail
 0002:00006934       EurekaLogUnits
 0002:0000B7D4       EurekaLogUnitsList
 0001:00055DF4       EurekaLog_AttachedFilesRequestEvent
 0001:0006FB1C       EurekaLog_CallCreateThread
 0001:0006F2AC       EurekaLog_CallExceptObject
 0001:0006FC54       EurekaLog_CallExitThread
 0001:0006F128       EurekaLog_CallGeneralRaise
 0001:0006FBB0       EurekaLog_CallResumeThread
 0001:00055F3C       EurekaLog_CustomButtonClickEvent
 0001:00055D50       EurekaLog_CustomDataRequestEventEx
 0001:00055E98       EurekaLog_CustomWebFieldsRequestEvent
 0001:00055C08       EurekaLog_ExceptionActionNotifyEvent
 0001:00055CAC       EurekaLog_ExceptionErrorNotifyEvent
 0001:00055AC0       EurekaLog_ExceptionNotifyEvent
 0001:00055B64       EurekaLog_HandledExceptionNotifyEvent
 0001:0006FB14       EurekaLog_LastDelphiException
 0001:000559AC       EurekaLog_PasswordRequestEvent
 0001:000559F0       EurekaLog_PasswordRequestEventEx
 0002:000009B8       EVals
 0002:00000CF0       EVariablesOptions
 0001:0003DA58       EWebTools
 0001:0002A170       EWinSock
 0001:00001804       ExceptAddr
 0002:0000800C       ExceptClsProc
 0001:0000E530       ExceptHandler
 0001:0000DE84       Exception.Create
 0001:0000DEC0       Exception.CreateFmt
 0001:0000DF40       Exception.CreateRes
 0001:0000DF7C       Exception.CreateResFmt
 0002:0000B644       ExceptionActionNotify
 0002:0000801C       ExceptionClass
 0002:0000B68C       ExceptionCriticalSection
 0001:0000DC10       ExceptionErrorMessage
 0002:0000B648       ExceptionErrorNotify
 0001:0004EB90       ExceptionLine
 0001:00074954       ExceptionLog
 0001:00071270       ExceptionManager
 0002:0000B63C       ExceptionNotify
 0002:0000B6C4       ExceptionNumber
 0002:0000B7E8       ExceptionsTime
 0002:0000B7EC       ExceptionTime
 0001:000528FC       ExceptionTypeByAddr
 0002:00000274       ExceptMap
 0001:0006E780       ExceptNotify
 0001:00065458       ExceptNotifyAfter1
 0001:00065554       ExceptNotifyAfter2
 0001:00065568       ExceptNotifyAfter3
 0001:000017E4       ExceptObject
 0002:00008010       ExceptObjProc
 0002:00008004       ExceptProc
 0001:0000612C       ExcludeClipRect
 0001:000226BC       ExcludeLastBackslash
 0002:00000000       ExitCode
 0001:0000350C       ExitDll
 0002:00008048       ExitProc
 0001:0000026C       ExitProcess
 0002:00008028       ExitProcessProc
 0002:00000150       ExitProcList
 0001:00005CC4       ExitThread
 0001:00000264       ExitThread
 0001:0003E000       EXMLBuilder
 0001:0002139C       ExpandEnvVars
 0001:0000A5E8       ExpandFileName
 0001:0005657C       ExportedFunctions
 0001:00082E5C       ExtActns
 0001:00082A6C       ExtCtrls
 0001:00082CC8       ExtDlgs
 0001:00053EF0       ExtractDebugData
 0001:0000A4D4       ExtractFileDrive
 0001:0000A5A0       ExtractFileExt
 0001:0000A568       ExtractFileName
 0001:00006BB0       ExtractFileName
 0001:0000A4A0       ExtractFilePath
 0001:0000A624       ExtractFilePathNoDrive
 0001:00071740       ExtractGZipStream
 0001:00020E40       ExtractList
 0001:0000A6B0       ExtractRelativePath
 0001:000539D4       ExtractStr
 0001:000222A4       ExtractStringsEx
 0001:00059244       ExtractThreadByList
 0001:0003FDA0       ExtractValue
 0001:00035D74       EZip
 0001:00034A78       EZlib2
 0002:0000B9E0       fActive
 0002:00006E94       fActivePage
 0002:000087E0       FalseBoolStrs
 0002:0000B9FC       fBigFont
 0002:0000B9E4       fCaptionFont
 0002:0000C6E4       FClipboard
 0002:00000184       FCon1E18
 0002:0000B9D8       fDlgBack
 0001:00068AEC       FetchStr
 0002:0000B9EC       fFixedFont1
 0002:0000B9F0       fFixedFont2
 0001:0000A208       FileAge
 0001:0000A200       FileClose
 0001:0000A144       FileCreate
 0001:0000A168       FileCreate
 0001:0000A8E8       FileDateToDateTime
 0001:0000A270       FileExists
 0002:000071B4       FileFormats
 0002:0000000C       FileMode
 0001:00001D28       FileNOPProc
 0001:0000A0EC       FileOpen
 0001:0000A170       FileRead
 0002:000003F8       FilerSignature
 0001:0000A1C8       FileSeek
 0001:00005CCC       FileTimeToDosDateTime
 0001:00005CD4       FileTimeToLocalFileTime
 0001:0000A19C       FileWrite
 0001:00000CE8       FillAfterGap
 0001:00054C40       FillAttachedList
 0001:00000C94       FillBeforeGap
 0001:00000D80       FillerSizeAfterGap
 0001:00000D10       FillerSizeBeforeGap
 0001:00006444       FillRect
 0001:00050D08       FillThreadsCount
 0001:0000FDCC       Finalization
 0001:0000FFCC       Finalization
 0001:000879C4       Finalization
 0001:00006B38       Finalization
 0001:00086D40       Finalization
 0001:000107C0       Finalization
 0001:00086BD8       Finalization
 0001:000839DC       Finalization
 0001:00082F9C       Finalization
 0001:00082E64       Finalization
 0001:00082E0C       Finalization
 0001:00082DB4       Finalization
 0001:00082D50       Finalization
 0001:00082CE8       Finalization
 0001:00082C98       Finalization
 0001:00082C38       Finalization
 0001:00082B68       Finalization
 0001:00082AD4       Finalization
 0001:00082A9C       Finalization
 0001:00082A24       Finalization
 0001:00081854       Finalization
 0001:000805A8       Finalization
 0001:00080570       Finalization
 0001:00080538       Finalization
 0001:000984D8       Finalization
 0001:00080500       Finalization
 0001:000804C8       Finalization
 0001:00080490       Finalization
 0001:00080458       Finalization
 0001:00080420       Finalization
 0001:000803B0       Finalization
 0001:00099808       Finalization
 0001:00013120       Finalization
 0001:0001333C       Finalization
 0001:00013E48       Finalization
 0001:00013EA0       Finalization
 0001:0007FA2C       Finalization
 0001:0007F880       Finalization
 0001:0007F55C       Finalization
 0001:0007F524       Finalization
 0001:0007F4DC       Finalization
 0001:0007E4F4       Finalization
 0001:0007E4B4       Finalization
 0001:0007DD34       Finalization
 0001:0009AF10       Finalization
 0001:0007DC40       Finalization
 0001:0007D988       Finalization
 0001:0007D7A8       Finalization
 0001:00074C5C       Finalization
 0001:00074798       Finalization
 0001:00005840       Finalization
 0001:00005A70       Finalization
 0001:00005AE8       Finalization
 0001:0001DE70       Finalization
 0001:0001DFB4       Finalization
 0001:000A148C       Finalization
 0001:000208A4       Finalization
 0001:00025494       Finalization
 0001:00029B60       Finalization
 0001:00029C0C       Finalization
 0001:0002A140       Finalization
 0001:00008988       Finalization
 0001:00008CD4       Finalization
 0001:0004AA88       Finalization
 0001:000436FC       Finalization
 0001:000423D0       Finalization
 0001:0003DFD0       Finalization
 0001:0002B5F0       Finalization
 0001:0002B724       Finalization
 0001:0003DA08       Finalization
 0001:0002CE10       Finalization
 0001:00034A48       Finalization
 0001:00035544       Finalization
 0001:00035D44       Finalization
 0001:00035898       Finalization
 0001:000AD8EC       Finalization
 0001:000AE0C8       Finalization
 0001:000AE100       Finalization
 0001:00035BF0       Finalization
 0002:00008684       FinalizationProc
 0001:00004A34       FinalizeArray
 0001:00003340       FinalizeUnits
 0001:0009FC30       Find
 0001:00052FA0       FindBetterMatch
 0001:00004CEC       FindBS
 0001:00016114       FindClass
 0001:00004C74       FindClassHInstance
 0001:00005CDC       FindClose
 0001:0000A358       FindClose
 0001:0000027C       FindClose
 0001:00000C64       FindCommitted
 0001:00089C9C       FindControl
 0001:0009634C       FindControlAtPos
 0001:00012F78       FindCustomVariantType
 0001:00013030       FindCustomVariantType
 0001:0008B668       FindDragTarget
 0001:000639D0       FindEOFLine
 0001:000374F0       FindErrorMessage
 0001:00069318       FindException
 0001:0001A474       FindExistingComponent
 0001:0000A2E4       FindFirst
 0001:00000284       FindFirstFile
 0001:00005CE4       FindFirstFile
 0001:00005CEC       FindFirstFileA
 0001:00050FA4       FindFullPath
 0001:00053DE4       FindFunction
 0001:000A3614       FindGlobalComponent
 0001:00016500       FindGlobalComponent
 0002:000088B8       FindGlobalComponentProcs
 0001:0004B704       FindHandled
 0001:00004C4C       FindHInstance
 0001:000163A8       FindIdentToInt
 0001:00007698       FindLeakAddress
 0001:000078BC       FindLeakClassName
 0001:000075F0       FindLeakSons
 0001:0007398C       FindMainInstance
 0001:0000A280       FindMatchingFile
 0001:0004FFC4       FindModuleType
 0002:0000C6A4       FindMsg
 0001:00019604       FindNestedComponent
 0001:0000A334       FindNext
 0001:00005CF4       FindNextFile
 0001:0000754C       FindNextValidLeak
 0001:000266A4       FindParam
 0001:0009BE78       FindPopupControl
 0001:00010488       FindProc
 0001:00029D6C       FindProc
 0001:00050C54       FindProcess
 0001:00005CFC       FindResource
 0001:00005D04       FindResourceA
 0001:00004CC4       FindResourceHInstance
 0001:000AD140       FindScanline
 0001:00036C54       FindSelected
 0001:000A356C       FindTopMostWindow
 0001:0001B358       FindUniqueName
 0001:0008B634       FindVCLWindow
 0001:0000644C       FindWindow
 0001:000877A4       FindWinHelp
 0001:0004B6BC       FirstProc
 0002:0000BA08       FixedFontName1
 0002:0000BA0C       FixedFontName2
 0002:0000BA00       FixedFontSize
 0002:0000BC44       FixedTmpOptionsFile
 0001:0007AD64       FixupBitFields
 0002:0000777C       Flags
 0002:000087F0       FLanguages
 0001:0007F8B0       FlatSB
 0002:0000C578       FlatSB_EnableScrollBar
 0002:0000C584       FlatSB_GetScrollInfo
 0002:0000C588       FlatSB_GetScrollPos
 0002:0000C580       FlatSB_GetScrollRange
 0002:0000C590       FlatSB_SetScrollInfo
 0002:0000C58C       FlatSB_SetScrollPos
 0001:0007F5A0       FlatSB_SetScrollProp
 0002:0000C594       FlatSB_SetScrollRange
 0002:0000C57C       FlatSB_ShowScrollBar
 0002:0000B9F4       fLinkFont
 0002:0000B9F8       fLinkFont2
 0002:0000BB84       fListViewItems
 0002:00006004       FloatingPointOpcodes
 0001:0000B764       FloatToDecimal
 0001:0000BAA4       FloatToStr
 0001:0000B19C       FloatToText
 0001:0000B470       FloatToTextFmt
 0001:00001F8C       Flush
 0001:00005D0C       FlushInstructionCache
 0002:0000B9DC       fMemoBack
 0002:0000BB64       fMonitor
 0002:0000BB6C       fMonitorInfo
 0002:00000198       FMSecsPerDay
 0001:0000B098       FmtStr
 0002:00007798       FocusCount
 0002:00007794       FocusMessages
 0002:000070D0       FontCharsets
 0002:0000C510       FontManager
 0001:000711BC       ForceApplicationTermination
 0001:0002276C       ForceDirectoriesEx
 0001:000746E0       ForceUseConstant
 0001:000A35E8       ForegroundTask
 0002:0000C830       Form1
 0002:000001A0       Format
 0001:0000B084       Format
 0001:0000AC8C       FormatBuf
 0001:0000AC80       FormatClearStr
 0001:00068F38       FormatComplete
 0001:0000CD8C       FormatDateTime
 0001:0000AC04       FormatError
 0002:0000017C       FormatErrorStrs
 0001:0000BB04       FormatFloat
 0001:00005D14       FormatMessage
 0001:00029538       FormatProcName
 0001:0000AC5C       FormatVarToStr
 0001:000AD948       Forms
 0001:000023F8       FPower10
 0002:00007204       FPrinter
 0001:00006454       FrameRect
 0001:00007C08       FreeAllLeaks
 0001:0000F9AC       FreeAndNil
 0001:0004DB04       FreeClonedObject
 0001:000009D0       FreeCommitted
 0001:00000EF0       FreeCurAlloc
 0001:0008B728       FreeDeviceContext
 0001:0008B7E4       FreeDeviceContexts
 0001:0001DC3C       FreeIntConstList
 0001:00005D1C       FreeLibrary
 0001:0000028C       FreeLibrary
 0001:0007A8C0       FreeMemoryContexts
 0001:0001DD70       FreeObjectInstance
 0001:0004E83C       FreeOutOfMemoryCache
 0001:00005D3C       FreeResource
 0001:00061A44       FreeScreenshot
 0001:00000650       FreeSpace
 0001:0000F518       FreeTerminateProcs
 0001:0007FA64       FreeThemeLibrary
 0002:0000B758       FreezeThread
 0002:0000C744       FRichEditModule
 0002:0000BB68       fSendBmp
 0002:0000B618       FtpOpenFile
 0001:0003D434       FTPUploadFiles
 0002:0000B9E8       fVariableFont
 0001:00077C9C       GDICheck
 0001:00077BF4       GDIError
 0001:0005C9F8       GeneralDialogProc
 0001:0006EF08       GeneralRaise
 0001:0004C244       GeneralToRTF
 0001:00064B64       GenerateCustomWebFieldsString
 0001:00052250       GenerateHTML
 0001:000382A8       GenerateMultipartBoundary
 0001:0003C878       GenerateMultipartBoundary
 0001:00038378       GenerateRequestBody
 0001:0003C9B4       GenerateRequestBody
 0001:00001C34       Get8087CW
 0001:00005D44       GetACP
 0001:00066938       GetActiveControlClass
 0001:00066950       GetActiveControlText
 0001:00066858       GetActiveFormClass
 0001:000668A4       GetActiveFormText
 0001:00059A14       GetActiveMonitorData
 0001:0000645C       GetActiveWindow
 0001:00067640       GetAdapterInfo
 0001:00050CD4       GetAllocatedMemory
 0001:00053DC4       GetAndSetFunctionSize
 0001:000AAE14       GetAnimation
 0001:000671A8       GetApplicationName
 0001:0004FA68       GetApplicationRect
 0001:00066838       GetApplicationUpTime
 0001:0002A8A8       GetAsmSize
 0001:000809BC       GetAveCharSize
 0001:00057CD4       GetBaseOfStack
 0001:00006134       GetBitmapBits
 0001:000003D0       GetBlockDesc
 0001:0005F0F0       GetBottonWidth
 0001:0000613C       GetBrushOrgEx
 0001:00006938       GetBValue
 0001:00057BB0       GetCallStackByAddresses
 0001:0004E87C       GetCallStackDump
 0001:00006464       GetCapture
 0001:00089F64       GetCaptureControl
 0001:000160C0       GetClass
 0001:0000646C       GetClassInfo
 0001:00006474       GetClassName
 0001:0000647C       GetClassNameA
 0001:00006484       GetClientRect
 0001:0000648C       GetClipboardData
 0001:00079634       GetClipboardFormats
 0001:00006144       GetClipBox
 0001:0000036C       GetCmdShow
 0001:000999D8       GetColor
 0001:0004357C       GetColumnAlign
 0001:00043550       GetColumnCount
 0001:00082F3C       GetComCtlVersion
 0001:00000294       GetCommandLine
 0001:00005D54       GetCommandLine
 0001:0000081C       GetCommitted
 0001:000008AC       GetCommittedAt
 0001:00068994       GetCompanyName
 0001:000667DC       GetCompilationDate
 0001:0004BD18       GetCompleteTimeStr
 0001:00005D5C       GetComputerNameA
 0001:00090DCC       GetControlAtPos
 0001:0006E1F8       GetControlClass
 0001:0006E254       GetControlText
 0001:0000C224       GetCount
 0001:00005D4C       GetCPInfo
 0001:00034B24       GetCRC16
 0001:00034ADC       GetCRC32
 0001:0000A954       GetCurrentDir
 0001:0000029C       GetCurrentDirectory
 0001:0000614C       GetCurrentObject
 0001:00006154       GetCurrentPositionEx
 0001:00068C64       GetCurrentPrinterHandle
 0001:00005D64       GetCurrentProcess
 0001:00005D6C       GetCurrentProcessId
 0001:00057CDC       GetCurrentStackPointer
 0001:00071268       GetCurrentStackPointer
 0002:0000C65C       GetCurrentThemeName
 0001:00005D74       GetCurrentThread
 0001:00005D7C       GetCurrentThreadId
 0001:0000035C       GetCurrentThreadId
 0001:000068AC       GetCurrentTime
 0001:0004DB24       GetCurrentTopOfStack
 0001:000687BC       GetCurrentUserPrivileges
 0001:00006494       GetCursor
 0001:000AD150       GetCursorHeightMargin
 0001:0000649C       GetCursorPos
 0001:00007424       GetDataCaller
 0001:0000C250       GetDate
 0001:00005D84       GetDateFormat
 0001:0000CF1C       GetDateOrder
 0001:000064A4       GetDC
 0001:000064AC       GetDCEx
 0001:0000615C       GetDCOrgEx
 0001:000574B4       GetDebugDetail
 0001:000656D0       GetDebugInfoEx
 0001:000541E8       GetDebugInfosByAddr
 0001:00053BB0       GetDebugPartialInfo
 0001:00068B80       GetDefaultPrinter
 0001:0007D3B8       GetDefFontCharSet
 0001:000064B4       GetDesktopWindow
 0001:00006174       GetDeviceCaps
 0001:0005CE08       GetDialogState
 0001:00078BFC       GetDIB
 0001:00006164       GetDIBColorTable
 0001:0000616C       GetDIBits
 0001:00078B44       GetDIBSizes
 0001:00077E0C       GetDInColors
 0001:00005D8C       GetDiskFreeSpaceA
 0002:0000014C       GetDiskFreeSpaceEx
 0001:00066F5C       GetDiskInfo
 0001:000686C8       GetDisplayDPI
 0001:0006745C       GetDisplayMode
 0001:000064BC       GetDlgItem
 0001:0002C5A8       GetDNSList
 0001:00097604       GetDockAlign
 0001:0008A90C       GetDockSiteAtPos
 0001:0002C764       GetDomain
 0001:0002C8D0       GetDomainName
 0001:0008AC38       GetDropCtl
 0001:0006A140       GetDump
 0001:00002A70       GetDynaMethod
 0001:00069FC0       GetEAX
 0001:00069FF0       GetEBX
 0001:0006A020       GetECX
 0001:0006A0B0       GetEDI
 0001:00058C9C       GetEditText
 0001:0006A050       GetEDX
 0001:000561F4       GetEF
 0001:0004947C       GetEffectiveAddress
 0001:0006A110       GetEIP
 0001:0006A364       GetEmptySection
 0001:0000617C       GetEnhMetaFileBits
 0001:00006184       GetEnhMetaFileHeader
 0001:0000618C       GetEnhMetaFilePaletteEntries
 0001:000133AC       GetEnumName
 0001:00013484       GetEnumNameValue
 0001:000134D0       GetEnumValue
 0001:00005D94       GetEnvironmentVariableA
 0001:00021260       GetEnvVariable
 0001:0000D92C       GetEraNamesAndYearOffsets
 0001:0000CFB0       GetEraYearOffset
 0001:0006A080       GetESI
 0001:0006A0E0       GetESP
 0001:0004E86C       GetESP
 0001:000215FC       GetEurekaLogDir
 0001:00056AB8       GetEurekaLogModuleVersion
 0001:00066B4C       GetExceptionAddress
 0001:0000E280       GetExceptionClass
 0001:00066B34       GetExceptionDate
 0001:000665A4       GetExceptionMessage
 0001:00066B80       GetExceptionModuleName
 0001:00066C64       GetExceptionModuleVersion
 0001:0000E464       GetExceptionObject
 0001:00066CE8       GetExceptionType
 0001:00057DE8       GetExceptMessage
 0001:00005D9C       GetExitCodeProcess
 0001:00005DA4       GetExitCodeThread
 0001:00016048       GetFieldClassTable
 0001:000364F4       GetFieldValue
 0001:00005DAC       GetFileAttributes
 0001:00005DB4       GetFileAttributesA
 0001:0003C948       GetFileContents
 0001:00037484       GetFileContents
 0001:00079614       GetFileFormats
 0001:0003D3F8       GetFileSize
 0001:000507DC       GetFileSize
 0001:0000020C       GetFileSize
 0001:0002D590       GetFileSize
 0001:00000204       GetFileType
 0001:0000E6D4       GetFileVersion
 0001:00067B6C       GetFileVersionEx
 0001:00006054       GetFileVersionInfo
 0001:0000605C       GetFileVersionInfoA
 0001:00006064       GetFileVersionInfoSize
 0001:0000606C       GetFileVersionInfoSizeA
 0001:000064C4       GetFocus
 0001:000214B0       GetFolder
 0001:0007677C       GetFontData
 0001:000064CC       GetForegroundWindow
 0001:0000EF9C       GetFormatSettings
 0001:00006F84       GetFramesCallStackDump
 0001:00067050       GetFreeDisk
 0001:00066EDC       GetFreeMemory
 0001:00005DBC       GetFullPathName
 0001:000659B0       GetFunctionAsm
 0001:0002A9E0       GetFunctionSize
 0001:000224D8       GetGMT
 0001:00006934       GetGValue
 0001:00005DC4       GetHandleInformation
 0001:00075CE8       GetHashCode
 0001:000A838C       GetHelpInfo
 0001:0007E974       GetHelpSystem
 0001:000AABF8       GetHint
 0001:000AAC30       GetHintControl
 0001:0002A020       gethostbyname
 0001:0002A050       gethostname
 0001:000A132C       GetHotkey
 0001:0003CC84       GetHTTPResponse
 0001:00037B90       GetHTTPResponse
 0001:000064D4       GetIconInfo
 0001:00029870       GetImageNtHeaders
 0001:00067D60       GetIndexKeyName
 0001:00068B20       GetIniDefPrinter
 0001:0006EBE4       GetIntraWebExceptionType
 0001:000424BC       GetItemRect
 0001:0005BD2C       GetItemText
 0001:000064EC       GetKeyboardLayout
 0001:000064F4       GetKeyboardLayoutList
 0001:000064FC       GetKeyboardState
 0001:000026E4       GetKeyboardType
 0001:000064DC       GetKeyNameText
 0001:000064E4       GetKeyState
 0001:00066AE8       GetLanguageString
 0001:00006504       GetLastActivePopup
 0001:000958CC       GetLastChildZone
 0001:00005DCC       GetLastError
 0001:000002A4       GetLastError
 0001:0000764C       GetLeakCount
 0001:00036E60       GetListDefault
 0001:00036AE0       GetListValue
 0001:0000D6F0       GetLocaleChar
 0001:000669BC       GetLocaleDataA
 0001:0006697C       GetLocaleDataW
 0001:00005DDC       GetLocaleInfo
 0001:000002AC       GetLocaleInfo
 0001:00005DE4       GetLocaleInfoA
 0001:00005DEC       GetLocaleInfoW
 0001:0000D6A4       GetLocaleStr
 0001:00005DD4       GetLocalTime
 0001:00089F20       GetLongHint
 0001:00021ECC       GetLongNameFromShort
 0001:0001377C       GetLongStrProp
 0001:0004F8CC       GetMainWindow
 0001:00006194       GetMapMode
 0001:00035444       GetMD5
 0001:00066D90       GetMemInfo
 0001:000017AC       GetMemoryManager
 0001:0000650C       GetMenu
 0001:000A8314       GetMenuHelpContext
 0001:00006514       GetMenuItemCount
 0001:0000651C       GetMenuItemID
 0001:00006524       GetMenuItemInfo
 0001:0009E47C       GetMenuSize
 0001:0000652C       GetMenuState
 0001:00006534       GetMenuString
 0001:00013D20       GetMethodProp
 0001:00021E28       GetModifiedDate
 0001:0002D434       GetModifiedDate
 0001:00050394       GetModuleDescriptionAndVersion
 0001:000002B4       GetModuleFileName
 0001:00005DF4       GetModuleFileName
 0001:00005DFC       GetModuleFileNameA
 0001:00005968       GetModuleHandle
 0001:00005E04       GetModuleHandle
 0001:000002BC       GetModuleHandle
 0001:00005E0C       GetModuleHandleA
 0001:00050188       GetModulePath
 0001:00050264       GetModuleSize
 0001:00050B80       GetModulesList
 0001:000509F0       GetModulesWin9X
 0001:0005088C       GetModulesWinNT
 0001:000502F4       GetModuleVer
 0001:00054DA8       GetModule_ProcedureEvent
 0002:0000C540       GetMonitorInfo
 0002:0000C544       GetMonitorInfoA
 0002:0000C548       GetMonitorInfoW
 0001:00059C70       GetMonitorWorkAreaFromActiveWnd
 0001:00059C4C       GetMonitorWorkAreaFromWnd
 0001:00059B68       GetMonitorWorkAreaFromWndEx
 0001:0000D754       GetMonthDayNames
 0001:0002CAFC       GetMXBestRecord
 0001:0002CA34       GetMXRecord
 0001:0002CBEC       GetMXServerFromEmail
 0001:000679E8       GetNetworkData
 0001:0000653C       GetNextWindow
 0001:0000619C       GetObject
 0001:00007438       GetObjectCaller
 0001:00061120       GetOptimizedPalette
 0001:00036D3C       GetOptionsDefault
 0001:00008318       GetOptionsFromExeFile
 0001:000368E0       GetOptionsValue
 0001:000135A4       GetOrdProp
 0001:0004D558       GetOSBuild
 0001:00066B1C       GetOSCharset
 0001:00066B10       GetOSLanguage
 0001:0004D130       GetOSType
 0001:00066968       GetOSUpdate
 0001:0004E820       GetOutOfMemoryCache
 0001:00060CF8       GetPaletteColors
 0001:000061A4       GetPaletteEntries
 0001:0006674C       GetParameters
 0001:00001A88       GetParamStr
 0001:00006544       GetParent
 0001:000A37E0       GetParentForm
 0001:000516A8       GetParentProcessID
 0001:00058CF8       GetParentWnd
 0001:00056E08       GetPassword
 0001:000061AC       GetPixel
 0001:00068CDC       GetPrinterStr
 0001:00005E14       GetPriorityClass
 0001:00005E1C       GetPrivateProfileStringA
 0001:000002C4       GetProcAddress
 0001:00005E24       GetProcAddress
 0001:000514A4       GetProcessesList
 0001:00067278       GetProcessor
 0001:0005074C       GetProcessThreads
 0001:00005E2C       GetProfileStringA
 0001:0000654C       GetProp
 0001:00013534       GetPropInfo
 0001:00006FFC       GetRawCallStackDump
 0001:0000827C       GetRawOptions
 0001:00021D50       GetReadableSize
 0001:00006C38       GetReadableSize
 0001:00054550       GetRealFileName
 0001:000A3CA0       GetRealScrollPosition
 0001:00048E48       GetRefAddress
 0001:00048F84       GetRegName
 0001:00008234       GetResourceData
 0001:000529F0       GetResourceData
 0001:000999B8       GetRGBColor
 0001:00006930       GetRValue
 0001:00006554       GetScrollInfo
 0001:0000655C       GetScrollPos
 0001:00006564       GetScrollRange
 0001:00089EDC       GetShortHint
 0001:00013674       GetShortStrProp
 0001:0001370C       GetShortStrPropAsLongStr
 0001:00053194       GetSourceInfoByAddr
 0001:00000574       GetSpace
 0001:000005D8       GetSpaceAt
 0001:0009BF08       GetSpecialName
 0001:0006A2D4       GetStack
 0001:00067190       GetStartDate
 0001:000002CC       GetStartupInfo
 0001:00005E34       GetStartupInfoA
 0001:00005E3C       GetStdHandle
 0001:00000214       GetStdHandle
 0001:000061B4       GetStockObject
 0001:00005E44       GetStringTypeEx
 0001:000138AC       GetStrProp
 0001:0000656C       GetSubMenu
 0001:00053860       GetSymbolAddr
 0001:00006574       GetSysColor
 0001:0000657C       GetSysColorBrush
 0001:00005E4C       GetSystemDefaultLangID
 0001:00005E54       GetSystemInfo
 0001:00006584       GetSystemMenu
 0001:0000658C       GetSystemMetrics
 0002:0000C530       GetSystemMetrics
 0001:000061BC       GetSystemPaletteEntries
 0001:00005E5C       GetSystemTime
 0001:00067420       GetSystemUpTime
 0001:000362A8       GetTagValue
 0001:00005E64       GetTempPathA
 0001:000366D4       GetTextAreaValue
 0001:000061D4       GetTextExtentPoint
 0001:000061C4       GetTextExtentPoint32
 0001:000061CC       GetTextExtentPoint32A
 0001:00058A34       GetTextHeight
 0001:000061DC       GetTextMetrics
 0001:00058C18       GetTextWidth
 0002:0000C654       GetThemeAppProperties
 0002:0000C5C0       GetThemeBackgroundContentRect
 0002:0000C5C4       GetThemeBackgroundExtent
 0002:0000C5D4       GetThemeBackgroundRegion
 0002:0000C5F8       GetThemeBool
 0002:0000C5EC       GetThemeColor
 0002:0000C660       GetThemeDocumentationProperty
 0002:0000C600       GetThemeEnumValue
 0002:0000C620       GetThemeFilename
 0002:0000C608       GetThemeFont
 0002:0000C5FC       GetThemeInt
 0002:0000C614       GetThemeIntList
 0002:0000C610       GetThemeMargins
 0002:0000C5F0       GetThemeMetric
 0002:0000C5C8       GetThemePartSize
 0002:0000C604       GetThemePosition
 0002:0000C618       GetThemePropertyOrigin
 0002:0000C60C       GetThemeRect
 0002:0000C5F4       GetThemeString
 0002:0000C62C       GetThemeSysBool
 0002:0000C624       GetThemeSysColor
 0002:0000C628       GetThemeSysColorBrush
 0002:0000C634       GetThemeSysFont
 0002:0000C63C       GetThemeSysInt
 0002:0000C630       GetThemeSysSize
 0002:0000C638       GetThemeSysString
 0002:0000C5CC       GetThemeTextExtent
 0002:0000C5D0       GetThemeTextMetrics
 0001:00005E6C       GetThreadContext
 0001:000592DC       GetThreadData
 0001:000002D4       GetThreadLocale
 0001:00005E74       GetThreadLocale
 0001:0006EB6C       GetThreadParams
 0001:00005E7C       GetThreadPriority
 0001:00005E84       GetTickCount
 0001:0000C288       GetTime
 0001:00005994       GetTlsSize
 0001:00005BEC       GetTokenInformation
 0001:000AB3C4       GetTopMostWindows
 0001:0004E874       GetTopOfStack
 0001:0008A06C       GetTopParent
 0001:00006594       GetTopWindow
 0001:000670F0       GetTotalDisk
 0001:00066E5C       GetTotalMemory
 0001:000133A0       GetTypeData
 0001:00021574       GetUserApplicationsPath
 0001:00068980       GetUserEmail
 0001:00005BF4       GetUserNameA
 0001:00071C9C       GetValidMainWindow
 0001:00037DAC       GetValueFromIndex
 0001:00000364       GetVersion
 0001:00005E8C       GetVersion
 0001:00005E94       GetVersionEx
 0001:00050788       GetVersionNumber
 0001:00067F30       GetVideoCardStr
 0001:0002A4AC       GetVirtualMethod
 0001:00013918       GetWideStrProp
 0001:000137FC       GetWideStrPropAsLongStr
 0001:0000659C       GetWindow
 0001:0004F738       GetWindowClassName
 0001:000065A4       GetWindowDC
 0001:000065AC       GetWindowLong
 0001:0004F8EC       GetWindowName
 0001:000061EC       GetWindowOrgEx
 0001:000065B4       GetWindowPlacement
 0001:000065BC       GetWindowRect
 0001:00005E9C       GetWindowsDirectoryA
 0001:000065C4       GetWindowText
 0001:000065CC       GetWindowTextA
 0002:0000C648       GetWindowTheme
 0001:000065D4       GetWindowThreadProcessId
 0001:000065DC       GetWindowThreadProcessId
 0001:000061E4       GetWinMetaFileBits
 0001:00022920       GetWorkingFile
 0001:00005EA4       GlobalAddAtom
 0001:00005EAC       GlobalAlloc
 0001:000068C8       GlobalAllocPtr
 0001:00005EB4       GlobalDeleteAtom
 0001:00005EBC       GlobalFindAtom
 0002:000088BC       GlobalFixupList
 0001:0001974C       GlobalFixupReferences
 0001:00005EC4       GlobalFree
 0001:000068F4       GlobalFreePtr
 0001:00005ED4       GlobalHandle
 0001:00005ECC       GlobalLock
 0001:00005EDC       GlobalMemoryStatus
 0002:000088A0       GlobalNameSpace
 0001:00005EE4       GlobalReAlloc
 0001:000068D8       GlobalReAllocPtr
 0002:0000C044       GlobalSendValues
 0001:00005EEC       GlobalUnlock
 0002:0000B9BC       Global_AttachedFiles
 0002:0000B963       Global_CloseDialog
 0002:0000B9B0       Global_CurrentEvent
 0002:0000B9C4       Global_DataFields
 0002:0000B988       Global_ExceptionRecord
 0002:0000B960       Global_Execute
 0002:0000B961       Global_Handled
 0002:00006E8C       Global_IntoHandleException
 0002:0000B9CC       Global_IntraWebText
 0002:0000B9B8       Global_LastInitPassword
 0002:0000B9C8       Global_Module
 0002:0000B9B4       Global_Password
 0002:0000B962       Global_Retry
 0002:0000B9C0       Global_WebFields
 0002:0000B9D0       Global_WebTextID
 0001:0006EDB4       GoNotify
[...]
 16898 0001:00070F16 16899 0001:00070F19 16901 0001:00070F1C 16902 0001:00070F37
 16908 0001:00070F40 16909 0001:00070F45 16920 0001:00070F48 16921 0001:00070F64
 16922 0001:00070FAF 16923 0001:00070FB4 16924 0001:00070FBB 16925 0001:00071001
 16926 0001:00071030 16956 0001:00071130 16957 0001:00071133 16959 0001:00071141
 16960 0001:0007114C 16961 0001:00071159 16963 0001:00071170 16967 0001:00071174
 16968 0001:0007117B 16970 0001:0007117D 16971 0001:0007117E 16972 0001:0007117F
 16973 0001:00071181 16974 0001:00071184 16975 0001:00071189 16976 0001:0007118A
 16977 0001:0007118B 16978 0001:00071190 16979 0001:00071192 16980 0001:00071193
 16981 0001:00071194 16982 0001:00071196 16983 0001:00071198 16984 0001:0007119A
 16985 0001:0007119C 16986 0001:0007119E 16987 0001:000711A4 16988 0001:000711A6
 16989 0001:000711A8 16990 0001:000711AA 16991 0001:000711AF 16992 0001:000711B4
 16995 0001:000711B5 16998 0001:000711BA 17163 0001:000711BC 17164 0001:000711C1
 17165 0001:000711C8 17167 0001:000711CC 17168 0001:000711D3 17169 0001:000711DC
 17171 0001:000711EB 17173 0001:000711FA 17331 0001:00071200 17332 0001:00071207
 17333 0001:00071211 17334 0001:0007121F 17336 0001:0007123D 17338 0001:00071252
 17359 0001:00071258 17360 0001:0007125D 17364 0001:00071260 17365 0001:00071265
 17393 0001:00071268 17394 0001:0007126A 17395 0001:0007126D 17397 0001:00071270
 17398 0001:0007127E 17400 0001:00071282 17401 0001:0007128C 17402 0001:0007129A
 17404 0001:000712A3 17405 0001:000712B7 17407 0001:000712BB 17408 0001:000712CD
 17412 0001:000712D7 17421 0001:00071313 17423 0001:0007131E 17424 0001:00071324
 17426 0001:0007132A 17427 0001:00071338 17429 0001:0007134C 17431 0001:00071360
 17432 0001:00071364 17434 0001:0007136B 17438 0001:000713A0 17440 0001:000713B5
 17466 0001:000713F4 17467 0001:000713FA 17468 0001:00071417 17469 0001:00071421
 17474 0001:00071424 17475 0001:0007142A 17476 0001:00071447 17477 0001:00071451
 17483 0001:00071454 17484 0001:0007145D 17487 0001:00071483 17488 0001:0007148D
 17489 0001:0007149B 17491 0001:000714B2 17494 0001:000714C1 17497 0001:000714C8
 17498 0001:000714CE 17500 0001:000714FA 17501 0001:00071504 17506 0001:00071508
 17507 0001:0007150E 17508 0001:0007152B 17509 0001:00071535 17512 0001:00071538
 17513 0001:0007153E 17515 0001:00071555 17516 0001:0007156F 17518 0001:0007157C
 17519 0001:00071586 17528 0001:0007158C 17529 0001:000715A1 17530 0001:000715A9
 17532 0001:000715AF 17533 0001:000715C7 17535 0001:000715CB 17536 0001:000715DC
 17539 0001:000715F3 17540 0001:0007160B 17541 0001:0007160F 17543 0001:0007162D
 17544 0001:0007163C 17545 0001:00071651 17546 0001:00071675 17557 0001:000716C0
 17558 0001:000716D4 17560 0001:00071728 17574 0001:00071740 17575 0001:00071760
 17576 0001:0007176F 17578 0001:00071775 17579 0001:00071783 17581 0001:00071799
 17582 0001:000717B3 17583 0001:000717BE 17584 0001:000717CC 17585 0001:000717E1
 17586 0001:000717E9 17588 0001:000717F5 17589 0001:00071807 17590 0001:00071815
 17592 0001:00071830 17595 0001:00071850 17597 0001:00071880 17599 0001:00071888
 17600 0001:000718A8 17602 0001:000718B7 17603 0001:000718C6 17604 0001:000718D4
 17605 0001:000718E2 17606 0001:000718F0 17607 0001:000718FF 17608 0001:00071917
 17609 0001:0007192E 17612 0001:0007194C 17613 0001:00071976 17615 0001:00071983
 17616 0001:00071992 17617 0001:000719A0 17618 0001:000719BC 17619 0001:000719C8
 17620 0001:000719D7 17621 0001:000719E5 17622 0001:000719F0 17623 0001:000719FC
 17624 0001:00071A0D 17626 0001:00071A35 17629 0001:00071A52 17632 0001:00071A62
 17635 0001:00071A7C 17638 0001:00071AA2 17641 0001:00071AB2 17642 0001:00071ADD
 17650 0001:00071AF0 17651 0001:00071B13 17654 0001:00071B34 17655 0001:00071B38
 17658 0001:00071B4F 17659 0001:00071B68 17661 0001:00071B9A 17666 0001:00071BA4
 17667 0001:00071BAA 17668 0001:00071BC4 17669 0001:00071BCE 17675 0001:00071BD4
 17676 0001:00071BDB 17678 0001:00071BDD 17679 0001:00071BE2 17680 0001:00071BE4
 17682 0001:00071BE6 17683 0001:00071BEA 17684 0001:00071BEF 17685 0001:00071BF1
 17687 0001:00071BF3 17688 0001:00071BF8 17689 0001:00071BFE 17690 0001:00071BFF
 17691 0001:00071C05 17692 0001:00071C07 17693 0001:00071C09 17694 0001:00071C0B
 17695 0001:00071C11 17696 0001:00071C13 17697 0001:00071C15 17698 0001:00071C17
 17699 0001:00071C1C 17700 0001:00071C1E 17701 0001:00071C23 17702 0001:00071C25
 17703 0001:00071C26 17704 0001:00071C2B 17705 0001:00071C2C 17708 0001:00071C31
 17709 0001:00071C37 17714 0001:00071C38 17715 0001:00071C4A 17716 0001:00071C6C
 17732 0001:00071C70 17733 0001:00071C7A 17736 0001:00071C7E 17737 0001:00071C84
 17734 0001:00071C85 17739 0001:00071C95 17742 0001:00071C9C 17744 0001:00071CA3
 17745 0001:00071CAF 17746 0001:00071CB9 17747 0001:00071CCB 17749 0001:00071CD0
 17751 0001:00071CEE 17754 0001:00071CF0 17757 0001:00071CFE 17759 0001:00071D17
 17762 0001:00071D20 17763 0001:00071D31 17765 0001:00071D33 17766 0001:00071D4C
 17767 0001:00071D6B 17769 0001:00071D73 17770 0001:00071D7E 17771 0001:00071D8A
 17772 0001:00071D98 17773 0001:00071DAD 17774 0001:00071DBB 17775 0001:00071DC4
 17778 0001:00071DFB 17780 0001:00071E1C 17783 0001:00071E2A 17785 0001:00071E6E
 17789 0001:00071E8B 17792 0001:00071EA8 17793 0001:00071EB3 17796 0001:00071EC7
 17797 0001:00071EF1 17802 0001:00071EF8 17803 0001:00071EFB 17807 0001:00071F16
 17808 0001:00071F1D 17809 0001:00071F2B 17812 0001:00071F48 17814 0001:00071F4F
 17815 0001:00071F60 17816 0001:00071F69 17817 0001:00071F75 17819 0001:00071F8C
 17821 0001:00071F9B 17825 0001:00071FA0 17827 0001:00071FB2 17828 0001:00071FBC
 17829 0001:00071FCA 17831 0001:00071FDC 17832 0001:00071FEC 17833 0001:00071FF6
 17834 0001:00071FFD 17841 0001:00072000 17842 0001:00072006 17844 0001:0007200F
 17846 0001:00072017 17847 0001:00072020 17848 0001:0007202A 17850 0001:00072031
 17854 0001:00072039 17855 0001:00072042 17858 0001:00072048 17859 0001:0007204E
 17861 0001:00072057 17863 0001:0007205C 17864 0001:00072065 17865 0001:00072072
 17867 0001:00072079 17871 0001:00072081 17872 0001:0007208A 17876 0001:00072090
 17877 0001:00072095 17881 0001:00072098 17882 0001:0007209D 17891 0001:000720A0
 17892 0001:000720C4 17895 0001:00072100 17896 0001:00072117 17897 0001:0007211E
 17901 0001:0007212D 17902 0001:00072144 17906 0001:00072153 17907 0001:0007216A
 17911 0001:00072179 17912 0001:00072190 17916 0001:0007219F 17917 0001:000721B6
 17921 0001:000721C5 17922 0001:000721DC 17926 0001:000721EB 17927 0001:00072202
 17928 0001:0007221F 17932 0001:00072226 17933 0001:0007223D 17937 0001:00072249
 17938 0001:00072260 17942 0001:0007226C 17943 0001:00072283 17946 0001:000722BC
 18049 0001:000722D0 18050 0001:000722EB 18051 0001:000722F9 18052 0001:00072302
 18054 0001:0007230C 18055 0001:00072320 18052 0001:00072323 18056 0001:00072343
 18069 0001:0007234C 18070 0001:00072364 18073 0001:00072371 18075 0001:0007237F
 18076 0001:00072386 18078 0001:0007239D 18082 0001:000723B8 18083 0001:000723C6
 18084 0001:000723CD 18086 0001:000723E4 18091 0001:000723FF 18092 0001:0007240D
 18093 0001:00072414 18094 0001:0007241B 18096 0001:00072427 18097 0001:0007242E
 18099 0001:0007243F 18100 0001:00072458 18101 0001:00072461 18103 0001:00072469
 18106 0001:0007247A 18107 0001:00072486 18109 0001:000724A4 18111 0001:000724B7
 18112 0001:000724C8 18113 0001:000724DB 18114 0001:000724EE 18115 0001:000724FF
 18116 0001:00072509 18117 0001:00072513 18118 0001:0007251D 18119 0001:00072527
 18120 0001:00072536 18121 0001:0007253D 18123 0001:0007255F 18125 0001:0007256D
 18126 0001:00072576 18127 0001:0007257E 18129 0001:00072586 18130 0001:00072597
 18131 0001:000725A8 18132 0001:000725B9 18133 0001:000725BE 18134 0001:000725CF
 18135 0001:000725E0 18136 0001:000725F1 18138 0001:00072605 18140 0001:00072636
 18148 0001:000726AC 18149 0001:000726D3 18152 0001:000726E0 18153 0001:000726E4
 18154 0001:000726F2 18156 0001:000726FA 18157 0001:00072706 18158 0001:00072719
 18159 0001:00072725 18162 0001:00072733 18164 0001:00072739 18165 0001:0007273D
 18167 0001:00072741 18168 0001:0007274D 18171 0001:0007275A 18172 0001:0007275E
 18173 0001:00072781 18174 0001:00072787 18175 0001:0007278D 18177 0001:00072799
 18154 0001:0007279D 18179 0001:000727A6 18180 0001:000727AF 18182 0001:000727B8
 18183 0001:000727C7 18185 0001:000727D4 18186 0001:000727E2 18188 0001:000727F8
 18190 0001:00072807 18198 0001:0007282C 18199 0001:0007284E 18201 0001:0007285B
 18203 0001:00072877 18207 0001:00072885 18209 0001:0007288C 18212 0001:000728AB
 18216 0001:00072928 18218 0001:00072936 18220 0001:0007296D 18223 0001:0007298C
 18228 0001:0007299D 18229 0001:000729A7 18232 0001:000729AE 18233 0001:000729BC
 18234 0001:000729C3 18235 0001:000729CD 18236 0001:000729D4 18237 0001:000729DE
 18238 0001:000729E5 18239 0001:000729EF 18240 0001:000729F6 18241 0001:00072A00
 18242 0001:00072A0A 18243 0001:00072A14 18244 0001:00072A1E 18245 0001:00072A28
 18246 0001:00072A2F 18247 0001:00072A39 18248 0001:00072A40 18249 0001:00072A4A
 18250 0001:00072A51 18251 0001:00072A5B 18252 0001:00072A62 18253 0001:00072A6C
 18254 0001:00072A73 18255 0001:00072A7D 18256 0001:00072A84 18257 0001:00072A8E
 18258 0001:00072A95 18259 0001:00072A9F 18260 0001:00072AA6 18261 0001:00072AB0
 18262 0001:00072AB7 18263 0001:00072AC2 18264 0001:00072AD1 18267 0001:00072AD6
 18268 0001:00072ADF 18271 0001:00072AE8 18272 0001:00072AF2 18273 0001:00072AFC
 18274 0001:00072B06 18275 0001:00072B10 18276 0001:00072B1A 18277 0001:00072B24
 18278 0001:00072B2E 18279 0001:00072B38 18280 0001:00072B42 18281 0001:00072B4C
 18282 0001:00072B56 18283 0001:00072B60 18284 0001:00072B6A 18285 0001:00072B74
 18286 0001:00072B7E 18287 0001:00072B88 18288 0001:00072B92 18289 0001:00072B9C
 18290 0001:00072BA6 18291 0001:00072BB0 18292 0001:00072BBA 18293 0001:00072BC4
 18294 0001:00072BCE 18295 0001:00072BD8 18296 0001:00072BE2 18297 0001:00072BEC
 18298 0001:00072BF6 18299 0001:00072C00 18300 0001:00072C0A 18301 0001:00072C14
 18303 0001:00072C19 18306 0001:00072C32 18311 0001:00072C4D 18313 0001:00072C5B
 18314 0001:00072C62 18316 0001:00072C79 18320 0001:00072C94 18321 0001:00072CA2
 18322 0001:00072CA9 18324 0001:00072CC0 18329 0001:00072CFD 18333 0001:00072DB4
 18334 0001:00072DCB 18338 0001:00072DCC 18339 0001:00072DE3 18346 0001:00072DE4
 18347 0001:00072DEE 18350 0001:00072DF0 18352 0001:00072E03 18353 0001:00072E0E
 18354 0001:00072E19 18357 0001:00072E24 18358 0001:00072E2F 18361 0001:00072E3A
 18362 0001:00072E56 18363 0001:00072E7E 18382 0001:00072E84 18383 0001:00072EA1
 18385 0001:00072EBB 18386 0001:00072EC2 18387 0001:00072EC4 18388 0001:00072ED8
 18389 0001:00072EDF 18391 0001:00072EE3 18393 0001:00072EF9 18395 0001:00072F00
 18397 0001:00072F0E 18399 0001:00072F12 18400 0001:00072F41 18403 0001:00072F46
 18404 0001:00072F6A 18405 0001:00072F76 18406 0001:00072F86 18409 0001:00072F8A
 18410 0001:00072FB7 18425 0001:00072FC0 18429 0001:00072FC4 18430 0001:00072FCB
 18431 0001:00072FD0 18436 0001:00072FD4 18437 0001:00072FDB 18439 0001:00072FF8
 18441 0001:00072FFD 18443 0001:00073002 18444 0001:00073003 18445 0001:00073006
 18447 0001:00073009 18448 0001:00073019 18453 0001:00073020 18454 0001:00073027
 18459 0001:00073055 18461 0001:0007305A 18462 0001:0007305B 18463 0001:0007305E
 18465 0001:00073061 18466 0001:00073071 18471 0001:00073078 18472 0001:0007307E
 18473 0001:0007308D 18474 0001:0007309B 18476 0001:000730C0 18478 0001:000730D3
 18483 0001:000730D8 18484 0001:000730DF 18486 0001:000730FC 18488 0001:00073101
 18490 0001:00073106 18491 0001:00073107 18492 0001:0007310A 18494 0001:0007310D
 18495 0001:0007311D 18507 0001:00073124 18508 0001:0007312D 18511 0001:00073134
 18512 0001:00073143 18513 0001:00073151 18514 0001:0007315B 18515 0001:00073161
 18517 0001:0007316A 18519 0001:00073175 18520 0001:0007317F 18521 0001:00073185
 18523 0001:0007318E 18525 0001:00073199 18526 0001:000731A3 18527 0001:000731A9
 18529 0001:000731B2 18531 0001:000731BD 18534 0001:000731C7 18538 0001:000731CE
 18540 0001:000731DD 18541 0001:000731E7 18531 0001:000731E8 18543 0001:000731EB
 18546 0001:000731F5 18547 0001:0007320F 18548 0001:00073220 18543 0001:00073221
 18550 0001:00073231 18552 0001:00073241 18563 0001:00073248 18565 0001:0007324B
 18566 0001:00073251 18569 0001:00073258 18571 0001:0007326B 18572 0001:00073281
 18573 0001:0007328E 18574 0001:000732A9 18578 0001:000732BE 18579 0001:000732CB
 18583 0001:000732D0 18584 0001:000732D7 18585 0001:000732DD 18587 0001:000732E0
 18588 0001:000732E6 18590 0001:000732ED 18592 0001:000732F0 18602 0001:000732F8
 18604 0001:000732F9 18596 0001:000732FF 18609 0001:0007330C 18612 0001:00073315
 18613 0001:00073320 18615 0001:00073339 18616 0001:00073349 18619 0001:00073356
 18621 0001:00073359 18631 0001:00073362 18633 0001:00073363 18625 0001:0007336A
 18638 0001:00073377 18641 0001:00073380 18642 0001:0007338C 18644 0001:000733A6
 18646 0001:000733B2 18656 0001:000733B8 18657 0001:000733D3 18658 0001:000733E0
 18659 0001:000733FC 18660 0001:00073427 18661 0001:00073450 18663 0001:000734A0
 18673 0001:000734BE 18697 0001:000734D9 18713 0001:000734F4 18724 0001:00073501
 18727 0001:00073512 18734 0001:00073523 18738 0001:0007353E 18744 0001:00073559
 18747 0001:0007355E 18751 0001:0007357E 18760 0001:0007359E 18761 0001:0007359F
 18763 0001:000735AC 18768 0001:000735CC 18781 0001:000735E7 18786 0001:00073602
 18787 0001:0007360B 18792 0001:00073626 18794 0001:00073634 18797 0001:00073671
 18801 0001:00073938 18802 0001:00073952 18805 0001:00073954 18806 0001:00073957
 18807 0001:00073968 18810 0001:0007396C 18814 0001:0007396F 18816 0001:00073976
 18845 0001:00073978 18846 0001:0007397B 18848 0001:00073982 18849 0001:00073989
 18854 0001:0007398C 18855 0001:00073991 18857 0001:000739AC 18858 0001:000739B6
 18859 0001:000739C4 18860 0001:000739C9 18862 0001:000739D9 18865 0001:00073A07
 18866 0001:00073A1D 18868 0001:00073A24 18860 0001:00073A25 18870 0001:00073A35
 18872 0001:00073A47 18887 0001:00073A4C 18888 0001:00073A53 18889 0001:00073A66
 18890 0001:00073A74 18892 0001:00073A8B 18894 0001:00073A9B 18896 0001:00073AA0
 18897 0001:00073ABD 18898 0001:00073AC1 18900 0001:00073ADE 18901 0001:00073AED
 18902 0001:00073AFB 18903 0001:00073B13 18905 0001:00073B27 18906 0001:00073B39
 18907 0001:00073B3C 18908 0001:00073B41 18909 0001:00073B55 18911 0001:00073B68
 18913 0001:00073B9D 18917 0001:00073BA4 18918 0001:00073BB8 18920 0001:00073BBC
 18921 0001:00073BC8 18923 0001:00073BCC 18924 0001:00073BEB 18925 0001:00073C09
 18927 0001:00073C13 18929 0001:00073C1E 18932 0001:00073C48 18945 0001:00073C77
 18947 0001:00073C7E 18949 0001:00073C85 18950 0001:00073C8C 18951 0001:00073C98
 18952 0001:00073C9F 18954 0001:00073CB4 18958 0001:00073CBB 18959 0001:00073CC2
 18960 0001:00073CC9 18961 0001:00073CD0 18962 0001:00073CD7 18963 0001:00073CDE
 18964 0001:00073CE5 18965 0001:00073CEC 18966 0001:00073CF3 18967 0001:00073D0A
 18968 0001:00073D21 18969 0001:00073D28 18970 0001:00073D32 18971 0001:00073D39
 18972 0001:00073D48 18973 0001:00073D4F 18974 0001:00073D60 18975 0001:00073D6A
 18977 0001:00073D71 18978 0001:00073D7B 18979 0001:00073D85 18981 0001:00073D8F
 18983 0001:00073D94 18986 0001:00073D9D 18989 0001:00073DA2 18991 0001:00073DB0
 18992 0001:00073DB7 18996 0001:00073DBC 18997 0001:00073DCD 18999 0001:00073DDE
 19000 0001:00073DF7 19001 0001:00073E00 19003 0001:00073E08 19041 0001:00073E1B
 19043 0001:00073E20 19044 0001:00073E31 19045 0001:00073E42 19046 0001:00073E53
 19047 0001:00073E64 19053 0001:00073E75 19054 0001:00073E7C 19055 0001:00073E88
 19056 0001:00073E8F 19057 0001:00073E96 19058 0001:00073EA0 19059 0001:00073EA7
 19060 0001:00073EAE 19063 0001:00073ED0 19064 0001:00073EE3 19066 0001:00073EF1
 19067 0001:00073EFA 19068 0001:00073F02 19071 0001:00073F0A 19072 0001:00073F0F
 19073 0001:00073F19 19074 0001:00073F23 19076 0001:00073F34 19077 0001:00073F45
 19078 0001:00073F4A 19079 0001:00073F51 19080 0001:00073F5B 19081 0001:00073F62
 19082 0001:00073F69 19083 0001:00073F70 19084 0001:00073F77 19085 0001:00073F7E
 19087 0001:00073F85 19088 0001:00073F8C 19089 0001:00073F93 19091 0001:00073F9A
 19093 0001:00073FA1 19096 0001:00073FA9 19098 0001:00073FB3 19100 0001:00073FCD
 19101 0001:00073FD9 19102 0001:00073FE4 19103 0001:00073FF0 19105 0001:00073FFB
 19108 0001:00074000 19114 0001:0007404D 19120 0001:0007409A 19126 0001:000740E7
 19127 0001:000740FC 19129 0001:00074105 19143 0001:0007411E 19149 0001:0007416B
 19155 0001:000741B8 19161 0001:00074205 19162 0001:0007420E 19164 0001:00074213
 19165 0001:0007421C 19167 0001:00074221 19169 0001:0007422F 19170 0001:00074234
 19174 0001:0007425E 19176 0001:0007426B 19179 0001:0007427F 19180 0001:00074288
 19182 0001:000742B0 19186 0001:000742EC 19190 0001:000742F3 19192 0001:000742FC
 19193 0001:00074301 19197 0001:00074330 19204 0001:00074404 19205 0001:00074418
 19206 0001:00074426 19208 0001:00074439 19209 0001:00074443 19211 0001:0007444D
 19212 0001:00074460 19214 0001:00074467 19215 0001:00074471 19216 0001:00074478
 19217 0001:00074482 19218 0001:00074489 19219 0001:00074493 19220 0001:0007449A
 19221 0001:000744A4 19222 0001:000744AB 19223 0001:000744B5 19225 0001:000744BC
 19226 0001:000744C1 19228 0001:000744CC 19230 0001:000744DE 19231 0001:000744EB
 19233 0001:000744F8 19235 0001:00074501 19236 0001:00074514 19241 0001:0007451B
 19242 0001:00074524 19244 0001:00074533 19245 0001:0007453D 19246 0001:00074544
 19247 0001:0007454E 19248 0001:00074555 19249 0001:0007455F 19251 0001:00074566
 19252 0001:00074570 19253 0001:0007457A 19254 0001:00074584 19255 0001:0007458E
 19258 0001:00074595 19260 0001:0007459E 19261 0001:000745AA 19262 0001:000745B4
 19265 0001:000745C7 19266 0001:000745D1 19267 0001:000745D8 19268 0001:000745E2
 19269 0001:000745E9 19270 0001:000745F3 19272 0001:000745FA 19273 0001:0007460A
 19274 0001:0007461B 19275 0001:0007462B 19277 0001:0007463C 19278 0001:0007464B
 19285 0001:00074652 19287 0001:0007465B 19288 0001:00074666 19289 0001:00074670
 19290 0001:0007467A 19298 0001:00074681 19299 0001:00074686 19301 0001:0007469A
 19302 0001:000746A4 19303 0001:000746AB 19305 0001:000746DA 19352 0001:000746E0
 19354 0001:000746F3 19355 0001:000746F8 19356 0001:000746FF 19358 0001:00074703
 19359 0001:00074710 19361 0001:0007473B 19370 0001:00074784 19381 0001:00074798
 19382 0001:000747C4 19384 0001:00074934 19374 0001:00074954 19375 0001:00074978
 19376 0001:00074987 19377 0001:0007498C 19378 0001:0007499B 19380 0001:000749B5

Line numbers for email_u(email_u.pas) segment .text

    46 0001:000ADB90    47 0001:000ADBC3    48 0001:000ADBD1    50 0001:000ADBD5
    52 0001:000ADBE4    53 0001:000ADBE8    56 0001:000ADBF5    58 0001:000ADC09
    59 0001:000ADC0F    61 0001:000ADC1C    63 0001:000ADC2D    64 0001:000ADC48
    65 0001:000ADC57    61 0001:000ADC58    69 0001:000ADC5B    71 0001:000ADC74
    72 0001:000ADC7A    74 0001:000ADC87    76 0001:000ADC98    77 0001:000ADCBD
    78 0001:000ADCCC    74 0001:000ADCCD    81 0001:000ADCD0    82 0001:000ADD2E
    84 0001:000ADD3B    85 0001:000ADDD0    87 0001:000ADDDA    89 0001:000ADDF9
    90 0001:000ADDFB    92 0001:000ADE60   101 0001:000ADED8   102 0001:000ADEF3
   104 0001:000ADF0D   105 0001:000ADF5D   108 0001:000ADF67   109 0001:000ADF9B
   113 0001:000ADFD8   114 0001:000ADFF4   115 0001:000AE00D   116 0001:000AE033
   119 0001:000AE03C   120 0001:000AE054   122 0001:000AE073   123 0001:000AE080
   126 0001:000AE08F   127 0001:000AE0C1   129 0001:000AE0F8   129 0001:000AE0FF

Line numbers for email_P(D:\pratik Assignment\email validation\email_P.dpr) segment .text

    10 0001:000AE3A8    11 0001:000AE3B8    12 0001:000AE3C4    13 0001:000AE3DC
    14 0001:000AE3E8

Bound resource files

C:\Program Files\EurekaLab\EurekaLog 6\Delphi7\DIALOG.RES
c:\program files\borland\delphi7\Lib\Buttons.res
c:\program files\borland\delphi7\Lib\ExtDlgs.res
c:\program files\borland\delphi7\Lib\Controls.res
email_u.dfm
email_P.res
email_P.drf


Program entry point at 0001:000AE3A8
