
 Start         Length     Name                   Class
 0001:00000000 000AF790H .text                   CODE
 0002:00000000 00007D4CH .data                   DATA
 0002:00007D4C 00004839H .bss                    BSS


Detailed map of segments

 0001:00000000 00005967 C=CODE     S=.text    G=(none)   M=System   ACBP=A9
 0001:00005968 00000140 C=CODE     S=.text    G=(none)   M=SysInit  ACBP=A9
 0001:00005AA8 00000078 C=CODE     S=.text    G=(none)   M=Types    ACBP=A9
 0001:00005B20 00001050 C=CODE     S=.text    G=(none)   M=Windows  ACBP=A9
 0001:00006B70 00001E63 C=CODE     S=.text    G=(none)   M=ELeaks   ACBP=A9
 0001:000089D4 00000338 C=CODE     S=.text    G=(none)   M=SysConst ACBP=A9
 0001:00008D0C 00007428 C=CODE     S=.text    G=(none)   M=SysUtils ACBP=A9
 0001:00010134 00000038 C=CODE     S=.text    G=(none)   M=Messages ACBP=A9
 0001:0001016C 000007FB C=CODE     S=.text    G=(none)   M=VarUtils ACBP=A9
 0001:00010968 00002A42 C=CODE     S=.text    G=(none)   M=Variants ACBP=A9
 0001:000133AC 00000130 C=CODE     S=.text    G=(none)   M=RTLConsts ACBP=A9
 0001:000134DC 00000B2C C=CODE     S=.text    G=(none)   M=TypInfo  ACBP=A9
 0001:00014008 00000038 C=CODE     S=.text    G=(none)   M=ActiveX  ACBP=A9
 0001:00014040 0000A0DA C=CODE     S=.text    G=(none)   M=Classes  ACBP=A9
 0001:0001E11C 00000038 C=CODE     S=.text    G=(none)   M=ETypes   ACBP=A9
 0001:0001E154 00002944 C=CODE     S=.text    G=(none)   M=EConsts  ACBP=A9
 0001:00020A98 00004C08 C=CODE     S=.text    G=(none)   M=ECore    ACBP=A9
 0001:000256A0 000046CC C=CODE     S=.text    G=(none)   M=EDebug   ACBP=A9
 0001:00029D6C 00000040 C=CODE     S=.text    G=(none)   M=ShellAPI ACBP=A9
 0001:00029DAC 00000534 C=CODE     S=.text    G=(none)   M=EWinSock ACBP=A9
 0001:0002A2E0 000014FC C=CODE     S=.text    G=(none)   M=EHook    ACBP=A9
 0001:0002B7DC 000000E8 C=CODE     S=.text    G=(none)   M=ELang    ACBP=A9
 0001:0002B8C4 00001740 C=CODE     S=.text    G=(none)   M=ESockets ACBP=A9
 0001:0002D004 00007BE4 C=CODE     S=.text    G=(none)   M=EZlib2   ACBP=A9
 0001:00034BE8 00000AFC C=CODE     S=.text    G=(none)   M=EHash    ACBP=A9
 0001:000356E4 00000354 C=CODE     S=.text    G=(none)   M=EEncrypt ACBP=A9
 0001:00035A38 00000358 C=CODE     S=.text    G=(none)   M=EBase64  ACBP=A9
 0001:00035D90 00000154 C=CODE     S=.text    G=(none)   M=EZip     ACBP=A9
 0001:00035EE4 00007CE4 C=CODE     S=.text    G=(none)   M=EWebTools ACBP=A9
 0001:0003DBC8 000005A8 C=CODE     S=.text    G=(none)   M=EXMLBuilder ACBP=A9
 0001:0003E170 0000440C C=CODE     S=.text    G=(none)   M=ELogManager ACBP=A9
 0001:0004257C 00001320 C=CODE     S=.text    G=(none)   M=EListView ACBP=A9
 0001:0004389C 000073F8 C=CODE     S=.text    G=(none)   M=EDisAsm  ACBP=A9
 0001:0004AC94 00029EA8 C=CODE     S=.text    G=(none)   M=ExceptionLog ACBP=A9
 0001:00074B3C 000002C8 C=CODE     S=.text    G=(none)   M=Consts   ACBP=A9
 0001:00074E04 00008CE3 C=CODE     S=.text    G=(none)   M=Graphics ACBP=A9
 0001:0007DAE8 00000048 C=CODE     S=.text    G=(none)   M=Math     ACBP=A9
 0001:0007DB30 000002B8 C=CODE     S=.text    G=(none)   M=Contnrs  ACBP=A9
 0001:0007DDE8 000000F4 C=CODE     S=.text    G=(none)   M=CommCtrl ACBP=A9
 0001:0007DEDC 00000787 C=CODE     S=.text    G=(none)   M=MultiMon ACBP=A9
 0001:0007E664 00000038 C=CODE     S=.text    G=(none)   M=Imm      ACBP=A9
 0001:0007E69C 00000FF8 C=CODE     S=.text    G=(none)   M=HelpIntfs ACBP=A9
 0001:0007F694 00000038 C=CODE     S=.text    G=(none)   M=WinSpool ACBP=A9
 0001:0007F6CC 00000044 C=CODE     S=.text    G=(none)   M=Printers ACBP=A9
 0001:0007F710 0000031F C=CODE     S=.text    G=(none)   M=FlatSB   ACBP=A9
 0001:0007FA30 000001A4 C=CODE     S=.text    G=(none)   M=SyncObjs ACBP=A9
 0001:0007FBD4 000009BB C=CODE     S=.text    G=(none)   M=UxTheme  ACBP=A9
 0001:00080590 00000038 C=CODE     S=.text    G=(none)   M=RichEdit ACBP=A9
 0001:000805C8 00000038 C=CODE     S=.text    G=(none)   M=ToolWin  ACBP=A9
 0001:00080600 00000038 C=CODE     S=.text    G=(none)   M=RegStr   ACBP=A9
 0001:00080638 00000038 C=CODE     S=.text    G=(none)   M=WinInet  ACBP=A9
 0001:00080670 00000038 C=CODE     S=.text    G=(none)   M=UrlMon   ACBP=A9
 0001:000806A8 00000038 C=CODE     S=.text    G=(none)   M=ShlObj   ACBP=A9
 0001:000806E0 00000038 C=CODE     S=.text    G=(none)   M=CommDlg  ACBP=A9
 0001:00080718 00000038 C=CODE     S=.text    G=(none)   M=Dlgs     ACBP=A9
 0001:00080750 0000130D C=CODE     S=.text    G=(none)   M=Dialogs  ACBP=A9
 0001:00081A60 000011AA C=CODE     S=.text    G=(none)   M=ExtCtrls ACBP=A9
 0001:00082C0C 00000038 C=CODE     S=.text    G=(none)   M=ComStrs  ACBP=A9
 0001:00082C44 00000094 C=CODE     S=.text    G=(none)   M=Clipbrd  ACBP=A9
 0001:00082CD8 00000038 C=CODE     S=.text    G=(none)   M=StrUtils ACBP=A9
 0001:00082D10 000000F5 C=CODE     S=.text    G=(none)   M=Buttons  ACBP=A9
 0001:00082E08 00000038 C=CODE     S=.text    G=(none)   M=ExtDlgs  ACBP=A9
 0001:00082E40 00000068 C=CODE     S=.text    G=(none)   M=IniFiles ACBP=A9
 0001:00082EA8 00000068 C=CODE     S=.text    G=(none)   M=Registry ACBP=A9
 0001:00082F10 0000006C C=CODE     S=.text    G=(none)   M=Mapi     ACBP=A9
 0001:00082F7C 00000058 C=CODE     S=.text    G=(none)   M=ExtActns ACBP=A9
 0001:00082FD4 00000038 C=CODE     S=.text    G=(none)   M=ListActns ACBP=A9
 0001:0008300C 00000180 C=CODE     S=.text    G=(none)   M=ComCtrls ACBP=A9
 0001:0008318C 00000A0C C=CODE     S=.text    G=(none)   M=Themes   ACBP=A9
 0001:00083B98 00004574 C=CODE     S=.text    G=(none)   M=StdCtrls ACBP=A9
 0001:0008810C 00000168 C=CODE     S=.text    G=(none)   M=StdActns ACBP=A9
 0001:00088274 00000D1F C=CODE     S=.text    G=(none)   M=WinHelpViewer ACBP=A9
 0001:00088F94 00010B43 C=CODE     S=.text    G=(none)   M=Controls ACBP=A9
 0001:00099AD8 00001292 C=CODE     S=.text    G=(none)   M=ActnList ACBP=A9
 0001:0009AD6C 000016E4 C=CODE     S=.text    G=(none)   M=ImgList  ACBP=A9
 0001:0009C450 00006639 C=CODE     S=.text    G=(none)   M=Menus    ACBP=A9
 0001:000A2A8C 0000C408 C=CODE     S=.text    G=(none)   M=Forms    ACBP=A9
 0001:000AEE94 0000060C C=CODE     S=.text    G=(none)   M=fib_U    ACBP=A9
 0001:000AF4A0 000002ED C=CODE     S=.text    G=(none)   M=fib_p    ACBP=A9
 0002:00000000 000000A4 C=DATA     S=.data    G=DGROUP   M=System   ACBP=A9
 0002:000000A4 00000020 C=DATA     S=.data    G=DGROUP   M=SysInit  ACBP=A9
 0002:000000C4 00000014 C=DATA     S=.data    G=DGROUP   M=ELeaks   ACBP=A9
 0002:000000D8 00000254 C=DATA     S=.data    G=DGROUP   M=SysUtils ACBP=A9
 0002:0000032C 00000008 C=DATA     S=.data    G=DGROUP   M=VarUtils ACBP=A9
 0002:00000334 0000008E C=DATA     S=.data    G=DGROUP   M=Variants ACBP=A9
 0002:000003C4 0000000C C=DATA     S=.data    G=DGROUP   M=TypInfo  ACBP=A9
 0002:000003D0 00000080 C=DATA     S=.data    G=DGROUP   M=Classes  ACBP=A9
 0002:00000450 00000908 C=DATA     S=.data    G=DGROUP   M=EConsts  ACBP=A9
 0002:00000D58 00000050 C=DATA     S=.data    G=DGROUP   M=ECore    ACBP=A9
 0002:00000DA8 0000004C C=DATA     S=.data    G=DGROUP   M=EDebug   ACBP=A9
 0002:00000DF4 00000001 C=DATA     S=.data    G=DGROUP   M=EWinSock ACBP=A9
 0002:00000DF8 000001A0 C=DATA     S=.data    G=DGROUP   M=EHook    ACBP=A9
 0002:00000F98 00000001 C=DATA     S=.data    G=DGROUP   M=ESockets ACBP=A9
 0002:00000F9C 00000E5C C=DATA     S=.data    G=DGROUP   M=EZlib2   ACBP=A9
 0002:00001DF8 00000212 C=DATA     S=.data    G=DGROUP   M=EHash    ACBP=A9
 0002:0000200C 00000144 C=DATA     S=.data    G=DGROUP   M=EBase64  ACBP=A9
 0002:00002150 000034B0 C=DATA     S=.data    G=DGROUP   M=EWebTools ACBP=A9
 0002:00005600 00000020 C=DATA     S=.data    G=DGROUP   M=EXMLBuilder ACBP=A9
 0002:00005620 00000024 C=DATA     S=.data    G=DGROUP   M=ELogManager ACBP=A9
 0002:00005644 000012D5 C=DATA     S=.data    G=DGROUP   M=EDisAsm  ACBP=A9
 0002:0000691C 000005E4 C=DATA     S=.data    G=DGROUP   M=ExceptionLog ACBP=A9
 0002:00006F00 00000304 C=DATA     S=.data    G=DGROUP   M=Graphics ACBP=A9
 0002:00007204 00000004 C=DATA     S=.data    G=DGROUP   M=Printers ACBP=A9
 0002:00007208 000000B4 C=DATA     S=.data    G=DGROUP   M=Dialogs  ACBP=A9
 0002:000072BC 00000178 C=DATA     S=.data    G=DGROUP   M=ExtCtrls ACBP=A9
 0002:00007434 0000002C C=DATA     S=.data    G=DGROUP   M=Buttons  ACBP=A9
 0002:00007460 00000008 C=DATA     S=.data    G=DGROUP   M=IniFiles ACBP=A9
 0002:00007468 00000008 C=DATA     S=.data    G=DGROUP   M=Registry ACBP=A9
 0002:00007470 00000008 C=DATA     S=.data    G=DGROUP   M=Mapi     ACBP=A9
 0002:00007478 00000018 C=DATA     S=.data    G=DGROUP   M=ComCtrls ACBP=A9
 0002:00007490 00000068 C=DATA     S=.data    G=DGROUP   M=Themes   ACBP=A9
 0002:000074F8 00000080 C=DATA     S=.data    G=DGROUP   M=StdCtrls ACBP=A9
 0002:00007578 0000013C C=DATA     S=.data    G=DGROUP   M=Controls ACBP=A9
 0002:000076B4 00000020 C=DATA     S=.data    G=DGROUP   M=ImgList  ACBP=A9
 0002:000076D4 000000EC C=DATA     S=.data    G=DGROUP   M=Menus    ACBP=A9
 0002:000077C0 0000011C C=DATA     S=.data    G=DGROUP   M=Forms    ACBP=A9
 0002:00008000 00000664 C=BSS      S=.bss     G=DGROUP   M=System   ACBP=A9
 0002:00008664 00000010 C=BSS      S=.bss     G=DGROUP   M=SysInit  ACBP=A9
 0002:00008674 00000004 C=BSS      S=.bss     G=DGROUP   M=Types    ACBP=A9
 0002:00008678 00000004 C=BSS      S=.bss     G=DGROUP   M=Windows  ACBP=A9
 0002:0000867C 00000054 C=BSS      S=.bss     G=DGROUP   M=ELeaks   ACBP=A9
 0002:000086D0 00000004 C=BSS      S=.bss     G=DGROUP   M=SysConst ACBP=A9
 0002:000086D4 00000120 C=BSS      S=.bss     G=DGROUP   M=SysUtils ACBP=A9
 0002:000087F4 00000004 C=BSS      S=.bss     G=DGROUP   M=Messages ACBP=A9
 0002:000087F8 0000005C C=BSS      S=.bss     G=DGROUP   M=VarUtils ACBP=A9
 0002:00008854 00000040 C=BSS      S=.bss     G=DGROUP   M=Variants ACBP=A9
 0002:00008894 00000004 C=BSS      S=.bss     G=DGROUP   M=RTLConsts ACBP=A9
 0002:00008898 00000004 C=BSS      S=.bss     G=DGROUP   M=TypInfo  ACBP=A9
 0002:0000889C 00000004 C=BSS      S=.bss     G=DGROUP   M=ActiveX  ACBP=A9
 0002:000088A0 00000044 C=BSS      S=.bss     G=DGROUP   M=Classes  ACBP=A9
 0002:000088E4 00000004 C=BSS      S=.bss     G=DGROUP   M=ETypes   ACBP=A9
 0002:000088E8 00000004 C=BSS      S=.bss     G=DGROUP   M=EConsts  ACBP=A9
 0002:000088EC 00000009 C=BSS      S=.bss     G=DGROUP   M=ECore    ACBP=A9
 0002:000088F8 00000004 C=BSS      S=.bss     G=DGROUP   M=EDebug   ACBP=A9
 0002:000088FC 00000004 C=BSS      S=.bss     G=DGROUP   M=ShellAPI ACBP=A9
 0002:00008900 00000010 C=BSS      S=.bss     G=DGROUP   M=EWinSock ACBP=A9
 0002:00008910 00000010 C=BSS      S=.bss     G=DGROUP   M=EHook    ACBP=A9
 0002:00008920 00000004 C=BSS      S=.bss     G=DGROUP   M=ELang    ACBP=A9
 0002:00008924 00000004 C=BSS      S=.bss     G=DGROUP   M=ESockets ACBP=A9
 0002:00008928 00002894 C=BSS      S=.bss     G=DGROUP   M=EZlib2   ACBP=A9
 0002:0000B1BC 00000404 C=BSS      S=.bss     G=DGROUP   M=EHash    ACBP=A9
 0002:0000B5C0 0000001C C=BSS      S=.bss     G=DGROUP   M=EEncrypt ACBP=A9
 0002:0000B5DC 00000004 C=BSS      S=.bss     G=DGROUP   M=EBase64  ACBP=A9
 0002:0000B5E0 00000004 C=BSS      S=.bss     G=DGROUP   M=EZip     ACBP=A9
 0002:0000B5E4 00000048 C=BSS      S=.bss     G=DGROUP   M=EWebTools ACBP=A9
 0002:0000B62C 00000004 C=BSS      S=.bss     G=DGROUP   M=EXMLBuilder ACBP=A9
 0002:0000B630 00000004 C=BSS      S=.bss     G=DGROUP   M=ELogManager ACBP=A9
 0002:0000B634 00000004 C=BSS      S=.bss     G=DGROUP   M=EListView ACBP=A9
 0002:0000B638 00000004 C=BSS      S=.bss     G=DGROUP   M=EDisAsm  ACBP=A9
 0002:0000B63C 00000E84 C=BSS      S=.bss     G=DGROUP   M=ExceptionLog ACBP=A9
 0002:0000C4C0 00000004 C=BSS      S=.bss     G=DGROUP   M=Consts   ACBP=A9
 0002:0000C4C4 00000060 C=BSS      S=.bss     G=DGROUP   M=Graphics ACBP=A9
 0002:0000C524 00000004 C=BSS      S=.bss     G=DGROUP   M=Math     ACBP=A9
 0002:0000C528 00000004 C=BSS      S=.bss     G=DGROUP   M=Contnrs  ACBP=A9
 0002:0000C52C 00000004 C=BSS      S=.bss     G=DGROUP   M=CommCtrl ACBP=A9
 0002:0000C530 00000031 C=BSS      S=.bss     G=DGROUP   M=MultiMon ACBP=A9
 0002:0000C564 00000004 C=BSS      S=.bss     G=DGROUP   M=Imm      ACBP=A9
 0002:0000C568 00000008 C=BSS      S=.bss     G=DGROUP   M=HelpIntfs ACBP=A9
 0002:0000C570 00000004 C=BSS      S=.bss     G=DGROUP   M=WinSpool ACBP=A9
 0002:0000C574 00000004 C=BSS      S=.bss     G=DGROUP   M=Printers ACBP=A9
 0002:0000C578 00000034 C=BSS      S=.bss     G=DGROUP   M=FlatSB   ACBP=A9
 0002:0000C5AC 00000004 C=BSS      S=.bss     G=DGROUP   M=SyncObjs ACBP=A9
 0002:0000C5B0 000000CC C=BSS      S=.bss     G=DGROUP   M=UxTheme  ACBP=A9
 0002:0000C67C 00000004 C=BSS      S=.bss     G=DGROUP   M=RichEdit ACBP=A9
 0002:0000C680 00000004 C=BSS      S=.bss     G=DGROUP   M=ToolWin  ACBP=A9
 0002:0000C684 00000004 C=BSS      S=.bss     G=DGROUP   M=RegStr   ACBP=A9
 0002:0000C688 00000004 C=BSS      S=.bss     G=DGROUP   M=WinInet  ACBP=A9
 0002:0000C68C 00000004 C=BSS      S=.bss     G=DGROUP   M=UrlMon   ACBP=A9
 0002:0000C690 00000004 C=BSS      S=.bss     G=DGROUP   M=ShlObj   ACBP=A9
 0002:0000C694 00000004 C=BSS      S=.bss     G=DGROUP   M=CommDlg  ACBP=A9
 0002:0000C698 00000004 C=BSS      S=.bss     G=DGROUP   M=Dlgs     ACBP=A9
 0002:0000C69C 00000038 C=BSS      S=.bss     G=DGROUP   M=Dialogs  ACBP=A9
 0002:0000C6D4 00000004 C=BSS      S=.bss     G=DGROUP   M=ExtCtrls ACBP=A9
 0002:0000C6D8 00000004 C=BSS      S=.bss     G=DGROUP   M=ComStrs  ACBP=A9
 0002:0000C6DC 0000000C C=BSS      S=.bss     G=DGROUP   M=Clipbrd  ACBP=A9
 0002:0000C6E8 00000004 C=BSS      S=.bss     G=DGROUP   M=StrUtils ACBP=A9
 0002:0000C6EC 00000030 C=BSS      S=.bss     G=DGROUP   M=Buttons  ACBP=A9
 0002:0000C71C 00000004 C=BSS      S=.bss     G=DGROUP   M=ExtDlgs  ACBP=A9
 0002:0000C720 00000004 C=BSS      S=.bss     G=DGROUP   M=IniFiles ACBP=A9
 0002:0000C724 00000004 C=BSS      S=.bss     G=DGROUP   M=Registry ACBP=A9
 0002:0000C728 00000004 C=BSS      S=.bss     G=DGROUP   M=Mapi     ACBP=A9
 0002:0000C72C 00000009 C=BSS      S=.bss     G=DGROUP   M=ExtActns ACBP=A9
 0002:0000C738 00000004 C=BSS      S=.bss     G=DGROUP   M=ListActns ACBP=A9
 0002:0000C73C 00000010 C=BSS      S=.bss     G=DGROUP   M=ComCtrls ACBP=A9
 0002:0000C74C 00000008 C=BSS      S=.bss     G=DGROUP   M=Themes   ACBP=A9
 0002:0000C754 00000004 C=BSS      S=.bss     G=DGROUP   M=StdCtrls ACBP=A9
 0002:0000C758 00000004 C=BSS      S=.bss     G=DGROUP   M=StdActns ACBP=A9
 0002:0000C75C 00000014 C=BSS      S=.bss     G=DGROUP   M=WinHelpViewer ACBP=A9
 0002:0000C770 00000080 C=BSS      S=.bss     G=DGROUP   M=Controls ACBP=A9
 0002:0000C7F0 00000004 C=BSS      S=.bss     G=DGROUP   M=ActnList ACBP=A9
 0002:0000C7F4 0000000C C=BSS      S=.bss     G=DGROUP   M=ImgList  ACBP=A9
 0002:0000C800 00000010 C=BSS      S=.bss     G=DGROUP   M=Menus    ACBP=A9
 0002:0000C810 00000020 C=BSS      S=.bss     G=DGROUP   M=Forms    ACBP=A9
 0002:0000C830 00000008 C=BSS      S=.bss     G=DGROUP   M=fib_U    ACBP=A9


  Address         Publics by Name

 0002:000010F0       ..
 0002:00000FC4       ..
 0002:0000A930       ..
 0001:0002D91C       ..
 0002:000010A0       ..
 0001:00032D6C       ..
 0002:0000104C       ..
 0002:0000138C       ..
 0002:00008930       ..
 0002:00001034       ..
 0002:00001260       ..
 0001:0002F304       ..
 0002:0000102C       ..
 0001:0002F23C       ..
 0002:00001020       ..
 0001:0002EE30       ..
 0002:000088F8       .03
 0002:0000C66C       .1
 0002:0000C598       .1
 0002:00008910       .1
 0002:0000C6D8       .1
 0002:00008920       .1
 0002:00008694       .1
 0002:00008674       .1
 0002:0000C564       .1
 0002:0000C550       .1
 0002:0000C52C       .1
 0002:0000C6E8       .1
 0002:0000866C       .1
 0002:0000C4C0       .1
 0002:000088FC       .1
 0002:0000C67C       .1
 0002:0000C764       .1
 0002:0000C684       .1
 0002:00008894       .1
 0002:000088E4       .1
 0002:000086D0       .1
 0002:0000C688       .1
 0002:0000C68C       .1
 0002:0000C690       .1
 0002:0000C728       .1
 0002:000087F4       .1
 0002:0000B1BC       .1
 0002:0000B5C0       .1
 0002:0000B5DC       .1
 0002:0000C698       .1
 0002:0000C694       .1
 0002:0000C69C       .11
 0002:0000C4C8       .12
 0002:0000C6D4       .12
 0002:0000B634       .2
 0002:0000B638       .2
 0002:0000C524       .2
 0002:00008928       .2
 0002:0000C568       .2
 0002:0000C74C       .2
 0002:0000C834       .2
 0002:0000C6E0       .2
 0002:0000B660       .21
 0002:0000C528       .21
 0002:0000B630       .3
 0002:0000C570       .3
 0002:0000B5E0       .3
 0002:0000C7F4       .3
 0002:0000C71C       .3
 0002:00008678       .3
 0002:0000C574       .3
 0002:0000889C       .3
 0002:0000B62C       .3
 0002:00008924       .3
 0002:000087E4       .35
 0002:0000C73C       .36
 0002:000088F0       .4
 0002:0000C680       .4
 0002:00008900       .4
 0002:0000C6EC       .4
 0002:0000C818       .41
 0002:0000C754       .42
 0002:000088AC       .45
 0002:000085BC       .5
 0002:000088E8       .5
 0002:00008850       .5
 0002:0000C724       .5
 0002:0000C5AC       .6
 0002:00008898       .6
 0002:0000B5E4       .7
 0002:0000C778       .72
 0002:0000C72C       .72
 0002:0000C758       .73
 0002:0000C7F0       .8
 0002:0000C720       .8
 0002:0000C738       .8
 0002:00008874       .81
 0002:0000C808       .9
 0001:00001C6C       @AbstractError
 0001:000043B4       @AddRefArray
 0001:0000436C       @AddRefRecord
 0001:00002C20       @AfterConstruction
 0001:00002A54       @AsClass
 0001:000036B8       @Assert
 0001:000020D8       @AStrCmp
 0001:00002C30       @BeforeDestruction
 0001:00002AA0       @CallDynaInst
 0001:000053A4       @CheckAutoResult
 0001:00002BC8       @ClassCreate
 0001:00002C18       @ClassDestroy
 0001:00001FA4       @Close
 0001:00001904       @Copy
 0001:000045A8       @CopyArray
 0001:0000448C       @CopyRecord
 0001:0002FCB0       @deflateInit2_
 0001:000046C0       @DispCallByIDError
 0001:00011408       @DispInvokeError
 0001:000046B0       @Dispose
 0001:00003170       @DoneExcept
 0001:00004C40       @DynArrayAddRef
 0001:00004C18       @DynArrayAsg
 0001:00004BDC       @DynArrayClear
 0001:00004A1C       @DynArrayHigh
 0001:00004A14       @DynArrayLength
 0001:00004BD0       @DynArraySetLength
 0001:00003258       @ExceptionHandler
 0001:00002148       @FillChar
 0001:0002EEFC       @fill_fopen_filefunc
 0001:00004360       @Finalize
 0001:00004274       @FinalizeArray
 0001:00004228       @FinalizeRecord
 0001:00002AB8       @FindDynaInst
 0001:00001F98       @Flush
 0001:000027E0       @FpuInit
 0001:0000271C       @FpuMaskInit
 0001:0000173C       @FreeMem
 0001:0000171C       @GetMem
 0001:000059E0       @GetTls
 0001:0002F434       @get_crc_table
 0001:000036A0       @Halt
 0001:000035C8       @Halt0
 0001:00002D44       @HandleAnyException
 0001:00003030       @HandleAutoException
 0001:00002FF8       @HandleFinally
 0001:00002E70       @HandleOnException
 0001:000313A4       @inflateInit2_
 0001:00030DEC       @inflate_fast
 0001:000328FC       @inflate_table
 0001:00005A2C       @InitExe
 0001:0000421C       @Initialize
 0001:00004188       @InitializeArray
 0001:00004158       @InitializeRecord
 0001:0000348C       @InitImports
 0001:00003464       @InitResStringImports
 0001:00003440       @InitResStrings
 0001:000019C0       @Insert
 0001:00005308       @IntfAddRef
 0001:000052D8       @IntfCast
 0001:00005294       @IntfClear
 0001:000052AC       @IntfCopy
 0001:00002A30       @IsClass
 0001:000026EC       @isNECWindows
 0001:00001948       @LGetDir
 0001:00003C28       @LStrAddRef
 0001:00003780       @LStrArrayClr
 0001:000037B0       @LStrAsg
 0001:00003A40       @LStrCat
 0001:00003A84       @LStrCat3
 0001:00003AF8       @LStrCatN
 0001:0000375C       @LStrClr
 0001:00003B84       @LStrCmp
 0001:00003C98       @LStrCopy
 0001:00003CD8       @LStrDelete
 0001:000039CC       @LStrFromArray
 0001:00003944       @LStrFromChar
 0001:00003954       @LStrFromPChar
 0001:0000384C       @LStrFromPCharLen
 0001:00003984       @LStrFromPWChar
 0001:000038B8       @LStrFromPWCharLen
 0001:000039C0       @LStrFromString
 0001:000039E4       @LStrFromWArray
 0001:00003A00       @LStrFromWStr
 0001:00003D20       @LStrInsert
 0001:000037F4       @LStrLAsg
 0001:00003A38       @LStrLen
 0001:00003E28       @LStrOfChar
 0001:00003D7C       @LStrPos
 0001:00003DC4       @LStrSetLength
 0001:00003C38       @LStrToPChar
 0001:00003A14       @LStrToString
 0001:0000469C       @New
 0001:00003820       @NewAnsiString
 0001:00003E84       @NewWideString
 0001:00001BD4       @Pos
 0001:00002400       @Pow10
 0001:00002054       @PStrCmp
 0001:0000202C       @PStrCpy
 0001:00001FFC       @PStrNCat
 0001:00002038       @PStrNCpy
 0001:0000311C       @RaiseAgain
 0001:000030F4       @RaiseExcept
 0001:00002168       @RandInt
 0001:0000175C       @ReallocMem
 0001:00001CE0       @RewritText
 0001:00001C3C       @ROUND
 0001:000036AC       @RunError
 0001:000023E4       @SetEq
 0001:00001C14       @SetLength
 0001:00003400       @StartExe
 0001:000002F4       @strlen
 0001:00001C48       @TRUNC
 0001:000031A0       @TryFinallyExit
 0001:00003C90       @UniqueStringA
 0001:000047E4       @ValInt64
 0001:00002184       @ValLong
 0001:0000439C       @VarAddRef
 0001:00012B00       @VarAddRef
 0001:000116F4       @VarClear
 0001:00011708       @VarClr
 0001:0000425C       @VarClr
 0001:00011A1C       @VarCopy
 0001:00004474       @VarCopy
 0001:00012A38       @VarFromBool
 0001:00012A88       @VarFromCurr
 0001:000129D0       @VarFromInt
 0001:00012A0C       @VarFromInt64
 0001:00012A9C       @VarFromLStr
 0001:00012A60       @VarFromReal
 0001:00012A74       @VarFromTDateTime
 0001:00012AC8       @VarFromWStr
 0001:0001145C       @VarNull
 0001:00011D48       @VarToLStr
 0001:00012470       @VarToWStr
 0001:00003E54       @Write0LString
 0001:0000229C       @WriteBytes
 0001:0000236C       @WriteLn
 0001:00003E5C       @WriteLString
 0001:000022F0       @WriteSpaces
 0001:00004138       @WStrAddRef
 0001:00003EC4       @WStrArrayClr
 0001:00003EE8       @WStrAsg
 0001:00003EAC       @WStrClr
 0001:00004024       @WStrCmp
 0001:000040A8       @WStrCopy
 0001:00003FF8       @WStrFromLStr
 0001:00003F0C       @WStrFromPCharLen
 0001:00003FBC       @WStrFromPWChar
 0001:00003F98       @WStrFromPWCharLen
 0001:00004018       @WStrLen
 0001:000040F4       @WStrSetLength
 0001:00004008       @WStrToPWChar
 0001:000023C0       @_CLenToPasStr
 0001:000023B4       @_CToPasStr
 0001:000018D4       @_IOTest
 0001:000046EC       @_lldiv
 0001:00004768       @_llmod
 0001:000046C8       @_llmul
 0001:00033F6C       @_tr_align
 0001:00034238       @_tr_flush_block
 0001:00032D70       @_tr_init
 0001:00033EB0       @_tr_stored_block
 0001:0000DFCC       Abort
 0002:0000B791       AbortOperation
 0001:0008BAE0       AbsMin
 0001:0000E350       AbstractErrorHandler
 0002:0000802C       AbstractErrorProc
 0002:0000015C       AccessMode
 0001:00066440       AccessViolationModuleInLongFormat
 0001:00001824       AcquireExceptionObject
 0001:0005D044       ActicatePage
 0001:000163F8       ActivateClassGroup
 0002:0000B7D8       ActivateEurekaLog
 0001:000062DC       ActivateKeyboardLayout
 0002:0000C7AC       ActiveDrag
 0001:00014038       ActiveX
 0001:0009AD40       ActnList
 0001:00037854       AddAuthenticationToURL
 0001:00000428       AddBlockAfter
 0001:0006CC84       AddCallerCallStack
 0001:00060F7C       AddColor
 0001:000589E8       AddCustomHeadersToLog
 0001:0005888C       AddCustomHeaderToLog
 0002:000003D0       AddDataModule
 0001:0002C6EC       AddDNS
 0001:000099D0       AddExitProc
 0001:00019834       AddFinished
 0001:0009E084       AddIn
 0002:00008690       AddLeak
 0001:000575BC       AddModule
 0001:00057484       AddModuleFromFileName
 0001:00005128       AddModuleUnloadProc
 0001:00005138       AddModuleUnloadProc
 0001:00050F5C       AddNewProcess
 0001:0005131C       AddNewProcessEx
 0001:0001986C       AddNotFinished
 0001:0002A8A8       AddrSize
 0001:00065748       AddStr
 0001:0001A290       AddSubComponentsToLoaded
 0001:0001C6A4       AddThread
 0001:0005765C       AddToStack
 0001:0003F9F0       AddValueField
 0001:0002D734       AddZipFile
 0001:000787B0       AdjustColor
 0001:0005CF94       AdjustDialog
 0001:0005A3BC       AdjustFlatStyle
 0001:00009CA8       AdjustLineBreaks
 0001:000A5094       Adjustment
 0001:000062E4       AdjustWindowRectEx
 0001:0002EF34       adler32
 0001:00052ED4       Advance
 0001:00061B1C       AfterScreenshot
 0001:00061860       AfterScreenshotToStream
 0002:00007798       Alignments
 0002:000077A8       Alignments
 0002:00007500       Alignments
 0002:00007540       Alignments
 0001:0009114C       AlignWork
 0001:000ABF8C       AlignWork
 0002:000086AC       AllocatedList_End
 0002:000086A4       AllocatedList_Lock
 0002:000086A8       AllocatedList_Start
 0001:0001DEFC       AllocateHWnd
 0001:00009984       AllocMem
 0001:0004B15C       AllocMemAlign
 0002:000085B4       AllocMemCount
 0002:000085B8       AllocMemSize
 0001:0007D8E0       AllocPatternBitmap
 0001:00005988       AllocTlsBuffer
 0002:000055E0       AlphaNumerics
 0002:00007584       AnchorAlign
 0002:00007578       AnimateWindowProc
 0002:00007680       AnimationStyle
 0001:0000EC90       AnsiCompareFileName
 0001:00009BB0       AnsiCompareStr
 0001:00009BE8       AnsiCompareText
 0001:0000A4F4       AnsiLastChar
 0001:000062EC       AnsiLower
 0001:00009B7C       AnsiLowerCase
 0001:0000ED10       AnsiLowerCaseFileName
 0001:0000EC58       AnsiPos
 0001:000A2898       AnsiSameCaption
 0001:00009C20       AnsiSameText
 0001:00009C38       AnsiStrLIComp
 0001:0000ED9C       AnsiStrPos
 0001:0000EE3C       AnsiStrRScan
 0001:0000EE64       AnsiStrScan
 0001:00005724       AnsiToUtf8
 0001:00009B48       AnsiUpperCase
 0001:0000C2DC       AppendChars
 0001:0000C6A0       AppendFormat
 0001:0000C340       AppendNumber
 0001:0000C320       AppendString
 0002:0000C810       Application
 0002:000003E0       ApplicationHandleException
 0001:00057DC8       ApplicationRestore
 0002:000003E8       ApplicationShowException
 0002:000078D4       AppVisible
 0001:000075CC       AreTheSameLeak
 0001:00056364       ASMAssigned
 0002:00000E98       AsmConst
 0001:00066210       ASPDotNetWebSiteFile
 0001:0005B9C8       AssemblerDialogProc
 0001:0004C810       AssemblerToRTF
 0001:0000E334       AssertErrorHandler
 0002:00008024       AssertErrorProc
 0001:000138D0       AssignLongStr
 0001:0005F418       AssignOnCloseData
 0001:000592C4       AssignPriority
 0001:00029C04       AssignValidDebugInfo
 0001:00013E34       AssignVariant
 0001:000629AC       AttachedFile
 0001:00062C44       AttachedFiles
 0002:0000B654       AttachedFilesRequest
 0001:00068888       AttrToString
 0002:0000B7DC       AutoCloseTimer
 0001:00058760       AutoCloseTimerProc
 0002:0000860C       avail
 0001:0000A9DC       BackfillGetDiskFreeSpaceEx
 0001:0008E674       BackgroundClipped
 0001:000103FC       BackupVarBoolFromStr
 0001:0001055C       BackupVarBStrFromBool
 0001:0001047C       BackupVarBStrFromCy
 0001:000104EC       BackupVarBStrFromDate
 0001:00010390       BackupVarCyFromStr
 0001:00010324       BackupVarDateFromStr
 0001:000101E0       BackupVarI4FromStr
 0001:0001018C       BackupVariantChangeTypeEx
 0001:0001024C       BackupVarR4FromStr
 0001:000102B8       BackupVarR8FromStr
 0001:00035BC0       Base64Decode
 0001:00035CBC       Base64DecodeStr
 0001:00035D20       Base64DecodeString
 0001:00035AA4       Base64Encode
 0001:00062558       Base64EncodeFromFile
 0001:00035C74       Base64EncodeStr
 0001:00035D18       Base64EncodeString
 0001:00035D28       Base64EncodeToString
 0002:0000204C       Base64Filler
 0001:0000E928       Beep
 0001:00016750       BeginGlobalLoading
 0001:000062F4       BeginPaint
 0001:00003710       BeginThread
 0001:000787BC       BetterSize
 0001:0009EEF8       BiDiDraw
 0001:000237FC       BinToStr
 0001:00006084       BitBlt
 0002:00007434       BitBtnCaptions
 0002:0000C6F0       BitBtnGlyphs
 0002:000071B8       BitmapCanvasList
 0002:0000C4E0       BitmapImageLock
 0001:000101C8       BiUnimplemented
 0002:00000424       BlockCode
 0002:000085E4       blockDescBlockList
 0002:000085E8       blockDescFreeList
 0001:000652D8       BlockingSendInternetMessage
 0002:000000C8       BlockOverFoot
 0002:000000C4       BlockOverHead
 0002:00000D80       BOMBigEndian
 0002:00000D7C       BOMUnicode
 0002:00000D84       BOMUTF8
 0002:000003C4       BooleanIdents
 0002:00000340       BooleanToStringRule
 0001:0000A208       BoolToStr
 0001:00011AD0       BoolToWStrViaOS
 0002:000074F8       BorderStyles
 0001:00015710       Bounds
 0001:00005ACC       Bounds
 0002:00007740       Breaks
 0002:0000C518       BrushManager
 0001:000A16AC       BuildImage
 0001:000515AC       BuildListPS
 0001:00051474       BuildListTH
 0002:00007264       ButtonCaptions
 0002:00007238       ButtonNames
 0001:00082DE0       Buttons
 0002:000077BC       Buttons
 0002:00007570       ButtonStyles
 0002:0000C6A8       ButtonWidths
 0002:00006904       ByteRegs1
 0002:00006908       ByteRegs2
 0001:00077F9C       BytesPerScanline
 0001:000610E4       BytesPerScanline
 0001:00060B28       BytesSwap
 0001:000782F4       ByteSwapColors
 0001:0000EA0C       ByteToCharIndex
 0001:0000E9E4       ByteToCharLen
 0001:0000E9A8       ByteType
 0001:0000E930       ByteTypeTest
 0002:0000C7F8       CachedComCtrlVer
 0002:0000B9D4       Cached_LogFile
 0001:0007103C       CalcAddr
 0001:00060B58       CalcCRC
 0001:00035A64       CalcDecodedSize
 0001:00054564       CalcDuplicatedException
 0001:00035A38       CalcEncodedSize
 0001:0001DE38       CalcJmpOffset
 0001:00098DC8       CalcSplitterPos
 0001:0002AC00       CalculateRelocatedAsmSize
 0001:00055578       CallAttachedFilesRequest
 0001:000555E8       CallAttachedFilesRequestEvents
 0001:0005571C       CallCustomButtonClickEvent
 0001:00055788       CallCustomButtonClickEvents
 0001:000554A8       CallCustomDataRequest
 0001:00055518       CallCustomDataRequestEvents
 0001:0005564C       CallCustomWebFieldsRequest
 0001:000556BC       CallCustomWebFieldsRequestEvents
 0001:00006C24       CallerOfReallocMem
 0001:000551AC       CallExceptionActionNotify
 0001:00069184       CallExceptionActionNotify_atSavedLogFile
 0001:00069160       CallExceptionActionNotify_atSavingLogFile
 0001:000640CC       CallExceptionActionNotify_atSendingEmail
 0001:00064114       CallExceptionActionNotify_atSendingWebMessage
 0001:000640F0       CallExceptionActionNotify_atSentEmail
 0001:00064138       CallExceptionActionNotify_atSentWebMessage
 0001:00069500       CallExceptionActionNotify_atShowedExceptionInfo
 0001:000694DC       CallExceptionActionNotify_atShowingExceptionInfo
 0001:00060420       CallExceptionActionNotify_atTerminating
 0001:00055320       CallExceptionErrorNotify
 0001:000691A8       CallExceptionErrorNotify_atSavedLogFile
 0001:0006415C       CallExceptionErrorNotify_atSentEmail
 0001:00064180       CallExceptionErrorNotify_atSentWebMessage
 0001:00054FB4       CallExceptionNotify
 0001:00055020       CallExceptionNotifyEvents
 0002:00006924       CallForGetLogText
 0002:00006920       CallFromCOMObject
 0001:00055084       CallHandledExceptionNotify
 0001:000550F0       CallHandledExceptionNotifyEvents
 0001:00055524       CallModuleEvent_AttachedFilesRequest
 0001:000556C8       CallModuleEvent_CustomButtonClickNotify
 0001:00055454       CallModuleEvent_CustomDataRequest
 0001:000555F4       CallModuleEvent_CustomWebFieldsRequest
 0001:000550FC       CallModuleEvent_ExceptionActionNotify
 0001:00055274       CallModuleEvent_ExceptionErrorNotify
 0001:00054F64       CallModuleEvent_ExceptionNotify
 0001:0005502C       CallModuleEvent_HandledExceptionNotify
 0001:00055794       CallModuleEvent_PasswordRequest
 0001:000062FC       CallNextHookEx
 0001:000553E8       CallPasswordRequest
 0001:00057A48       CallStackByAddresses
 0001:0005BEE0       CallStackDialogProc
 0001:0000F664       CallTerminateProcs
 0001:00006304       CallWindowProc
 0001:00069524       CallWriteIntraWebText
 0001:0006F5A0       Call_HookedExceptionObject
 0001:0006F304       Call_HookedRaise
 0001:0006F5CC       Call_HookedRtlUnwind
 0001:0006069C       CalsCoordinates
 0002:0000B792       CanAttachScreenshot
 0002:0000B78D       CanAttachScreenshot_Show
 0001:0008CB18       CancelDrag
 0002:0000B793       CanCopy
 0002:0000B78E       CanCopy_Show
 0001:00073D0C       CanEnableEurekaLogInPackages
 0001:00056148       CanExit
 0002:0000B755       CanHookLibraries
 0002:00006E4C       CannotProcessMessagesExceptions
 0002:00006E98       CannotShowDialog
 0002:0000B958       CannotUseThread
 0001:0006CCF8       CanPauseThisThread
 0002:0000B78C       CanSendError_Show
 0002:0000B790       CanSendMessage
 0001:00070DCC       CanShowHandledExceptionEx
 0002:0000B78F       CanSupport_Show
 0002:0000C51C       CanvasList
 0002:0000C7C0       CanvasList
 0002:0000BA04       CaptionFontName
 0002:00007210       Captions
 0002:0000BC40       CAPTION_HEIGHT
 0002:0000763C       CaptureControl
 0002:0000200C       cBase64Codec
 0002:00002050       cBase64Codec
 0002:000076E0       cBooleanToItemAutoFlag
 0001:00059DFC       CenterOnActiveWndMonitor
 0001:000586E4       CenterWindow
 0002:0000C6DE       CF_COMPONENT
 0002:0000C6DC       CF_PICTURE
 0002:0000B710       CGIHandleException
 0002:0000B6BC       CGIOutputFile
 0002:0000886C       ChangeAnyProc
 0001:0008B098       ChangeBiDiModeAlignment
 0001:0000A574       ChangeFileExt
 0001:0007328C       ChangeFinalizationOrder
 0001:0005F38C       ChangeLogUserEmail
 0002:00007520       CharCases
 0001:0000387C       CharFromWChar
 0001:0000EBE0       CharLength
 0001:0000630C       CharLowerBuff
 0001:00006314       CharNext
 0001:00000254       CharNext
 0002:00005624       chars
 0001:000768CC       CharsetToIdent
 0001:0000EAF4       CharToByteIndex
 0001:0000EB58       CharToByteLen
 0001:0000631C       CharToOemA
 0001:00006324       CharUpperBuff
 0001:00078D84       CheckBool
 0001:00073C08       CheckCrc32
 0001:000228B0       CheckDirectoryExists
 0001:000377C0       CheckError
 0001:0002B1DC       CheckFail
 0001:00072F58       CheckForMemoryLeaks
 0001:00052D7C       CheckForResult
 0001:00022688       CheckIntoIDE
 0001:00002CC0       CheckJmp
 0001:0002D0E0       CheckLibrary
 0001:0004B858       CheckMagicCode
 0001:0000632C       CheckMenuItem
 0001:0000730C       CheckOurPointer
 0002:00007730       Checks
 0001:0001A2CC       CheckSubComponents
 0001:0001C6BC       CheckSynchronize
 0001:000A4AD0       CheckTaskWindow
 0001:0008C7CC       CheckUndock
 0001:0000E81C       CheckWin32Version
 0002:00000344       CInvalidCustomVariantType
 0002:000076E4       cItemAutoFlagToBoolean
 0002:000076DC       cItemAutoFlagToMenu
 0001:0001E088       Classes
 0001:000161BC       ClassNotFound
 0002:00008868       ClearAnyProc
 0001:0007615C       ClearColor
 0001:0004F754       ClearInternalError
 0001:00012E3C       ClearVariantTypeList
 0002:0000BBA9       ClickLinkActive
 0001:00042E88       ClickOnSign
 0001:00006334       ClientToScreen
 0001:000963B0       ClientToWindow
 0002:000071B0       ClipboardFormats
 0001:00082C80       Clipbrd
 0001:0004DC38       CloneObject
 0001:0000633C       CloseClipboard
 0001:000001F4       CloseHandle
 0001:00005C44       CloseHandle
 0001:00054548       CloseLogFile
 0001:000628D0       CloseSendDialog
 0001:0002A038       closesocket
 0002:0000C5B4       CloseThemeData
 0001:0002D8F4       CloseZipFile
 0002:0000B718       CLXHandleException
 0002:0000B71C       CLXShowException
 0002:00008040       CmdLine
 0002:0000803C       CmdShow
 0002:000076D8       cMenuAutoFlagToItem
 0001:000101D4       CmpUnimplemented
 0002:00006EC0       ColIdx
 0002:00006F30       Colors
 0001:000766C4       ColorToIdent
 0002:000072BC       ColorToPretyName
 0001:000766B4       ColorToRGB
 0002:0000BBDC       ColWidths
 0001:0000608C       CombineRgn
 0002:0000C748       ComCtlVersion
 0001:00083184       ComCtrls
 0002:0000C80C       CommandPool
 0001:0007DED4       CommCtrl
 0001:00080710       CommDlg
 0001:00000708       Commit
 0002:00008628       committedRoot
 0001:000617A4       CommonSaveToStream
 0001:00056634       CompareEurekaFunctions
 0001:0009D668       CompareFront
 0001:00009AB0       CompareMem
 0001:000509EC       CompareModulesFunctions
 0001:00050DB4       CompareProcessesFunctions
 0001:00009A80       CompareStr
 0001:00005C4C       CompareString
 0001:00009AD0       CompareText
 0001:0000A130       CompareWith
 0001:00067664       CompleteIP
 0001:00039640       CompleteNumber
 0001:0004BDF8       CompleteStr
 0001:0003EB80       CompleteStr
 0001:000688E4       CompleteString
 0001:00020D34       CompleteVersion
 0001:0001A3AC       ComponentCreated
 0001:00034CF0       Compress
 0001:0002F2F0       compressBound
 0001:00078B54       ComputeAldusChecksum
 0001:0004D6F4       ComputerName
 0001:000252B4       ComputerName
 0001:00082C3C       ComStrs
 0001:0002A064       connect
 0001:00074DFC       Consts
 0001:0007DDE0       Contnrs
 0002:0000C77E       ControlAtom
 0002:0000C784       ControlAtomString
 0001:000A985C       ControlHasHelp
 0001:00099A48       Controls
 0001:0000DD6C       ConvertAddr
 0001:00021F58       ConvertAddress
 0001:00006F0C       ConvertAddress
 0001:0000C430       ConvertEraString
 0001:00009948       ConvertError
 0001:00009960       ConvertErrorFmt
 0001:0003E298       ConvertNotDosText
 0001:00036220       ConvertSpecialHTMLChars
 0001:0000C598       ConvertYearString
 0001:00004A24       CopyArray
 0001:0007AF20       CopyBitmap
 0001:0007B5E8       CopyBitmapAsMask
 0001:00006094       CopyEnhMetaFile
 0001:000068B4       CopyMemory
 0001:0007B584       CopyPalette
 0001:00006344       CopyRect
 0002:00007494       Copyright
 0001:00055A90       CopyStrings
 0001:000A0758       CopyToBest
 0001:00007C34       CountAllLeaks
 0001:0000EA64       CountChars
 0002:0000C4F8       CounterLock
 0001:0005CD68       CPUDialogProc
 0001:0004CBAC       CPUToRTF
 0002:00000348       CRangeToType
 0002:00001DF8       Crc16Tab
 0001:0002F448       crc32
 0002:0000B1C0       crc_table
 0002:00001FF8       crc_table_computed
 0001:000612F8       Create8bitBitmap
 0001:0000E278       CreateAssertException
 0001:0000E400       CreateAVObject
 0001:0000609C       CreateBitmap
 0001:000060A4       CreateBrushIndirect
 0001:000060AC       CreateCompatibleBitmap
 0001:000060B4       CreateCompatibleDC
 0001:0001A42C       CreateComponent
 0001:00006A28       CreateDialogA
 0001:00058388       CreateDialogFonts
 0001:0000634C       CreateDialogParamA
 0001:000060C4       CreateDIBitmap
 0001:000060BC       CreateDIBSection
 0001:0000AAE0       CreateDir
 0001:00005C54       CreateDirectory
 0001:00005C5C       CreateEvent
 0001:00059594       CreateExceptionReport
 0001:00005C64       CreateFile
 0001:00005C6C       CreateFileA
 0001:000001FC       CreateFileA
 0001:00005C74       CreateFileMapping
 0001:000060CC       CreateFontA
 0001:000060D4       CreateFontIndirect
 0001:000060DC       CreateFontIndirectA
 0001:00069530       CreateGeneralText
 0001:000060E4       CreateHalftonePalette
 0001:00052128       CreateHTMLByLayout
 0001:00054B50       CreateHTMLFile
 0001:00006354       CreateIcon
 0001:0000E1A4       CreateInOutError
 0001:00059964       CreateLeakReport
 0001:0006A5C0       CreateLogText
 0001:0000635C       CreateMenu
 0001:000811D0       CreateMessageDialog
 0001:0002CB10       CreateMXQuery
 0001:00060F18       CreateOctreeNode
 0001:000060EC       CreatePalette
 0001:000060F4       CreatePenIndirect
 0001:00006364       CreatePopupMenu
 0001:00005C7C       CreateProcessA
 0001:000060FC       CreateRectRgn
 0001:00006104       CreateRectRgnIndirect
 0001:0000610C       CreateSolidBrush
 0001:0007834C       CreateSystemPalette
 0001:00052500       CreateTemplateFile
 0001:00005C84       CreateThread
 0001:0000025C       CreateThread
 0001:00059B0C       CreateThreadStr
 0001:00063BB8       CreateTmpLogFile
 0001:0004E278       CreateVirtualFile
 0001:000069D0       CreateWindow
 0001:00006978       CreateWindowEx
 0001:00054C1C       CreateXMLLogCopy
 0001:0002D6A0       CreateZipFile
 0001:000641A4       CreateZIPFile
 0001:00072438       Create_EurekaLogUnitsList
 0002:0000757C       CreationControl
 0002:00007208       CreationControl
 0002:000003B0       CRelationshipToBoolean
 0002:0000032C       CResult
 0002:00000D58       CriticalError
 0002:00006E70       CriticalExceptObject
 0002:00000154       cSimpleBoolStrs
 0002:0000035C       CText
 0002:00007678       Ctl3DStyles
 0002:00008620       curAlloc
 0002:000086DC       CurrencyDecimals
 0002:000086D8       CurrencyFormat
 0002:000086D4       CurrencyString
 0002:0000B744       CurrentAsmErrorLine
 0002:0000B74C       CurrentAsmErrorText
 0002:0000B750       CurrentCPUErrorText
 0002:0000B7E0       CurrentDialog
 0001:000710B0       CurrentEurekaLogOptions
 0002:0000B748       CurrentGeneralErrorText
 0002:0000B6B8       CurrentOptions
 0002:0000B7F8       CurrentProcessWindowsList
 0002:00006E5C       CurrentStackList
 0001:0000C2C8       CurrentYear
 0001:0000BC3C       CurrToStr
 0001:00011A60       CurrToWStrViaOS
 0002:00007858       CursorMap
 0002:0000758C       Cursors
 0001:0008B3B8       CursorToIdent
 0002:00007848       cUseAlpha
 0002:00007850       cUseColorKey
 0002:0000B65C       CustomButtonClickNotify
 0002:0000B650       CustomDataRequest
 0002:0000B77C       CustomExceptMessage
 0001:00072FEC       CustomHandler
 0002:00006930       CustomSmtpHeloCommand
 0002:0000B658       CustomWebFieldsRequest
 0002:0000B5C4       CV
 0001:00009E74       CvtInt
 0001:00009EE0       CvtInt64
 0002:00000194       CWNear
 0001:0000C218       Date
 0002:000086DD       DateSeparator
 0001:0000CEE0       DateTimeToStr
 0001:000212AC       DateTimeToStrFixed
 0001:0000CE54       DateTimeToString
 0001:0000BD90       DateTimeToTimeStamp
 0001:0000CEB0       DateToStr
 0001:00011A98       DateToWStrViaOS
 0001:0000C1F0       DayOfWeek
 0002:0000B7F4       DbgSection
 0002:00000190       DCon10
 0002:00006F2C       DDBsOnly
 0001:0001DFB0       DeallocateHWnd
 0002:0000002C       DebugHook
 0002:0000B934       DebugHook_Assigned
 0001:00065798       DebugToStr
 0002:000086DB       DecimalSeparator
 0001:0000C160       DecodeDate
 0001:0000C014       DecodeDateFully
 0001:00027150       DecodeNameString
 0001:0000BE84       DecodeTime
 0001:0000079C       Decommit
 0001:00000DB8       DecommitFree
 0002:000085FC       decommittedRoot
 0001:0003593C       Decrypt
 0001:000A74E4       Default
 0001:000ACBB4       Default
 0002:00000024       Default8087CW
 0002:00007580       DefaultDockTreeClass
 0002:00000038       DefaultTextLineBreakStyle
 0002:000085C0       DefaultUserCodePage
 0002:00007180       DefBrushData
 0002:00006F00       DefFontData
 0001:0000636C       DefFrameProc
 0001:00030280       deflate
 0001:00030544       deflateEnd
 0001:0002FC94       deflateInit_
 0002:00000220       DefLongDayNames
 0002:000001D4       DefLongMonthNames
 0001:00006374       DefMDIChildProc
 0002:00007160       DefPenData
 0002:00000204       DefShortDayNames
 0002:000001A4       DefShortMonthNames
 0001:0000637C       DefWindowProc
 0001:00006384       DefWindowProcA
 0001:00004C7C       DelayLoadResourceModule
 0001:00000458       DeleteBlock
 0001:00005C8C       DeleteCriticalSection
 0001:000003C8       DeleteCriticalSection
 0001:00006114       DeleteDC
 0001:0000611C       DeleteEnhMetaFile
 0001:00064310       DeleteExtraFiles
 0001:0000A4DC       DeleteFile
 0001:00005C94       DeleteFile
 0001:00005C9C       DeleteFileA
 0001:00050978       DeleteFileEx
 0001:00000C00       DeleteFree
 0001:0000638C       DeleteMenu
 0001:00006124       DeleteObject
 0001:00060E24       DeleteTree
 0001:0004E3E4       DeleteVirtualFile
 0002:00006EE0       DeniedChars
 0001:0007AADC       DeselectBitmap
 0001:00006394       DestroyCursor
 0001:000585D0       DestroyDialogFonts
 0001:0000639C       DestroyIcon
 0001:00082D10       DestroyLocals
 0001:000063A4       DestroyMenu
 0001:000063AC       DestroyWindow
 0002:0000BC1C       DetailsActive
 0001:0005A3FC       DetailsState
 0001:000063B4       DialogBoxParamA
 0001:00088C48       DialogEnumerationTester
 0002:0000BC28       DialogHeight
 0001:00081A20       Dialogs
 0002:0000B944       DialogType
 0002:000071BC       DIBPalSizes
 0002:00000094       dig
 0002:00000D5C       Digits
 0001:000524DC       DirectoryExists
 0001:00008714       DisableMemoryLeaksCheck
 0001:000A4924       DisableTaskWindows
 0001:000063BC       DispatchMessage
 0001:000AAB3C       DispatchShortCut
 0002:00008000       DispCallByIDProc
 0001:0000992C       DivMod
 0001:00080748       Dlgs
 0001:00058040       DlgTemplate
 0002:00008918       DllList
 0001:000ABE40       DoAlign
 0001:00090FDC       DoAlign
 0001:00095090       DoCalcConstraints
 0002:0000C7B4       DockSiteList
 0001:000A1378       DoClick
 0001:00092720       DoControlMsg
 0001:000A48D4       DoDisableWindow
 0001:0008C0F8       DoDragOver
 0001:000099A4       DoExitProc
 0001:0009709C       DoFindControlZone
 0001:000A4A10       DoFindWindow
 0001:00097628       DoFindZone
 0001:00097120       DoForEach
 0001:00098A2C       DoGetNextLimit
 0001:0002B6B0       Done
 0001:00008900       Done
 0001:0002CF70       Done
 0001:000255F8       Done
 0001:0007456C       Done
 0001:000A489C       DoneApplication
 0001:00072108       DoneCheckFreeze
 0001:0009978C       DoneControls
 0002:0000B70C       DoneExcept
 0001:00073240       DoneExceptAddr
 0001:0000E72C       DoneExceptions
 0001:00037244       DoneLib
 0001:000084A0       DoneShareMem
 0001:000A8EB8       DoNestedActivation
 0001:0001C658       DoneThreadSynchronization
 0001:00090B9C       DoPosition
 0001:000ABC90       DoPosition
 0001:00098054       DoPrune
 0001:0009852C       DoSaveZone
 0001:00098730       DoSetNewBounds
 0001:000215F0       DotNetHostedFile
 0001:00066268       DotNetHostedFileHandle
 0001:0006621C       DotNetMainFile
 0002:00006E80       DotNetMetadataFile
 0002:00006EA0       Dots
 0002:000003CC       DotSep
 0001:0009BCC8       DoWrite
 0001:00017628       DoWrite
 0001:00078FDC       DoWrite
 0001:00079BF8       DoWrite
 0001:00091D08       DoWriteDesignSize
 0001:0008F774       DoWriteIsControl
 0002:0000C798       DragCapture
 0002:0000C78C       DragControl
 0001:0008C840       DragDone
 0001:0008C0A8       DragFindTarget
 0001:0008C07C       DragFindWindow
 0002:0000C7B0       DragImageList
 0001:0008C498       DragInit
 0001:0008C608       DragInitControl
 0002:0000C794       DragInternalObject
 0001:0008BFC4       DragMessage
 0002:0000C790       DragObject
 0002:0000C7BC       DragSave
 0002:0000C7A4       DragSaveCursor
 0002:0000C79C       DragStartPos
 0002:0000C7A8       DragThreshold
 0001:0008C1C8       DragTo
 0001:000ACBF0       DrawAppIcon
 0001:0004264C       DrawBmp
 0001:000431D0       DrawBottom
 0001:0005F2E0       DrawButton
 0001:0005F174       DrawClickHere
 0001:00097BC0       DrawCloseButton
 0001:0005F0EC       DrawControl
 0001:000063C4       DrawEdge
 0001:0004315C       DrawFrame
 0001:000063CC       DrawFrameControl
 0001:00097C18       DrawGrabberLine
 0001:000063D4       DrawIcon
 0001:000063DC       DrawIconEx
 0002:000076B4       DrawingStyles
 0001:00043278       DrawItem
 0001:00043224       DrawLine
 0001:000063E4       DrawMenuBar
 0001:000A26B8       DrawMenuItem
 0001:0005D324       DrawSupportLink
 0001:000063EC       DrawText
 0001:000063F4       DrawTextA
 0002:0000C5B8       DrawThemeBackground
 0002:0000C5DC       DrawThemeEdge
 0002:0000C5E0       DrawThemeIcon
 0002:0000C664       DrawThemeParentBackground
 0002:0000C5BC       DrawThemeText
 0001:00077E1C       DupBits
 0002:0000B794       DuplicatedException
 0001:00005CA4       DuplicateHandle
 0001:00004A3C       DynArrayClear
 0001:00004A44       DynArraySetLength
 0001:00035D88       EBase64
 0001:00020A90       EConsts
 0001:00025670       ECore
 0001:00029D64       EDebug
 0002:000077A0       EdgeStyle
 0002:00007668       EdgeStyles
 0001:0004AC8C       EDisAsm
 0001:00035A30       EEncrypt
 0001:000356DC       EHash
 0001:0000E178       EHeapException.FreeInstance
 0001:0002B7AC       EHook
 0001:0003E810       ElaborateString
 0001:00037A80       ElaborateURL
 0001:00037BE8       ElaborateWebPage
 0001:0002B8BC       ELang
 0001:000089C0       ELeaks
 0001:00043894       EListView
 0001:00042574       ELogManager
 0002:0000753C       Empty
 0001:000063FC       EmptyClipboard
 0002:00008854       EmptyParam
 0002:000000D8       EmptyStr
 0002:000000DC       EmptyWideStr
 0002:00000458       EMsgs
 0001:00008588       EnableMemoryLeaksCheck
 0001:00006404       EnableMenuItem
 0002:00007738       Enables
 0001:0000640C       EnableScrollBar
 0001:000A49D8       EnableTaskWindows
 0002:0000C64C       EnableThemeDialogTexture
 0002:0000C668       EnableTheming
 0001:00006414       EnableWindow
 0001:00060D10       Encode
 0001:0000BFE4       EncodeDate
 0002:00005600       EncodedChars
 0001:0000BE44       EncodeTime
 0001:00063D1C       EncodeURL
 0001:0000641C       EndDialog
 0001:000167D8       EndGlobalLoading
 0001:00006424       EndPaint
 0001:00003754       EndThread
 0001:000003B8       EnterCriticalSection
 0001:00005CAC       EnterCriticalSection
 0001:00005CB4       EnumCalendarInfoA
 0002:0000C54C       EnumDisplayMonitors
 0001:0000D9E0       EnumEraNames
 0001:0000DA1C       EnumEraYearOffsets
 0001:000A7AA8       EnumMonitorsProc
 0001:00005CBC       EnumSystemLocalesA
 0001:0000642C       EnumThreadWindows
 0001:00019BDC       EnumValue
 0001:00006434       EnumWindows
 0001:0004FC6C       EnumWindowsProc
 0001:0004FAA0       EnumWindowsProc
 0001:0004F9FC       EnumWindowsProc
 0001:0004FB58       EnumWindowsProc
 0001:0002669C       Eof
 0002:00005620       EOFLine
 0001:0000643C       EqualRect
 0002:000087A4       EraNames
 0001:0000D16C       EraToYear
 0002:000087C0       EraYearOffsets
 0002:0000006C       errCaption
 0001:00015D60       Error
 0001:000193C0       Error
 0001:00008368       Error
 0001:00061BE8       Error
 0001:0009D3B8       Error
 0001:000018C8       Error
 0002:00000004       ErrorAddr
 0001:0000187C       ErrorAt
 0001:0000E224       ErrorHandler
 0002:0000023C       ErrorMap
 0002:00008008       ErrorProc
 0002:000083E8       ErrOutput
 0002:00000C30       EShowOptions
 0001:0002CFD0       ESockets
 0001:0001E14C       ETypes
 0002:00000450       EurekaLogCurrentVersion
 0002:0000B7B0       EurekaLogList
 0001:000624B0       EurekaLogSendEmail
 0002:00006934       EurekaLogUnits
 0002:0000B7D4       EurekaLogUnitsList
 0001:00055F5C       EurekaLog_AttachedFilesRequestEvent
 0001:0006FC84       EurekaLog_CallCreateThread
 0001:0006F414       EurekaLog_CallExceptObject
 0001:0006FDBC       EurekaLog_CallExitThread
 0001:0006F290       EurekaLog_CallGeneralRaise
 0001:0006FD18       EurekaLog_CallResumeThread
 0001:000560A4       EurekaLog_CustomButtonClickEvent
 0001:00055EB8       EurekaLog_CustomDataRequestEventEx
 0001:00056000       EurekaLog_CustomWebFieldsRequestEvent
 0001:00055D70       EurekaLog_ExceptionActionNotifyEvent
 0001:00055E14       EurekaLog_ExceptionErrorNotifyEvent
 0001:00055C28       EurekaLog_ExceptionNotifyEvent
 0001:00055CCC       EurekaLog_HandledExceptionNotifyEvent
 0001:0006FC7C       EurekaLog_LastDelphiException
 0001:00055B14       EurekaLog_PasswordRequestEvent
 0001:00055B58       EurekaLog_PasswordRequestEventEx
 0002:000009B8       EVals
 0002:00000CF0       EVariablesOptions
 0001:0003DBC0       EWebTools
 0001:0002A2D8       EWinSock
 0001:00001804       ExceptAddr
 0002:0000800C       ExceptClsProc
 0001:0000E698       ExceptHandler
 0001:0000DFEC       Exception.Create
 0001:0000E028       Exception.CreateFmt
 0001:0000E0A8       Exception.CreateRes
 0001:0000E0E4       Exception.CreateResFmt
 0002:0000B644       ExceptionActionNotify
 0002:0000801C       ExceptionClass
 0002:0000B68C       ExceptionCriticalSection
 0001:0000DD78       ExceptionErrorMessage
 0002:0000B648       ExceptionErrorNotify
 0001:0004ECF8       ExceptionLine
 0001:00074ABC       ExceptionLog
 0001:000713D8       ExceptionManager
 0002:0000B63C       ExceptionNotify
 0002:0000B6C4       ExceptionNumber
 0002:0000B7E8       ExceptionsTime
 0002:0000B7EC       ExceptionTime
 0001:00052A64       ExceptionTypeByAddr
 0002:00000274       ExceptMap
 0001:0006E8E8       ExceptNotify
 0001:000655C0       ExceptNotifyAfter1
 0001:000656BC       ExceptNotifyAfter2
 0001:000656D0       ExceptNotifyAfter3
 0001:000017E4       ExceptObject
 0002:00008010       ExceptObjProc
 0002:00008004       ExceptProc
 0001:0000612C       ExcludeClipRect
 0001:00022824       ExcludeLastBackslash
 0002:00000000       ExitCode
 0001:0000350C       ExitDll
 0002:00008048       ExitProc
 0001:0000026C       ExitProcess
 0002:00008028       ExitProcessProc
 0002:00000150       ExitProcList
 0001:00000264       ExitThread
 0001:00005CC4       ExitThread
 0001:0003E168       EXMLBuilder
 0001:00021504       ExpandEnvVars
 0001:0000A750       ExpandFileName
 0001:000566E4       ExportedFunctions
 0001:00082FCC       ExtActns
 0001:00082BDC       ExtCtrls
 0001:00082E38       ExtDlgs
 0001:00054058       ExtractDebugData
 0001:0000A63C       ExtractFileDrive
 0001:0000A708       ExtractFileExt
 0001:00006BB0       ExtractFileName
 0001:0000A6D0       ExtractFileName
 0001:0000A608       ExtractFilePath
 0001:0000A78C       ExtractFilePathNoDrive
 0001:000718A8       ExtractGZipStream
 0001:00020FA8       ExtractList
 0001:0000A818       ExtractRelativePath
 0001:00053B3C       ExtractStr
 0001:0002240C       ExtractStringsEx
 0001:000593AC       ExtractThreadByList
 0001:0003FF08       ExtractValue
 0001:00035EDC       EZip
 0001:00034BE0       EZlib2
 0002:0000B9E0       fActive
 0002:00006E94       fActivePage
 0002:000087E0       FalseBoolStrs
 0002:0000B9FC       fBigFont
 0002:0000B9E4       fCaptionFont
 0002:0000C6E4       FClipboard
 0002:00000184       FCon1E18
 0002:0000B9D8       fDlgBack
 0001:00068C54       FetchStr
 0002:0000B9EC       fFixedFont1
 0002:0000B9F0       fFixedFont2
 0002:0000C830       Fibo
 0001:000AF748       fib_p
 0001:000AF498       fib_U
 0001:0000A370       FileAge
 0001:0000A368       FileClose
 0001:0000A2D0       FileCreate
 0001:0000A2AC       FileCreate
 0001:0000AA50       FileDateToDateTime
 0001:0000A3D8       FileExists
 0002:000071B4       FileFormats
 0002:0000000C       FileMode
 0001:00001D28       FileNOPProc
 0001:0000A254       FileOpen
 0001:0000A2D8       FileRead
 0002:000003F8       FilerSignature
 0001:0000A330       FileSeek
 0001:00005CCC       FileTimeToDosDateTime
 0001:00005CD4       FileTimeToLocalFileTime
 0001:0000A304       FileWrite
 0001:00000CE8       FillAfterGap
 0001:00054DA8       FillAttachedList
 0001:00000C94       FillBeforeGap
 0001:00000D80       FillerSizeAfterGap
 0001:00000D10       FillerSizeBeforeGap
 0001:00006444       FillRect
 0001:00050E70       FillThreadsCount
 0001:0002CF78       Finalization
 0001:00080670       Finalization
 0001:000806A8       Finalization
 0001:000806E0       Finalization
 0001:00083B4C       Finalization
 0001:00005840       Finalization
 0001:00080718       Finalization
 0001:0004ABF0       Finalization
 0001:00008CD4       Finalization
 0001:0008310C       Finalization
 0001:00008988       Finalization
 0001:0007F6CC       Finalization
 0001:0001DFD8       Finalization
 0001:0001E11C       Finalization
 0001:00020A0C       Finalization
 0001:00082FD4       Finalization
 0001:00082F7C       Finalization
 0001:00010928       Finalization
 0001:000999E0       Finalization
 0001:0009AD10       Finalization
 0001:0002B88C       Finalization
 0001:00082F24       Finalization
 0001:00082EC0       Finalization
 0001:0002B758       Finalization
 0001:0009C418       Finalization
 0001:00082E58       Finalization
 0001:0007D918       Finalization
 0001:000255FC       Finalization
 0001:00082E08       Finalization
 0001:0007F694       Finalization
 0001:0007F64C       Finalization
 0001:00082DA8       Finalization
 0001:00082CD8       Finalization
 0001:0007DAF8       Finalization
 0001:00082C44       Finalization
 0001:0007DDB0       Finalization
 0001:0002A2A8       Finalization
 0001:00082C0C       Finalization
 0001:00082B94       Finalization
 0001:000134A4       Finalization
 0001:0007FB9C       Finalization
 0001:00029D74       Finalization
 0001:00029CC8       Finalization
 0001:0007DEA4       Finalization
 0001:000819C4       Finalization
 0001:0007E664       Finalization
 0001:000AF4A0       Finalization
 0001:0003DB70       Finalization
 0001:0003E138       Finalization
 0001:00010134       Finalization
 0001:0000FF34       Finalization
 0001:0007E624       Finalization
 0001:00013288       Finalization
 0001:00043864       Finalization
 0001:000A2994       Finalization
 0001:00080638       Finalization
 0001:00042538       Finalization
 0001:00006B38       Finalization
 0001:000880D4       Finalization
 0001:00080600       Finalization
 0001:000805C8       Finalization
 0001:0008823C       Finalization
 0001:00080590       Finalization
 0001:00034BB0       Finalization
 0001:00080520       Finalization
 0001:0007F9F0       Finalization
 0001:000356AC       Finalization
 0001:00035A00       Finalization
 0001:00005A70       Finalization
 0001:00074DCC       Finalization
 0001:00035D58       Finalization
 0001:00035EAC       Finalization
 0001:00074900       Finalization
 0001:000AEDF4       Finalization
 0001:00005AE8       Finalization
 0001:000AF468       Finalization
 0001:00088EC0       Finalization
 0001:00014008       Finalization
 0001:00013FB0       Finalization
 0002:00008684       FinalizationProc
 0001:00004A34       FinalizeArray
 0001:00003340       FinalizeUnits
 0001:000A1138       Find
 0001:00053108       FindBetterMatch
 0001:00004CEC       FindBS
 0001:0001627C       FindClass
 0001:00004C74       FindClassHInstance
 0001:0000027C       FindClose
 0001:0000A4C0       FindClose
 0001:00005CDC       FindClose
 0001:00000C64       FindCommitted
 0001:0008B198       FindControl
 0001:00097854       FindControlAtPos
 0001:00013198       FindCustomVariantType
 0001:000130E0       FindCustomVariantType
 0001:0008CB64       FindDragTarget
 0001:00063B38       FindEOFLine
 0001:00037658       FindErrorMessage
 0001:00069480       FindException
 0001:0001A5DC       FindExistingComponent
 0001:0000A44C       FindFirst
 0001:00000284       FindFirstFile
 0001:00005CE4       FindFirstFile
 0001:00005CEC       FindFirstFileA
 0001:0005110C       FindFullPath
 0001:00053F4C       FindFunction
 0001:00016668       FindGlobalComponent
 0001:000A4B1C       FindGlobalComponent
 0002:000088B8       FindGlobalComponentProcs
 0001:0004B86C       FindHandled
 0001:00004C4C       FindHInstance
 0001:00016510       FindIdentToInt
 0001:00007698       FindLeakAddress
 0001:000078BC       FindLeakClassName
 0001:000075F0       FindLeakSons
 0001:00073AF4       FindMainInstance
 0001:0000A3E8       FindMatchingFile
 0001:0005012C       FindModuleType
 0002:0000C6A4       FindMsg
 0001:0001976C       FindNestedComponent
 0001:0000A49C       FindNext
 0001:00005CF4       FindNextFile
 0001:0000754C       FindNextValidLeak
 0001:0002680C       FindParam
 0001:0009D380       FindPopupControl
 0001:00029ED4       FindProc
 0001:000105F0       FindProc
 0001:00050DBC       FindProcess
 0001:00005CFC       FindResource
 0001:00005D04       FindResourceA
 0001:00004CC4       FindResourceHInstance
 0001:000AE648       FindScanline
 0001:00036DBC       FindSelected
 0001:000A4A74       FindTopMostWindow
 0001:0001B4C0       FindUniqueName
 0001:0008CB30       FindVCLWindow
 0001:0000644C       FindWindow
 0001:00088CA0       FindWinHelp
 0001:0004B824       FirstProc
 0002:0000BA08       FixedFontName1
 0002:0000BA0C       FixedFontName2
 0002:0000BA00       FixedFontSize
 0002:0000BC44       FixedTmpOptionsFile
 0001:0007AED4       FixupBitFields
 0002:000077B0       Flags
 0002:000087F0       FLanguages
 0001:0007FA20       FlatSB
 0002:0000C578       FlatSB_EnableScrollBar
 0002:0000C584       FlatSB_GetScrollInfo
 0002:0000C588       FlatSB_GetScrollPos
 0002:0000C580       FlatSB_GetScrollRange
 0002:0000C590       FlatSB_SetScrollInfo
 0002:0000C58C       FlatSB_SetScrollPos
 0001:0007F710       FlatSB_SetScrollProp
 0002:0000C594       FlatSB_SetScrollRange
 0002:0000C57C       FlatSB_ShowScrollBar
 0002:0000B9F4       fLinkFont
 0002:0000B9F8       fLinkFont2
 0002:0000BB84       fListViewItems
 0002:00006004       FloatingPointOpcodes
 0001:0000B8CC       FloatToDecimal
 0001:0000BC0C       FloatToStr
 0001:0000B304       FloatToText
 0001:0000B5D8       FloatToTextFmt
 0001:00001F8C       Flush
 0001:00005D0C       FlushInstructionCache
 0002:0000B9DC       fMemoBack
 0002:0000BB64       fMonitor
 0002:0000BB6C       fMonitorInfo
 0002:00000198       FMSecsPerDay
 0001:0000B200       FmtStr
 0002:000077CC       FocusCount
 0002:000077C8       FocusMessages
 0002:000070D0       FontCharsets
 0002:0000C510       FontManager
 0001:00071324       ForceApplicationTermination
 0001:000228D4       ForceDirectoriesEx
 0001:00074848       ForceUseConstant
 0001:000A4AF0       ForegroundTask
 0002:000001A0       Format
 0001:0000B1EC       Format
 0001:0000ADF4       FormatBuf
 0001:0000ADE8       FormatClearStr
 0001:000690A0       FormatComplete
 0001:0000CEF4       FormatDateTime
 0001:0000AD6C       FormatError
 0002:0000017C       FormatErrorStrs
 0001:0000BC6C       FormatFloat
 0001:00005D14       FormatMessage
 0001:000296A0       FormatProcName
 0001:0000ADC4       FormatVarToStr
 0001:000AEE50       Forms
 0001:000023F8       FPower10
 0002:00007204       FPrinter
 0001:00006454       FrameRect
 0001:00007C08       FreeAllLeaks
 0001:0000FB14       FreeAndNil
 0001:0004DC6C       FreeClonedObject
 0001:000009D0       FreeCommitted
 0001:00000EF0       FreeCurAlloc
 0001:0008CC24       FreeDeviceContext
 0001:0008CCE0       FreeDeviceContexts
 0001:0001DDA4       FreeIntConstList
 0001:0000028C       FreeLibrary
 0001:00005D1C       FreeLibrary
 0001:0007AA30       FreeMemoryContexts
 0001:0001DED8       FreeObjectInstance
 0001:0004E9A4       FreeOutOfMemoryCache
 0001:00005D3C       FreeResource
 0001:00061BAC       FreeScreenshot
 0001:00000650       FreeSpace
 0001:0000F680       FreeTerminateProcs
 0001:0007FBD4       FreeThemeLibrary
 0002:0000B758       FreezeThread
 0002:0000C744       FRichEditModule
 0002:0000BB68       fSendBmp
 0002:0000B618       FtpOpenFile
 0001:0003D59C       FTPUploadFiles
 0002:0000B9E8       fVariableFont
 0001:00077E0C       GDICheck
 0001:00077D64       GDIError
 0001:0005CB60       GeneralDialogProc
 0001:0006F070       GeneralRaise
 0001:0004C3AC       GeneralToRTF
 0001:00064CCC       GenerateCustomWebFieldsString
 0001:000523B8       GenerateHTML
 0001:00038410       GenerateMultipartBoundary
 0001:0003C9E0       GenerateMultipartBoundary
 0001:000384E0       GenerateRequestBody
 0001:0003CB1C       GenerateRequestBody
 0001:00001C34       Get8087CW
 0001:00005D44       GetACP
 0001:00066AA0       GetActiveControlClass
 0001:00066AB8       GetActiveControlText
 0001:000669C0       GetActiveFormClass
 0001:00066A0C       GetActiveFormText
 0001:00059B7C       GetActiveMonitorData
 0001:0000645C       GetActiveWindow
 0001:000677A8       GetAdapterInfo
 0001:00050E3C       GetAllocatedMemory
 0001:00053F2C       GetAndSetFunctionSize
 0001:000AC31C       GetAnimation
 0001:00067310       GetApplicationName
 0001:0004FBD0       GetApplicationRect
 0001:000669A0       GetApplicationUpTime
 0001:0002AA10       GetAsmSize
 0001:00080B2C       GetAveCharSize
 0001:00057E3C       GetBaseOfStack
 0001:00006134       GetBitmapBits
 0001:000003D0       GetBlockDesc
 0001:0005F258       GetBottonWidth
 0001:0000613C       GetBrushOrgEx
 0001:00006938       GetBValue
 0001:00057D18       GetCallStackByAddresses
 0001:0004E9E4       GetCallStackDump
 0001:00006464       GetCapture
 0001:0008B460       GetCaptureControl
 0001:00016228       GetClass
 0001:0000646C       GetClassInfo
 0001:00006474       GetClassName
 0001:0000647C       GetClassNameA
 0001:00006484       GetClientRect
 0001:0000648C       GetClipboardData
 0001:000797A4       GetClipboardFormats
 0001:00006144       GetClipBox
 0001:0000036C       GetCmdShow
 0001:0009AEE0       GetColor
 0001:000436E4       GetColumnAlign
 0001:000436B8       GetColumnCount
 0001:000830AC       GetComCtlVersion
 0001:00000294       GetCommandLine
 0001:00005D54       GetCommandLine
 0001:0000081C       GetCommitted
 0001:000008AC       GetCommittedAt
 0001:00068AFC       GetCompanyName
 0001:00066944       GetCompilationDate
 0001:0004BE80       GetCompleteTimeStr
 0001:00005D5C       GetComputerNameA
 0001:000922D4       GetControlAtPos
 0001:0006E360       GetControlClass
 0001:0006E3BC       GetControlText
 0001:0000C38C       GetCount
 0001:00005D4C       GetCPInfo
 0001:00034C8C       GetCRC16
 0001:00034C44       GetCRC32
 0001:0000AABC       GetCurrentDir
 0001:0000029C       GetCurrentDirectory
 0001:0000614C       GetCurrentObject
 0001:00006154       GetCurrentPositionEx
 0001:00068DCC       GetCurrentPrinterHandle
 0001:00005D64       GetCurrentProcess
 0001:00005D6C       GetCurrentProcessId
 0001:000713D0       GetCurrentStackPointer
 0001:00057E44       GetCurrentStackPointer
 0002:0000C65C       GetCurrentThemeName
 0001:00005D74       GetCurrentThread
 0001:0000035C       GetCurrentThreadId
 0001:00005D7C       GetCurrentThreadId
 0001:000068AC       GetCurrentTime
 0001:0004DC8C       GetCurrentTopOfStack
 0001:00068924       GetCurrentUserPrivileges
 0001:00006494       GetCursor
 0001:000AE658       GetCursorHeightMargin
 0001:0000649C       GetCursorPos
 0001:00007424       GetDataCaller
 0001:0000C3B8       GetDate
 0001:00005D84       GetDateFormat
 0001:0000D084       GetDateOrder
 0001:000064A4       GetDC
 0001:000064AC       GetDCEx
 0001:0000615C       GetDCOrgEx
 0001:0005761C       GetDebugDetail
 0001:00065838       GetDebugInfoEx
 0001:00054350       GetDebugInfosByAddr
 0001:00053D18       GetDebugPartialInfo
 0001:00068CE8       GetDefaultPrinter
 0001:0007D528       GetDefFontCharSet
 0001:000064B4       GetDesktopWindow
 0001:00006174       GetDeviceCaps
 0001:0005CF70       GetDialogState
 0001:00078D6C       GetDIB
 0001:00006164       GetDIBColorTable
 0001:0000616C       GetDIBits
 0001:00078CB4       GetDIBSizes
 0001:00077F7C       GetDInColors
 0001:00005D8C       GetDiskFreeSpaceA
 0002:0000014C       GetDiskFreeSpaceEx
 0001:000670C4       GetDiskInfo
 0001:00068830       GetDisplayDPI
 0001:000675C4       GetDisplayMode
 0001:000064BC       GetDlgItem
 0001:0002C710       GetDNSList
 0001:00098B0C       GetDockAlign
 0001:0008BE08       GetDockSiteAtPos
 0001:0002C8CC       GetDomain
 0001:0002CA38       GetDomainName
 0001:0008C134       GetDropCtl
 0001:0006A2A8       GetDump
 0001:00002A70       GetDynaMethod
 0001:0006A128       GetEAX
 0001:0006A158       GetEBX
 0001:0006A188       GetECX
 0001:0006A218       GetEDI
 0001:00058E04       GetEditText
 0001:0006A1B8       GetEDX
 0001:0005635C       GetEF
 0001:000495E4       GetEffectiveAddress
 0001:0006A278       GetEIP
 0001:0006A4CC       GetEmptySection
 0001:0000617C       GetEnhMetaFileBits
 0001:00006184       GetEnhMetaFileHeader
 0001:0000618C       GetEnhMetaFilePaletteEntries
 0001:00013514       GetEnumName
 0001:000135EC       GetEnumNameValue
 0001:00013638       GetEnumValue
 0001:00005D94       GetEnvironmentVariableA
 0001:000213C8       GetEnvVariable
 0001:0000DA94       GetEraNamesAndYearOffsets
 0001:0000D118       GetEraYearOffset
 0001:0006A1E8       GetESI
 0001:0004E9D4       GetESP
 0001:0006A248       GetESP
 0001:00021764       GetEurekaLogDir
 0001:00056C20       GetEurekaLogModuleVersion
 0001:00066CB4       GetExceptionAddress
 0001:0000E3E8       GetExceptionClass
 0001:00066C9C       GetExceptionDate
 0001:0006670C       GetExceptionMessage
 0001:00066CE8       GetExceptionModuleName
 0001:00066DCC       GetExceptionModuleVersion
 0001:0000E5CC       GetExceptionObject
 0001:00066E50       GetExceptionType
 0001:00057F50       GetExceptMessage
 0001:00005D9C       GetExitCodeProcess
 0001:00005DA4       GetExitCodeThread
 0001:000161B0       GetFieldClassTable
 0001:0003665C       GetFieldValue
 0001:00005DAC       GetFileAttributes
 0001:00005DB4       GetFileAttributesA
 0001:000375EC       GetFileContents
 0001:0003CAB0       GetFileContents
 0001:00079784       GetFileFormats
 0001:00050944       GetFileSize
 0001:0000020C       GetFileSize
 0001:0002D6F8       GetFileSize
 0001:0003D560       GetFileSize
 0001:00000204       GetFileType
 0001:0000E83C       GetFileVersion
 0001:00067CD4       GetFileVersionEx
 0001:00006054       GetFileVersionInfo
 0001:0000605C       GetFileVersionInfoA
 0001:00006064       GetFileVersionInfoSize
 0001:0000606C       GetFileVersionInfoSizeA
 0001:000064C4       GetFocus
 0001:00021618       GetFolder
 0001:000768EC       GetFontData
 0001:000064CC       GetForegroundWindow
 0001:0000F104       GetFormatSettings
 0001:00006F84       GetFramesCallStackDump
 0001:000671B8       GetFreeDisk
 0001:00067044       GetFreeMemory
 0001:00005DBC       GetFullPathName
 0001:00065B18       GetFunctionAsm
 0001:0002AB48       GetFunctionSize
 0001:00022640       GetGMT
 0001:00006934       GetGValue
 0001:00005DC4       GetHandleInformation
 0001:00075E58       GetHashCode
 0001:000A9894       GetHelpInfo
 0001:0007EAE4       GetHelpSystem
 0001:000AC100       GetHint
 0001:000AC138       GetHintControl
 0001:0002A188       gethostbyname
 0001:0002A1B8       gethostname
 0001:000A2834       GetHotkey
 0001:00037CF8       GetHTTPResponse
 0001:0003CDEC       GetHTTPResponse
 0001:000064D4       GetIconInfo
 0001:000299D8       GetImageNtHeaders
 0001:00067EC8       GetIndexKeyName
 0001:00068C88       GetIniDefPrinter
 0001:0006ED4C       GetIntraWebExceptionType
 0001:00042624       GetItemRect
 0001:0005BE94       GetItemText
 0001:000064EC       GetKeyboardLayout
 0001:000064F4       GetKeyboardLayoutList
 0001:000064FC       GetKeyboardState
 0001:000026E4       GetKeyboardType
 0001:000064DC       GetKeyNameText
 0001:000064E4       GetKeyState
 0001:00066C50       GetLanguageString
 0001:00006504       GetLastActivePopup
 0001:00096DD4       GetLastChildZone
 0001:00005DCC       GetLastError
 0001:000002A4       GetLastError
 0001:0000764C       GetLeakCount
 0001:00036FC8       GetListDefault
 0001:00036C48       GetListValue
 0001:0000D858       GetLocaleChar
 0001:00066B24       GetLocaleDataA
 0001:00066AE4       GetLocaleDataW
 0001:00005DDC       GetLocaleInfo
 0001:000002AC       GetLocaleInfo
 0001:00005DE4       GetLocaleInfoA
 0001:00005DEC       GetLocaleInfoW
 0001:0000D80C       GetLocaleStr
 0001:00005DD4       GetLocalTime
 0001:0008B41C       GetLongHint
 0001:00022034       GetLongNameFromShort
 0001:000138E4       GetLongStrProp
 0001:0004FA34       GetMainWindow
 0001:00006194       GetMapMode
 0001:000355AC       GetMD5
 0001:00066EF8       GetMemInfo
 0001:000017AC       GetMemoryManager
 0001:0000650C       GetMenu
 0001:000A981C       GetMenuHelpContext
 0001:00006514       GetMenuItemCount
 0001:0000651C       GetMenuItemID
 0001:00006524       GetMenuItemInfo
 0001:0009F984       GetMenuSize
 0001:0000652C       GetMenuState
 0001:00006534       GetMenuString
 0001:00013E88       GetMethodProp
 0001:0002D59C       GetModifiedDate
 0001:00021F90       GetModifiedDate
 0001:000504FC       GetModuleDescriptionAndVersion
 0001:000002B4       GetModuleFileName
 0001:00005DF4       GetModuleFileName
 0001:00005DFC       GetModuleFileNameA
 0001:00005968       GetModuleHandle
 0001:000002BC       GetModuleHandle
 0001:00005E04       GetModuleHandle
 0001:00005E0C       GetModuleHandleA
 0001:000502F0       GetModulePath
 0001:000503CC       GetModuleSize
 0001:00050CE8       GetModulesList
 0001:00050B58       GetModulesWin9X
 0001:000509F4       GetModulesWinNT
 0001:0005045C       GetModuleVer
 0001:00054F10       GetModule_ProcedureEvent
 0002:0000C540       GetMonitorInfo
 0002:0000C544       GetMonitorInfoA
 0002:0000C548       GetMonitorInfoW
 0001:00059DD8       GetMonitorWorkAreaFromActiveWnd
 0001:00059DB4       GetMonitorWorkAreaFromWnd
 0001:00059CD0       GetMonitorWorkAreaFromWndEx
 0001:0000D8BC       GetMonthDayNames
 0001:0002CC64       GetMXBestRecord
 0001:0002CB9C       GetMXRecord
 0001:0002CD54       GetMXServerFromEmail
 0001:00067B50       GetNetworkData
 0001:0000653C       GetNextWindow
 0001:0000619C       GetObject
 0001:00007438       GetObjectCaller
 0001:00061288       GetOptimizedPalette
 0001:00036EA4       GetOptionsDefault
 0001:00008318       GetOptionsFromExeFile
 0001:00036A48       GetOptionsValue
 0001:0001370C       GetOrdProp
 0001:0004D6C0       GetOSBuild
 0001:00066C84       GetOSCharset
 0001:00066C78       GetOSLanguage
 0001:0004D298       GetOSType
 0001:00066AD0       GetOSUpdate
 0001:0004E988       GetOutOfMemoryCache
 0001:00060E60       GetPaletteColors
 0001:000061A4       GetPaletteEntries
 0001:000668B4       GetParameters
 0001:00001A88       GetParamStr
 0001:00006544       GetParent
 0001:000A4CE8       GetParentForm
 0001:00051810       GetParentProcessID
 0001:00058E60       GetParentWnd
 0001:00056F70       GetPassword
 0001:000061AC       GetPixel
 0001:00068E44       GetPrinterStr
 0001:00005E14       GetPriorityClass
 0001:00005E1C       GetPrivateProfileStringA
 0001:000002C4       GetProcAddress
 0001:00005E24       GetProcAddress
 0001:0005160C       GetProcessesList
 0001:000673E0       GetProcessor
 0001:000508B4       GetProcessThreads
 0001:00005E2C       GetProfileStringA
 0001:0000654C       GetProp
 0001:0001369C       GetPropInfo
 0001:00006FFC       GetRawCallStackDump
 0001:0000827C       GetRawOptions
 0001:00021EB8       GetReadableSize
 0001:00006C38       GetReadableSize
 0001:000546B8       GetRealFileName
 0001:000A51A8       GetRealScrollPosition
 0001:00048FB0       GetRefAddress
 0001:000490EC       GetRegName
 0001:00052B58       GetResourceData
 0001:00008234       GetResourceData
 0001:0009AEC0       GetRGBColor
 0001:00006930       GetRValue
 0001:00006554       GetScrollInfo
 0001:0000655C       GetScrollPos
 0001:00006564       GetScrollRange
 0001:0008B3D8       GetShortHint
 0001:000137DC       GetShortStrProp
 0001:00013874       GetShortStrPropAsLongStr
 0001:000532FC       GetSourceInfoByAddr
 0001:00000574       GetSpace
 0001:000005D8       GetSpaceAt
 0001:0009D410       GetSpecialName
 0001:0006A43C       GetStack
 0001:000672F8       GetStartDate
 0001:000002CC       GetStartupInfo
 0001:00005E34       GetStartupInfoA
 0001:00005E3C       GetStdHandle
 0001:00000214       GetStdHandle
 0001:000061B4       GetStockObject
 0001:00005E44       GetStringTypeEx
 0001:00013A14       GetStrProp
 0001:0000656C       GetSubMenu
 0001:000539C8       GetSymbolAddr
 0001:00006574       GetSysColor
 0001:0000657C       GetSysColorBrush
 0001:00005E4C       GetSystemDefaultLangID
 0001:00005E54       GetSystemInfo
 0001:00006584       GetSystemMenu
 0002:0000C530       GetSystemMetrics
 0001:0000658C       GetSystemMetrics
 0001:000061BC       GetSystemPaletteEntries
 0001:00005E5C       GetSystemTime
 0001:00067588       GetSystemUpTime
 0001:00036410       GetTagValue
 0001:00005E64       GetTempPathA
 0001:0003683C       GetTextAreaValue
 0001:000061D4       GetTextExtentPoint
 0001:000061C4       GetTextExtentPoint32
 0001:000061CC       GetTextExtentPoint32A
 0001:00058B9C       GetTextHeight
 0001:000061DC       GetTextMetrics
 0001:00058D80       GetTextWidth
 0002:0000C654       GetThemeAppProperties
 0002:0000C5C0       GetThemeBackgroundContentRect
 0002:0000C5C4       GetThemeBackgroundExtent
 0002:0000C5D4       GetThemeBackgroundRegion
 0002:0000C5F8       GetThemeBool
 0002:0000C5EC       GetThemeColor
 0002:0000C660       GetThemeDocumentationProperty
 0002:0000C600       GetThemeEnumValue
 0002:0000C620       GetThemeFilename
 0002:0000C608       GetThemeFont
 0002:0000C5FC       GetThemeInt
 0002:0000C614       GetThemeIntList
 0002:0000C610       GetThemeMargins
 0002:0000C5F0       GetThemeMetric
 0002:0000C5C8       GetThemePartSize
 0002:0000C604       GetThemePosition
 0002:0000C618       GetThemePropertyOrigin
 0002:0000C60C       GetThemeRect
 0002:0000C5F4       GetThemeString
 0002:0000C62C       GetThemeSysBool
 0002:0000C624       GetThemeSysColor
 0002:0000C628       GetThemeSysColorBrush
 0002:0000C634       GetThemeSysFont
 0002:0000C63C       GetThemeSysInt
 0002:0000C630       GetThemeSysSize
 0002:0000C638       GetThemeSysString
 0002:0000C5CC       GetThemeTextExtent
 0002:0000C5D0       GetThemeTextMetrics
 0001:00005E6C       GetThreadContext
 0001:00059444       GetThreadData
 0001:00005E74       GetThreadLocale
 0001:000002D4       GetThreadLocale
 0001:0006ECD4       GetThreadParams
 0001:00005E7C       GetThreadPriority
 0001:00005E84       GetTickCount
 0001:0000C3F0       GetTime
 0001:00005994       GetTlsSize
 0001:00005BEC       GetTokenInformation
 0001:000AC8CC       GetTopMostWindows
 0001:0004E9DC       GetTopOfStack
 0001:0008B568       GetTopParent
 0001:00006594       GetTopWindow
 0001:00067258       GetTotalDisk
 0001:00066FC4       GetTotalMemory
 0001:00013508       GetTypeData
 0001:000216DC       GetUserApplicationsPath
 0001:00068AE8       GetUserEmail
 0001:00005BF4       GetUserNameA
 0001:00071E04       GetValidMainWindow
 0001:00037F14       GetValueFromIndex
 0001:00005E8C       GetVersion
 0001:00000364       GetVersion
 0001:00005E94       GetVersionEx
 0001:000508F0       GetVersionNumber
 0001:00068098       GetVideoCardStr
 0001:0002A614       GetVirtualMethod
 0001:00013A80       GetWideStrProp
 0001:00013964       GetWideStrPropAsLongStr
 0001:0000659C       GetWindow
 0001:0004F8A0       GetWindowClassName
 0001:000065A4       GetWindowDC
 0001:000065AC       GetWindowLong
 0001:0004FA54       GetWindowName
 0001:000061EC       GetWindowOrgEx
 0001:000065B4       GetWindowPlacement
 0001:000065BC       GetWindowRect
 0001:00005E9C       GetWindowsDirectoryA
 0001:000065C4       GetWindowText
 0001:000065CC       GetWindowTextA
 0002:0000C648       GetWindowTheme
 0001:000065D4       GetWindowThreadProcessId
 0001:000065DC       GetWindowThreadProcessId
 0001:000061E4       GetWinMetaFileBits
 0001:00022A88       GetWorkingFile
 0001:00005EA4       GlobalAddAtom
 0001:00005EAC       GlobalAlloc
 0001:000068C8       GlobalAllocPtr
 0001:00005EB4       GlobalDeleteAtom
 0001:00005EBC       GlobalFindAtom
 0002:000088BC       GlobalFixupList
 0001:000198B4       GlobalFixupReferences
 0001:00005EC4       GlobalFree
 0001:000068F4       GlobalFreePtr
 0001:00005ED4       GlobalHandle
 0001:00005ECC       GlobalLock
 0001:00005EDC       GlobalMemoryStatus
 0002:000088A0       GlobalNameSpace
 0001:00005EE4       GlobalReAlloc
 0001:000068D8       GlobalReAllocPtr
 0002:0000C044       GlobalSendValues
 0001:00005EEC       GlobalUnlock
 0002:0000B9BC       Global_AttachedFiles
 0002:0000B963       Global_CloseDialog
 0002:0000B9B0       Global_CurrentEvent
 0002:0000B9C4       Global_DataFields
 0002:0000B988       Global_ExceptionRecord
 0002:0000B960       Global_Execute
 0002:0000B961       Global_Handled
 0002:00006E8C       Global_IntoHandleException
 0002:0000B9CC       Global_IntraWebText
 0002:0000B9B8       Global_LastInitPassword
 0002:0000B9C8       Global_Module
 0002:0000B9B4       Global_Password
 0002:0000B962       Global_Retry
 0002:0000B9C0       Global_WebFields
[...]
 16891 0001:0007105D 16893 0001:00071060 16895 0001:00071078 16897 0001:0007107D
 16898 0001:0007107E 16899 0001:00071081 16901 0001:00071084 16902 0001:0007109F
 16908 0001:000710A8 16909 0001:000710AD 16920 0001:000710B0 16921 0001:000710CC
 16922 0001:00071117 16923 0001:0007111C 16924 0001:00071123 16925 0001:00071169
 16926 0001:00071198 16956 0001:00071298 16957 0001:0007129B 16959 0001:000712A9
 16960 0001:000712B4 16961 0001:000712C1 16963 0001:000712D8 16967 0001:000712DC
 16968 0001:000712E3 16970 0001:000712E5 16971 0001:000712E6 16972 0001:000712E7
 16973 0001:000712E9 16974 0001:000712EC 16975 0001:000712F1 16976 0001:000712F2
 16977 0001:000712F3 16978 0001:000712F8 16979 0001:000712FA 16980 0001:000712FB
 16981 0001:000712FC 16982 0001:000712FE 16983 0001:00071300 16984 0001:00071302
 16985 0001:00071304 16986 0001:00071306 16987 0001:0007130C 16988 0001:0007130E
 16989 0001:00071310 16990 0001:00071312 16991 0001:00071317 16992 0001:0007131C
 16995 0001:0007131D 16998 0001:00071322 17163 0001:00071324 17164 0001:00071329
 17165 0001:00071330 17167 0001:00071334 17168 0001:0007133B 17169 0001:00071344
 17171 0001:00071353 17173 0001:00071362 17331 0001:00071368 17332 0001:0007136F
 17333 0001:00071379 17334 0001:00071387 17336 0001:000713A5 17338 0001:000713BA
 17359 0001:000713C0 17360 0001:000713C5 17364 0001:000713C8 17365 0001:000713CD
 17393 0001:000713D0 17394 0001:000713D2 17395 0001:000713D5 17397 0001:000713D8
 17398 0001:000713E6 17400 0001:000713EA 17401 0001:000713F4 17402 0001:00071402
 17404 0001:0007140B 17405 0001:0007141F 17407 0001:00071423 17408 0001:00071435
 17412 0001:0007143F 17421 0001:0007147B 17423 0001:00071486 17424 0001:0007148C
 17426 0001:00071492 17427 0001:000714A0 17429 0001:000714B4 17431 0001:000714C8
 17432 0001:000714CC 17434 0001:000714D3 17438 0001:00071508 17440 0001:0007151D
 17466 0001:0007155C 17467 0001:00071562 17468 0001:0007157F 17469 0001:00071589
 17474 0001:0007158C 17475 0001:00071592 17476 0001:000715AF 17477 0001:000715B9
 17483 0001:000715BC 17484 0001:000715C5 17487 0001:000715EB 17488 0001:000715F5
 17489 0001:00071603 17491 0001:0007161A 17494 0001:00071629 17497 0001:00071630
 17498 0001:00071636 17500 0001:00071662 17501 0001:0007166C 17506 0001:00071670
 17507 0001:00071676 17508 0001:00071693 17509 0001:0007169D 17512 0001:000716A0
 17513 0001:000716A6 17515 0001:000716BD 17516 0001:000716D7 17518 0001:000716E4
 17519 0001:000716EE 17528 0001:000716F4 17529 0001:00071709 17530 0001:00071711
 17532 0001:00071717 17533 0001:0007172F 17535 0001:00071733 17536 0001:00071744
 17539 0001:0007175B 17540 0001:00071773 17541 0001:00071777 17543 0001:00071795
 17544 0001:000717A4 17545 0001:000717B9 17546 0001:000717DD 17557 0001:00071828
 17558 0001:0007183C 17560 0001:00071890 17574 0001:000718A8 17575 0001:000718C8
 17576 0001:000718D7 17578 0001:000718DD 17579 0001:000718EB 17581 0001:00071901
 17582 0001:0007191B 17583 0001:00071926 17584 0001:00071934 17585 0001:00071949
 17586 0001:00071951 17588 0001:0007195D 17589 0001:0007196F 17590 0001:0007197D
 17592 0001:00071998 17595 0001:000719B8 17597 0001:000719E8 17599 0001:000719F0
 17600 0001:00071A10 17602 0001:00071A1F 17603 0001:00071A2E 17604 0001:00071A3C
 17605 0001:00071A4A 17606 0001:00071A58 17607 0001:00071A67 17608 0001:00071A7F
 17609 0001:00071A96 17612 0001:00071AB4 17613 0001:00071ADE 17615 0001:00071AEB
 17616 0001:00071AFA 17617 0001:00071B08 17618 0001:00071B24 17619 0001:00071B30
 17620 0001:00071B3F 17621 0001:00071B4D 17622 0001:00071B58 17623 0001:00071B64
 17624 0001:00071B75 17626 0001:00071B9D 17629 0001:00071BBA 17632 0001:00071BCA
 17635 0001:00071BE4 17638 0001:00071C0A 17641 0001:00071C1A 17642 0001:00071C45
 17650 0001:00071C58 17651 0001:00071C7B 17654 0001:00071C9C 17655 0001:00071CA0
 17658 0001:00071CB7 17659 0001:00071CD0 17661 0001:00071D02 17666 0001:00071D0C
 17667 0001:00071D12 17668 0001:00071D2C 17669 0001:00071D36 17675 0001:00071D3C
 17676 0001:00071D43 17678 0001:00071D45 17679 0001:00071D4A 17680 0001:00071D4C
 17682 0001:00071D4E 17683 0001:00071D52 17684 0001:00071D57 17685 0001:00071D59
 17687 0001:00071D5B 17688 0001:00071D60 17689 0001:00071D66 17690 0001:00071D67
 17691 0001:00071D6D 17692 0001:00071D6F 17693 0001:00071D71 17694 0001:00071D73
 17695 0001:00071D79 17696 0001:00071D7B 17697 0001:00071D7D 17698 0001:00071D7F
 17699 0001:00071D84 17700 0001:00071D86 17701 0001:00071D8B 17702 0001:00071D8D
 17703 0001:00071D8E 17704 0001:00071D93 17705 0001:00071D94 17708 0001:00071D99
 17709 0001:00071D9F 17714 0001:00071DA0 17715 0001:00071DB2 17716 0001:00071DD4
 17732 0001:00071DD8 17733 0001:00071DE2 17736 0001:00071DE6 17737 0001:00071DEC
 17734 0001:00071DED 17739 0001:00071DFD 17742 0001:00071E04 17744 0001:00071E0B
 17745 0001:00071E17 17746 0001:00071E21 17747 0001:00071E33 17749 0001:00071E38
 17751 0001:00071E56 17754 0001:00071E58 17757 0001:00071E66 17759 0001:00071E7F
 17762 0001:00071E88 17763 0001:00071E99 17765 0001:00071E9B 17766 0001:00071EB4
 17767 0001:00071ED3 17769 0001:00071EDB 17770 0001:00071EE6 17771 0001:00071EF2
 17772 0001:00071F00 17773 0001:00071F15 17774 0001:00071F23 17775 0001:00071F2C
 17778 0001:00071F63 17780 0001:00071F84 17783 0001:00071F92 17785 0001:00071FD6
 17789 0001:00071FF3 17792 0001:00072010 17793 0001:0007201B 17796 0001:0007202F
 17797 0001:00072059 17802 0001:00072060 17803 0001:00072063 17807 0001:0007207E
 17808 0001:00072085 17809 0001:00072093 17812 0001:000720B0 17814 0001:000720B7
 17815 0001:000720C8 17816 0001:000720D1 17817 0001:000720DD 17819 0001:000720F4
 17821 0001:00072103 17825 0001:00072108 17827 0001:0007211A 17828 0001:00072124
 17829 0001:00072132 17831 0001:00072144 17832 0001:00072154 17833 0001:0007215E
 17834 0001:00072165 17841 0001:00072168 17842 0001:0007216E 17844 0001:00072177
 17846 0001:0007217F 17847 0001:00072188 17848 0001:00072192 17850 0001:00072199
 17854 0001:000721A1 17855 0001:000721AA 17858 0001:000721B0 17859 0001:000721B6
 17861 0001:000721BF 17863 0001:000721C4 17864 0001:000721CD 17865 0001:000721DA
 17867 0001:000721E1 17871 0001:000721E9 17872 0001:000721F2 17876 0001:000721F8
 17877 0001:000721FD 17881 0001:00072200 17882 0001:00072205 17891 0001:00072208
 17892 0001:0007222C 17895 0001:00072268 17896 0001:0007227F 17897 0001:00072286
 17901 0001:00072295 17902 0001:000722AC 17906 0001:000722BB 17907 0001:000722D2
 17911 0001:000722E1 17912 0001:000722F8 17916 0001:00072307 17917 0001:0007231E
 17921 0001:0007232D 17922 0001:00072344 17926 0001:00072353 17927 0001:0007236A
 17928 0001:00072387 17932 0001:0007238E 17933 0001:000723A5 17937 0001:000723B1
 17938 0001:000723C8 17942 0001:000723D4 17943 0001:000723EB 17946 0001:00072424
 18049 0001:00072438 18050 0001:00072453 18051 0001:00072461 18052 0001:0007246A
 18054 0001:00072474 18055 0001:00072488 18052 0001:0007248B 18056 0001:000724AB
 18069 0001:000724B4 18070 0001:000724CC 18073 0001:000724D9 18075 0001:000724E7
 18076 0001:000724EE 18078 0001:00072505 18082 0001:00072520 18083 0001:0007252E
 18084 0001:00072535 18086 0001:0007254C 18091 0001:00072567 18092 0001:00072575
 18093 0001:0007257C 18094 0001:00072583 18096 0001:0007258F 18097 0001:00072596
 18099 0001:000725A7 18100 0001:000725C0 18101 0001:000725C9 18103 0001:000725D1
 18106 0001:000725E2 18107 0001:000725EE 18109 0001:0007260C 18111 0001:0007261F
 18112 0001:00072630 18113 0001:00072643 18114 0001:00072656 18115 0001:00072667
 18116 0001:00072671 18117 0001:0007267B 18118 0001:00072685 18119 0001:0007268F
 18120 0001:0007269E 18121 0001:000726A5 18123 0001:000726C7 18125 0001:000726D5
 18126 0001:000726DE 18127 0001:000726E6 18129 0001:000726EE 18130 0001:000726FF
 18131 0001:00072710 18132 0001:00072721 18133 0001:00072726 18134 0001:00072737
 18135 0001:00072748 18136 0001:00072759 18138 0001:0007276D 18140 0001:0007279E
 18148 0001:00072814 18149 0001:0007283B 18152 0001:00072848 18153 0001:0007284C
 18154 0001:0007285A 18156 0001:00072862 18157 0001:0007286E 18158 0001:00072881
 18159 0001:0007288D 18162 0001:0007289B 18164 0001:000728A1 18165 0001:000728A5
 18167 0001:000728A9 18168 0001:000728B5 18171 0001:000728C2 18172 0001:000728C6
 18173 0001:000728E9 18174 0001:000728EF 18175 0001:000728F5 18177 0001:00072901
 18154 0001:00072905 18179 0001:0007290E 18180 0001:00072917 18182 0001:00072920
 18183 0001:0007292F 18185 0001:0007293C 18186 0001:0007294A 18188 0001:00072960
 18190 0001:0007296F 18198 0001:00072994 18199 0001:000729B6 18201 0001:000729C3
 18203 0001:000729DF 18207 0001:000729ED 18209 0001:000729F4 18212 0001:00072A13
 18216 0001:00072A90 18218 0001:00072A9E 18220 0001:00072AD5 18223 0001:00072AF4
 18228 0001:00072B05 18229 0001:00072B0F 18232 0001:00072B16 18233 0001:00072B24
 18234 0001:00072B2B 18235 0001:00072B35 18236 0001:00072B3C 18237 0001:00072B46
 18238 0001:00072B4D 18239 0001:00072B57 18240 0001:00072B5E 18241 0001:00072B68
 18242 0001:00072B72 18243 0001:00072B7C 18244 0001:00072B86 18245 0001:00072B90
 18246 0001:00072B97 18247 0001:00072BA1 18248 0001:00072BA8 18249 0001:00072BB2
 18250 0001:00072BB9 18251 0001:00072BC3 18252 0001:00072BCA 18253 0001:00072BD4
 18254 0001:00072BDB 18255 0001:00072BE5 18256 0001:00072BEC 18257 0001:00072BF6
 18258 0001:00072BFD 18259 0001:00072C07 18260 0001:00072C0E 18261 0001:00072C18
 18262 0001:00072C1F 18263 0001:00072C2A 18264 0001:00072C39 18267 0001:00072C3E
 18268 0001:00072C47 18271 0001:00072C50 18272 0001:00072C5A 18273 0001:00072C64
 18274 0001:00072C6E 18275 0001:00072C78 18276 0001:00072C82 18277 0001:00072C8C
 18278 0001:00072C96 18279 0001:00072CA0 18280 0001:00072CAA 18281 0001:00072CB4
 18282 0001:00072CBE 18283 0001:00072CC8 18284 0001:00072CD2 18285 0001:00072CDC
 18286 0001:00072CE6 18287 0001:00072CF0 18288 0001:00072CFA 18289 0001:00072D04
 18290 0001:00072D0E 18291 0001:00072D18 18292 0001:00072D22 18293 0001:00072D2C
 18294 0001:00072D36 18295 0001:00072D40 18296 0001:00072D4A 18297 0001:00072D54
 18298 0001:00072D5E 18299 0001:00072D68 18300 0001:00072D72 18301 0001:00072D7C
 18303 0001:00072D81 18306 0001:00072D9A 18311 0001:00072DB5 18313 0001:00072DC3
 18314 0001:00072DCA 18316 0001:00072DE1 18320 0001:00072DFC 18321 0001:00072E0A
 18322 0001:00072E11 18324 0001:00072E28 18329 0001:00072E65 18333 0001:00072F1C
 18334 0001:00072F33 18338 0001:00072F34 18339 0001:00072F4B 18346 0001:00072F4C
 18347 0001:00072F56 18350 0001:00072F58 18352 0001:00072F6B 18353 0001:00072F76
 18354 0001:00072F81 18357 0001:00072F8C 18358 0001:00072F97 18361 0001:00072FA2
 18362 0001:00072FBE 18363 0001:00072FE6 18382 0001:00072FEC 18383 0001:00073009
 18385 0001:00073023 18386 0001:0007302A 18387 0001:0007302C 18388 0001:00073040
 18389 0001:00073047 18391 0001:0007304B 18393 0001:00073061 18395 0001:00073068
 18397 0001:00073076 18399 0001:0007307A 18400 0001:000730A9 18403 0001:000730AE
 18404 0001:000730D2 18405 0001:000730DE 18406 0001:000730EE 18409 0001:000730F2
 18410 0001:0007311F 18425 0001:00073128 18429 0001:0007312C 18430 0001:00073133
 18431 0001:00073138 18436 0001:0007313C 18437 0001:00073143 18439 0001:00073160
 18441 0001:00073165 18443 0001:0007316A 18444 0001:0007316B 18445 0001:0007316E
 18447 0001:00073171 18448 0001:00073181 18453 0001:00073188 18454 0001:0007318F
 18459 0001:000731BD 18461 0001:000731C2 18462 0001:000731C3 18463 0001:000731C6
 18465 0001:000731C9 18466 0001:000731D9 18471 0001:000731E0 18472 0001:000731E6
 18473 0001:000731F5 18474 0001:00073203 18476 0001:00073228 18478 0001:0007323B
 18483 0001:00073240 18484 0001:00073247 18486 0001:00073264 18488 0001:00073269
 18490 0001:0007326E 18491 0001:0007326F 18492 0001:00073272 18494 0001:00073275
 18495 0001:00073285 18507 0001:0007328C 18508 0001:00073295 18511 0001:0007329C
 18512 0001:000732AB 18513 0001:000732B9 18514 0001:000732C3 18515 0001:000732C9
 18517 0001:000732D2 18519 0001:000732DD 18520 0001:000732E7 18521 0001:000732ED
 18523 0001:000732F6 18525 0001:00073301 18526 0001:0007330B 18527 0001:00073311
 18529 0001:0007331A 18531 0001:00073325 18534 0001:0007332F 18538 0001:00073336
 18540 0001:00073345 18541 0001:0007334F 18531 0001:00073350 18543 0001:00073353
 18546 0001:0007335D 18547 0001:00073377 18548 0001:00073388 18543 0001:00073389
 18550 0001:00073399 18552 0001:000733A9 18563 0001:000733B0 18565 0001:000733B3
 18566 0001:000733B9 18569 0001:000733C0 18571 0001:000733D3 18572 0001:000733E9
 18573 0001:000733F6 18574 0001:00073411 18578 0001:00073426 18579 0001:00073433
 18583 0001:00073438 18584 0001:0007343F 18585 0001:00073445 18587 0001:00073448
 18588 0001:0007344E 18590 0001:00073455 18592 0001:00073458 18602 0001:00073460
 18604 0001:00073461 18596 0001:00073467 18609 0001:00073474 18612 0001:0007347D
 18613 0001:00073488 18615 0001:000734A1 18616 0001:000734B1 18619 0001:000734BE
 18621 0001:000734C1 18631 0001:000734CA 18633 0001:000734CB 18625 0001:000734D2
 18638 0001:000734DF 18641 0001:000734E8 18642 0001:000734F4 18644 0001:0007350E
 18646 0001:0007351A 18656 0001:00073520 18657 0001:0007353B 18658 0001:00073548
 18659 0001:00073564 18660 0001:0007358F 18661 0001:000735B8 18663 0001:00073608
 18673 0001:00073626 18697 0001:00073641 18713 0001:0007365C 18724 0001:00073669
 18727 0001:0007367A 18734 0001:0007368B 18738 0001:000736A6 18744 0001:000736C1
 18747 0001:000736C6 18751 0001:000736E6 18760 0001:00073706 18761 0001:00073707
 18763 0001:00073714 18768 0001:00073734 18781 0001:0007374F 18786 0001:0007376A
 18787 0001:00073773 18792 0001:0007378E 18794 0001:0007379C 18797 0001:000737D9
 18801 0001:00073AA0 18802 0001:00073ABA 18805 0001:00073ABC 18806 0001:00073ABF
 18807 0001:00073AD0 18810 0001:00073AD4 18814 0001:00073AD7 18816 0001:00073ADE
 18845 0001:00073AE0 18846 0001:00073AE3 18848 0001:00073AEA 18849 0001:00073AF1
 18854 0001:00073AF4 18855 0001:00073AF9 18857 0001:00073B14 18858 0001:00073B1E
 18859 0001:00073B2C 18860 0001:00073B31 18862 0001:00073B41 18865 0001:00073B6F
 18866 0001:00073B85 18868 0001:00073B8C 18860 0001:00073B8D 18870 0001:00073B9D
 18872 0001:00073BAF 18887 0001:00073BB4 18888 0001:00073BBB 18889 0001:00073BCE
 18890 0001:00073BDC 18892 0001:00073BF3 18894 0001:00073C03 18896 0001:00073C08
 18897 0001:00073C25 18898 0001:00073C29 18900 0001:00073C46 18901 0001:00073C55
 18902 0001:00073C63 18903 0001:00073C7B 18905 0001:00073C8F 18906 0001:00073CA1
 18907 0001:00073CA4 18908 0001:00073CA9 18909 0001:00073CBD 18911 0001:00073CD0
 18913 0001:00073D05 18917 0001:00073D0C 18918 0001:00073D20 18920 0001:00073D24
 18921 0001:00073D30 18923 0001:00073D34 18924 0001:00073D53 18925 0001:00073D71
 18927 0001:00073D7B 18929 0001:00073D86 18932 0001:00073DB0 18945 0001:00073DDF
 18947 0001:00073DE6 18949 0001:00073DED 18950 0001:00073DF4 18951 0001:00073E00
 18952 0001:00073E07 18954 0001:00073E1C 18958 0001:00073E23 18959 0001:00073E2A
 18960 0001:00073E31 18961 0001:00073E38 18962 0001:00073E3F 18963 0001:00073E46
 18964 0001:00073E4D 18965 0001:00073E54 18966 0001:00073E5B 18967 0001:00073E72
 18968 0001:00073E89 18969 0001:00073E90 18970 0001:00073E9A 18971 0001:00073EA1
 18972 0001:00073EB0 18973 0001:00073EB7 18974 0001:00073EC8 18975 0001:00073ED2
 18977 0001:00073ED9 18978 0001:00073EE3 18979 0001:00073EED 18981 0001:00073EF7
 18983 0001:00073EFC 18986 0001:00073F05 18989 0001:00073F0A 18991 0001:00073F18
 18992 0001:00073F1F 18996 0001:00073F24 18997 0001:00073F35 18999 0001:00073F46
 19000 0001:00073F5F 19001 0001:00073F68 19003 0001:00073F70 19041 0001:00073F83
 19043 0001:00073F88 19044 0001:00073F99 19045 0001:00073FAA 19046 0001:00073FBB
 19047 0001:00073FCC 19053 0001:00073FDD 19054 0001:00073FE4 19055 0001:00073FF0
 19056 0001:00073FF7 19057 0001:00073FFE 19058 0001:00074008 19059 0001:0007400F
 19060 0001:00074016 19063 0001:00074038 19064 0001:0007404B 19066 0001:00074059
 19067 0001:00074062 19068 0001:0007406A 19071 0001:00074072 19072 0001:00074077
 19073 0001:00074081 19074 0001:0007408B 19076 0001:0007409C 19077 0001:000740AD
 19078 0001:000740B2 19079 0001:000740B9 19080 0001:000740C3 19081 0001:000740CA
 19082 0001:000740D1 19083 0001:000740D8 19084 0001:000740DF 19085 0001:000740E6
 19087 0001:000740ED 19088 0001:000740F4 19089 0001:000740FB 19091 0001:00074102
 19093 0001:00074109 19096 0001:00074111 19098 0001:0007411B 19100 0001:00074135
 19101 0001:00074141 19102 0001:0007414C 19103 0001:00074158 19105 0001:00074163
 19108 0001:00074168 19114 0001:000741B5 19120 0001:00074202 19126 0001:0007424F
 19127 0001:00074264 19129 0001:0007426D 19143 0001:00074286 19149 0001:000742D3
 19155 0001:00074320 19161 0001:0007436D 19162 0001:00074376 19164 0001:0007437B
 19165 0001:00074384 19167 0001:00074389 19169 0001:00074397 19170 0001:0007439C
 19174 0001:000743C6 19176 0001:000743D3 19179 0001:000743E7 19180 0001:000743F0
 19182 0001:00074418 19186 0001:00074454 19190 0001:0007445B 19192 0001:00074464
 19193 0001:00074469 19197 0001:00074498 19204 0001:0007456C 19205 0001:00074580
 19206 0001:0007458E 19208 0001:000745A1 19209 0001:000745AB 19211 0001:000745B5
 19212 0001:000745C8 19214 0001:000745CF 19215 0001:000745D9 19216 0001:000745E0
 19217 0001:000745EA 19218 0001:000745F1 19219 0001:000745FB 19220 0001:00074602
 19221 0001:0007460C 19222 0001:00074613 19223 0001:0007461D 19225 0001:00074624
 19226 0001:00074629 19228 0001:00074634 19230 0001:00074646 19231 0001:00074653
 19233 0001:00074660 19235 0001:00074669 19236 0001:0007467C 19241 0001:00074683
 19242 0001:0007468C 19244 0001:0007469B 19245 0001:000746A5 19246 0001:000746AC
 19247 0001:000746B6 19248 0001:000746BD 19249 0001:000746C7 19251 0001:000746CE
 19252 0001:000746D8 19253 0001:000746E2 19254 0001:000746EC 19255 0001:000746F6
 19258 0001:000746FD 19260 0001:00074706 19261 0001:00074712 19262 0001:0007471C
 19265 0001:0007472F 19266 0001:00074739 19267 0001:00074740 19268 0001:0007474A
 19269 0001:00074751 19270 0001:0007475B 19272 0001:00074762 19273 0001:00074772
 19274 0001:00074783 19275 0001:00074793 19277 0001:000747A4 19278 0001:000747B3
 19285 0001:000747BA 19287 0001:000747C3 19288 0001:000747CE 19289 0001:000747D8
 19290 0001:000747E2 19298 0001:000747E9 19299 0001:000747EE 19301 0001:00074802
 19302 0001:0007480C 19303 0001:00074813 19305 0001:00074842 19352 0001:00074848
 19354 0001:0007485B 19355 0001:00074860 19356 0001:00074867 19358 0001:0007486B
 19359 0001:00074878 19361 0001:000748A3 19370 0001:000748EC 19381 0001:00074900
 19382 0001:0007492C 19384 0001:00074A9C 19374 0001:00074ABC 19375 0001:00074AE0
 19376 0001:00074AEF 19377 0001:00074AF4 19378 0001:00074B03 19380 0001:00074B1D

Line numbers for fib_U(fib_U.pas) segment .text

    45 0001:000AF09C    46 0001:000AF0CF    47 0001:000AF0DD    48 0001:000AF0F1
    50 0001:000AF0FE    51 0001:000AF10F    52 0001:000AF128    53 0001:000AF12A
    54 0001:000AF12F    55 0001:000AF134    57 0001:000AF13A    59 0001:000AF146
    61 0001:000AF14C    63 0001:000AF170    66 0001:000AF178    67 0001:000AF196
    68 0001:000AF199    69 0001:000AF19B    70 0001:000AF19D    63 0001:000AF1A0
    73 0001:000AF1C3    74 0001:000AF1C5    76 0001:000AF22C    85 0001:000AF28C
    86 0001:000AF2A5    87 0001:000AF2AF    89 0001:000AF2C3    91 0001:000AF2C6
    93 0001:000AF2CB    94 0001:000AF2D9   102 0001:000AF305   105 0001:000AF30C
   106 0001:000AF336   107 0001:000AF344   108 0001:000AF358   109 0001:000AF367
   111 0001:000AF382   112 0001:000AF392   115 0001:000AF3A1   117 0001:000AF3C9
   118 0001:000AF3CB   120 0001:000AF432   122 0001:000AF498   122 0001:000AF49F

Line numbers for fib_p(D:\pratik Assignment\fibonacci series\fib_p.dpr) segment .text

    10 0001:000AF748    11 0001:000AF758    12 0001:000AF764    13 0001:000AF77C
    14 0001:000AF788

Bound resource files

C:\Program Files\EurekaLab\EurekaLog 6\Delphi7\DIALOG.RES
c:\program files\borland\delphi7\Lib\Buttons.res
c:\program files\borland\delphi7\Lib\ExtDlgs.res
c:\program files\borland\delphi7\Lib\Controls.res
fib_U.dfm
fib_p.res
fib_p.drf


Program entry point at 0001:000AF748
