
 Start         Length     Name                   Class
 0001:00000000 000A6E44H .text                   CODE
 0002:00000000 00007C6CH .data                   DATA
 0002:00007C6C 00004805H .bss                    BSS


Detailed map of segments

 0001:00000000 00005923 C=CODE     S=.text    G=(none)   M=System   ACBP=A9
 0001:00005924 00000140 C=CODE     S=.text    G=(none)   M=SysInit  ACBP=A9
 0001:00005A64 00000078 C=CODE     S=.text    G=(none)   M=Types    ACBP=A9
 0001:00005ADC 00000FE0 C=CODE     S=.text    G=(none)   M=Windows  ACBP=A9
 0001:00006ABC 00001E63 C=CODE     S=.text    G=(none)   M=ELeaks   ACBP=A9
 0001:00008920 00000338 C=CODE     S=.text    G=(none)   M=SysConst ACBP=A9
 0001:00008C58 00007158 C=CODE     S=.text    G=(none)   M=SysUtils ACBP=A9
 0001:0000FDB0 00000038 C=CODE     S=.text    G=(none)   M=Messages ACBP=A9
 0001:0000FDE8 000007FB C=CODE     S=.text    G=(none)   M=VarUtils ACBP=A9
 0001:000105E4 00002A42 C=CODE     S=.text    G=(none)   M=Variants ACBP=A9
 0001:00013028 00000130 C=CODE     S=.text    G=(none)   M=RTLConsts ACBP=A9
 0001:00013158 00000B2C C=CODE     S=.text    G=(none)   M=TypInfo  ACBP=A9
 0001:00013C84 00000038 C=CODE     S=.text    G=(none)   M=ActiveX  ACBP=A9
 0001:00013CBC 0000A08E C=CODE     S=.text    G=(none)   M=Classes  ACBP=A9
 0001:0001DD4C 00000038 C=CODE     S=.text    G=(none)   M=ETypes   ACBP=A9
 0001:0001DD84 00002944 C=CODE     S=.text    G=(none)   M=EConsts  ACBP=A9
 0001:000206C8 00004C08 C=CODE     S=.text    G=(none)   M=ECore    ACBP=A9
 0001:000252D0 000046CC C=CODE     S=.text    G=(none)   M=EDebug   ACBP=A9
 0001:0002999C 00000040 C=CODE     S=.text    G=(none)   M=ShellAPI ACBP=A9
 0001:000299DC 00000534 C=CODE     S=.text    G=(none)   M=EWinSock ACBP=A9
 0001:00029F10 000014FC C=CODE     S=.text    G=(none)   M=EHook    ACBP=A9
 0001:0002B40C 000000E8 C=CODE     S=.text    G=(none)   M=ELang    ACBP=A9
 0001:0002B4F4 00001740 C=CODE     S=.text    G=(none)   M=ESockets ACBP=A9
 0001:0002CC34 00007BE4 C=CODE     S=.text    G=(none)   M=EZlib2   ACBP=A9
 0001:00034818 00000AFC C=CODE     S=.text    G=(none)   M=EHash    ACBP=A9
 0001:00035314 00000354 C=CODE     S=.text    G=(none)   M=EEncrypt ACBP=A9
 0001:00035668 00000358 C=CODE     S=.text    G=(none)   M=EBase64  ACBP=A9
 0001:000359C0 00000154 C=CODE     S=.text    G=(none)   M=EZip     ACBP=A9
 0001:00035B14 00007CE4 C=CODE     S=.text    G=(none)   M=EWebTools ACBP=A9
 0001:0003D7F8 000005A8 C=CODE     S=.text    G=(none)   M=EXMLBuilder ACBP=A9
 0001:0003DDA0 0000440C C=CODE     S=.text    G=(none)   M=ELogManager ACBP=A9
 0001:000421AC 00001320 C=CODE     S=.text    G=(none)   M=EListView ACBP=A9
 0001:000434CC 000073F8 C=CODE     S=.text    G=(none)   M=EDisAsm  ACBP=A9
 0001:0004A8C4 00029EA8 C=CODE     S=.text    G=(none)   M=ExceptionLog ACBP=A9
 0001:0007476C 00000290 C=CODE     S=.text    G=(none)   M=Consts   ACBP=A9
 0001:000749FC 00007283 C=CODE     S=.text    G=(none)   M=Graphics ACBP=A9
 0001:0007BC80 00000048 C=CODE     S=.text    G=(none)   M=Math     ACBP=A9
 0001:0007BCC8 000002B8 C=CODE     S=.text    G=(none)   M=Contnrs  ACBP=A9
 0001:0007BF80 000000F4 C=CODE     S=.text    G=(none)   M=CommCtrl ACBP=A9
 0001:0007C074 00000787 C=CODE     S=.text    G=(none)   M=MultiMon ACBP=A9
 0001:0007C7FC 00000038 C=CODE     S=.text    G=(none)   M=Imm      ACBP=A9
 0001:0007C834 00000FF8 C=CODE     S=.text    G=(none)   M=HelpIntfs ACBP=A9
 0001:0007D82C 00000038 C=CODE     S=.text    G=(none)   M=WinSpool ACBP=A9
 0001:0007D864 00000044 C=CODE     S=.text    G=(none)   M=Printers ACBP=A9
 0001:0007D8A8 0000031F C=CODE     S=.text    G=(none)   M=FlatSB   ACBP=A9
 0001:0007DBC8 000001A4 C=CODE     S=.text    G=(none)   M=SyncObjs ACBP=A9
 0001:0007DD6C 000009BB C=CODE     S=.text    G=(none)   M=UxTheme  ACBP=A9
 0001:0007E728 00000038 C=CODE     S=.text    G=(none)   M=RichEdit ACBP=A9
 0001:0007E760 00000038 C=CODE     S=.text    G=(none)   M=ToolWin  ACBP=A9
 0001:0007E798 00000038 C=CODE     S=.text    G=(none)   M=RegStr   ACBP=A9
 0001:0007E7D0 00000038 C=CODE     S=.text    G=(none)   M=WinInet  ACBP=A9
 0001:0007E808 00000038 C=CODE     S=.text    G=(none)   M=UrlMon   ACBP=A9
 0001:0007E840 00000038 C=CODE     S=.text    G=(none)   M=ShlObj   ACBP=A9
 0001:0007E878 00000038 C=CODE     S=.text    G=(none)   M=CommDlg  ACBP=A9
 0001:0007E8B0 00000038 C=CODE     S=.text    G=(none)   M=Dlgs     ACBP=A9
 0001:0007E8E8 0000066D C=CODE     S=.text    G=(none)   M=Dialogs  ACBP=A9
 0001:0007EF58 00000652 C=CODE     S=.text    G=(none)   M=ExtCtrls ACBP=A9
 0001:0007F5AC 00000038 C=CODE     S=.text    G=(none)   M=ComStrs  ACBP=A9
 0001:0007F5E4 00000094 C=CODE     S=.text    G=(none)   M=Clipbrd  ACBP=A9
 0001:0007F678 00000038 C=CODE     S=.text    G=(none)   M=StrUtils ACBP=A9
 0001:0007F6B0 000000F5 C=CODE     S=.text    G=(none)   M=Buttons  ACBP=A9
 0001:0007F7A8 00000038 C=CODE     S=.text    G=(none)   M=ExtDlgs  ACBP=A9
 0001:0007F7E0 00000068 C=CODE     S=.text    G=(none)   M=IniFiles ACBP=A9
 0001:0007F848 00000068 C=CODE     S=.text    G=(none)   M=Registry ACBP=A9
 0001:0007F8B0 0000006C C=CODE     S=.text    G=(none)   M=Mapi     ACBP=A9
 0001:0007F91C 00000058 C=CODE     S=.text    G=(none)   M=ExtActns ACBP=A9
 0001:0007F974 00000038 C=CODE     S=.text    G=(none)   M=ListActns ACBP=A9
 0001:0007F9AC 00000180 C=CODE     S=.text    G=(none)   M=ComCtrls ACBP=A9
 0001:0007FB2C 00000A0C C=CODE     S=.text    G=(none)   M=Themes   ACBP=A9
 0001:00080538 00000038 C=CODE     S=.text    G=(none)   M=StdCtrls ACBP=A9
 0001:00080570 00000168 C=CODE     S=.text    G=(none)   M=StdActns ACBP=A9
 0001:000806D8 00000D1F C=CODE     S=.text    G=(none)   M=WinHelpViewer ACBP=A9
 0001:000813F8 00010467 C=CODE     S=.text    G=(none)   M=Controls ACBP=A9
 0001:00091860 00001292 C=CODE     S=.text    G=(none)   M=ActnList ACBP=A9
 0001:00092AF4 000016E4 C=CODE     S=.text    G=(none)   M=ImgList  ACBP=A9
 0001:000941D8 00006639 C=CODE     S=.text    G=(none)   M=Menus    ACBP=A9
 0001:0009A814 0000C360 C=CODE     S=.text    G=(none)   M=Forms    ACBP=A9
 0001:000A6B74 000002CD C=CODE     S=.text    G=(none)   M=Project2 ACBP=A9
 0002:00000000 000000A4 C=DATA     S=.data    G=DGROUP   M=System   ACBP=A9
 0002:000000A4 00000020 C=DATA     S=.data    G=DGROUP   M=SysInit  ACBP=A9
 0002:000000C4 00000014 C=DATA     S=.data    G=DGROUP   M=ELeaks   ACBP=A9
 0002:000000D8 00000254 C=DATA     S=.data    G=DGROUP   M=SysUtils ACBP=A9
 0002:0000032C 00000008 C=DATA     S=.data    G=DGROUP   M=VarUtils ACBP=A9
 0002:00000334 0000008E C=DATA     S=.data    G=DGROUP   M=Variants ACBP=A9
 0002:000003C4 0000000C C=DATA     S=.data    G=DGROUP   M=TypInfo  ACBP=A9
 0002:000003D0 00000080 C=DATA     S=.data    G=DGROUP   M=Classes  ACBP=A9
 0002:00000450 00000908 C=DATA     S=.data    G=DGROUP   M=EConsts  ACBP=A9
 0002:00000D58 00000050 C=DATA     S=.data    G=DGROUP   M=ECore    ACBP=A9
 0002:00000DA8 0000004C C=DATA     S=.data    G=DGROUP   M=EDebug   ACBP=A9
 0002:00000DF4 00000001 C=DATA     S=.data    G=DGROUP   M=EWinSock ACBP=A9
 0002:00000DF8 000001A0 C=DATA     S=.data    G=DGROUP   M=EHook    ACBP=A9
 0002:00000F98 00000001 C=DATA     S=.data    G=DGROUP   M=ESockets ACBP=A9
 0002:00000F9C 00000E5C C=DATA     S=.data    G=DGROUP   M=EZlib2   ACBP=A9
 0002:00001DF8 00000212 C=DATA     S=.data    G=DGROUP   M=EHash    ACBP=A9
 0002:0000200C 00000144 C=DATA     S=.data    G=DGROUP   M=EBase64  ACBP=A9
 0002:00002150 000034B0 C=DATA     S=.data    G=DGROUP   M=EWebTools ACBP=A9
 0002:00005600 00000020 C=DATA     S=.data    G=DGROUP   M=EXMLBuilder ACBP=A9
 0002:00005620 00000024 C=DATA     S=.data    G=DGROUP   M=ELogManager ACBP=A9
 0002:00005644 000012D5 C=DATA     S=.data    G=DGROUP   M=EDisAsm  ACBP=A9
 0002:0000691C 000005E4 C=DATA     S=.data    G=DGROUP   M=ExceptionLog ACBP=A9
 0002:00006F00 00000304 C=DATA     S=.data    G=DGROUP   M=Graphics ACBP=A9
 0002:00007204 00000004 C=DATA     S=.data    G=DGROUP   M=Printers ACBP=A9
 0002:00007208 00000074 C=DATA     S=.data    G=DGROUP   M=Dialogs  ACBP=A9
 0002:0000727C 00000178 C=DATA     S=.data    G=DGROUP   M=ExtCtrls ACBP=A9
 0002:000073F4 0000002C C=DATA     S=.data    G=DGROUP   M=Buttons  ACBP=A9
 0002:00007420 00000008 C=DATA     S=.data    G=DGROUP   M=IniFiles ACBP=A9
 0002:00007428 00000008 C=DATA     S=.data    G=DGROUP   M=Registry ACBP=A9
 0002:00007430 00000008 C=DATA     S=.data    G=DGROUP   M=Mapi     ACBP=A9
 0002:00007438 00000018 C=DATA     S=.data    G=DGROUP   M=ComCtrls ACBP=A9
 0002:00007450 00000068 C=DATA     S=.data    G=DGROUP   M=Themes   ACBP=A9
 0002:000074B8 0000013C C=DATA     S=.data    G=DGROUP   M=Controls ACBP=A9
 0002:000075F4 00000020 C=DATA     S=.data    G=DGROUP   M=ImgList  ACBP=A9
 0002:00007614 000000EC C=DATA     S=.data    G=DGROUP   M=Menus    ACBP=A9
 0002:00007700 0000011C C=DATA     S=.data    G=DGROUP   M=Forms    ACBP=A9
 0002:00008000 00000664 C=BSS      S=.bss     G=DGROUP   M=System   ACBP=A9
 0002:00008664 00000010 C=BSS      S=.bss     G=DGROUP   M=SysInit  ACBP=A9
 0002:00008674 00000004 C=BSS      S=.bss     G=DGROUP   M=Types    ACBP=A9
 0002:00008678 00000004 C=BSS      S=.bss     G=DGROUP   M=Windows  ACBP=A9
 0002:0000867C 00000054 C=BSS      S=.bss     G=DGROUP   M=ELeaks   ACBP=A9
 0002:000086D0 00000004 C=BSS      S=.bss     G=DGROUP   M=SysConst ACBP=A9
 0002:000086D4 00000120 C=BSS      S=.bss     G=DGROUP   M=SysUtils ACBP=A9
 0002:000087F4 00000004 C=BSS      S=.bss     G=DGROUP   M=Messages ACBP=A9
 0002:000087F8 0000005C C=BSS      S=.bss     G=DGROUP   M=VarUtils ACBP=A9
 0002:00008854 00000040 C=BSS      S=.bss     G=DGROUP   M=Variants ACBP=A9
 0002:00008894 00000004 C=BSS      S=.bss     G=DGROUP   M=RTLConsts ACBP=A9
 0002:00008898 00000004 C=BSS      S=.bss     G=DGROUP   M=TypInfo  ACBP=A9
 0002:0000889C 00000004 C=BSS      S=.bss     G=DGROUP   M=ActiveX  ACBP=A9
 0002:000088A0 00000044 C=BSS      S=.bss     G=DGROUP   M=Classes  ACBP=A9
 0002:000088E4 00000004 C=BSS      S=.bss     G=DGROUP   M=ETypes   ACBP=A9
 0002:000088E8 00000004 C=BSS      S=.bss     G=DGROUP   M=EConsts  ACBP=A9
 0002:000088EC 00000009 C=BSS      S=.bss     G=DGROUP   M=ECore    ACBP=A9
 0002:000088F8 00000004 C=BSS      S=.bss     G=DGROUP   M=EDebug   ACBP=A9
 0002:000088FC 00000004 C=BSS      S=.bss     G=DGROUP   M=ShellAPI ACBP=A9
 0002:00008900 00000010 C=BSS      S=.bss     G=DGROUP   M=EWinSock ACBP=A9
 0002:00008910 00000010 C=BSS      S=.bss     G=DGROUP   M=EHook    ACBP=A9
 0002:00008920 00000004 C=BSS      S=.bss     G=DGROUP   M=ELang    ACBP=A9
 0002:00008924 00000004 C=BSS      S=.bss     G=DGROUP   M=ESockets ACBP=A9
 0002:00008928 00002894 C=BSS      S=.bss     G=DGROUP   M=EZlib2   ACBP=A9
 0002:0000B1BC 00000404 C=BSS      S=.bss     G=DGROUP   M=EHash    ACBP=A9
 0002:0000B5C0 0000001C C=BSS      S=.bss     G=DGROUP   M=EEncrypt ACBP=A9
 0002:0000B5DC 00000004 C=BSS      S=.bss     G=DGROUP   M=EBase64  ACBP=A9
 0002:0000B5E0 00000004 C=BSS      S=.bss     G=DGROUP   M=EZip     ACBP=A9
 0002:0000B5E4 00000048 C=BSS      S=.bss     G=DGROUP   M=EWebTools ACBP=A9
 0002:0000B62C 00000004 C=BSS      S=.bss     G=DGROUP   M=EXMLBuilder ACBP=A9
 0002:0000B630 00000004 C=BSS      S=.bss     G=DGROUP   M=ELogManager ACBP=A9
 0002:0000B634 00000004 C=BSS      S=.bss     G=DGROUP   M=EListView ACBP=A9
 0002:0000B638 00000004 C=BSS      S=.bss     G=DGROUP   M=EDisAsm  ACBP=A9
 0002:0000B63C 00000E84 C=BSS      S=.bss     G=DGROUP   M=ExceptionLog ACBP=A9
 0002:0000C4C0 00000004 C=BSS      S=.bss     G=DGROUP   M=Consts   ACBP=A9
 0002:0000C4C4 00000060 C=BSS      S=.bss     G=DGROUP   M=Graphics ACBP=A9
 0002:0000C524 00000004 C=BSS      S=.bss     G=DGROUP   M=Math     ACBP=A9
 0002:0000C528 00000004 C=BSS      S=.bss     G=DGROUP   M=Contnrs  ACBP=A9
 0002:0000C52C 00000004 C=BSS      S=.bss     G=DGROUP   M=CommCtrl ACBP=A9
 0002:0000C530 00000031 C=BSS      S=.bss     G=DGROUP   M=MultiMon ACBP=A9
 0002:0000C564 00000004 C=BSS      S=.bss     G=DGROUP   M=Imm      ACBP=A9
 0002:0000C568 00000008 C=BSS      S=.bss     G=DGROUP   M=HelpIntfs ACBP=A9
 0002:0000C570 00000004 C=BSS      S=.bss     G=DGROUP   M=WinSpool ACBP=A9
 0002:0000C574 00000004 C=BSS      S=.bss     G=DGROUP   M=Printers ACBP=A9
 0002:0000C578 00000034 C=BSS      S=.bss     G=DGROUP   M=FlatSB   ACBP=A9
 0002:0000C5AC 00000004 C=BSS      S=.bss     G=DGROUP   M=SyncObjs ACBP=A9
 0002:0000C5B0 000000CC C=BSS      S=.bss     G=DGROUP   M=UxTheme  ACBP=A9
 0002:0000C67C 00000004 C=BSS      S=.bss     G=DGROUP   M=RichEdit ACBP=A9
 0002:0000C680 00000004 C=BSS      S=.bss     G=DGROUP   M=ToolWin  ACBP=A9
 0002:0000C684 00000004 C=BSS      S=.bss     G=DGROUP   M=RegStr   ACBP=A9
 0002:0000C688 00000004 C=BSS      S=.bss     G=DGROUP   M=WinInet  ACBP=A9
 0002:0000C68C 00000004 C=BSS      S=.bss     G=DGROUP   M=UrlMon   ACBP=A9
 0002:0000C690 00000004 C=BSS      S=.bss     G=DGROUP   M=ShlObj   ACBP=A9
 0002:0000C694 00000004 C=BSS      S=.bss     G=DGROUP   M=CommDlg  ACBP=A9
 0002:0000C698 00000004 C=BSS      S=.bss     G=DGROUP   M=Dlgs     ACBP=A9
 0002:0000C69C 0000000C C=BSS      S=.bss     G=DGROUP   M=Dialogs  ACBP=A9
 0002:0000C6A8 00000004 C=BSS      S=.bss     G=DGROUP   M=ExtCtrls ACBP=A9
 0002:0000C6AC 00000004 C=BSS      S=.bss     G=DGROUP   M=ComStrs  ACBP=A9
 0002:0000C6B0 0000000C C=BSS      S=.bss     G=DGROUP   M=Clipbrd  ACBP=A9
 0002:0000C6BC 00000004 C=BSS      S=.bss     G=DGROUP   M=StrUtils ACBP=A9
 0002:0000C6C0 00000030 C=BSS      S=.bss     G=DGROUP   M=Buttons  ACBP=A9
 0002:0000C6F0 00000004 C=BSS      S=.bss     G=DGROUP   M=ExtDlgs  ACBP=A9
 0002:0000C6F4 00000004 C=BSS      S=.bss     G=DGROUP   M=IniFiles ACBP=A9
 0002:0000C6F8 00000004 C=BSS      S=.bss     G=DGROUP   M=Registry ACBP=A9
 0002:0000C6FC 00000004 C=BSS      S=.bss     G=DGROUP   M=Mapi     ACBP=A9
 0002:0000C700 00000009 C=BSS      S=.bss     G=DGROUP   M=ExtActns ACBP=A9
 0002:0000C70C 00000004 C=BSS      S=.bss     G=DGROUP   M=ListActns ACBP=A9
 0002:0000C710 00000010 C=BSS      S=.bss     G=DGROUP   M=ComCtrls ACBP=A9
 0002:0000C720 00000008 C=BSS      S=.bss     G=DGROUP   M=Themes   ACBP=A9
 0002:0000C728 00000004 C=BSS      S=.bss     G=DGROUP   M=StdCtrls ACBP=A9
 0002:0000C72C 00000004 C=BSS      S=.bss     G=DGROUP   M=StdActns ACBP=A9
 0002:0000C730 00000014 C=BSS      S=.bss     G=DGROUP   M=WinHelpViewer ACBP=A9
 0002:0000C744 00000080 C=BSS      S=.bss     G=DGROUP   M=Controls ACBP=A9
 0002:0000C7C4 00000004 C=BSS      S=.bss     G=DGROUP   M=ActnList ACBP=A9
 0002:0000C7C8 0000000C C=BSS      S=.bss     G=DGROUP   M=ImgList  ACBP=A9
 0002:0000C7D4 00000010 C=BSS      S=.bss     G=DGROUP   M=Menus    ACBP=A9
 0002:0000C7E4 00000020 C=BSS      S=.bss     G=DGROUP   M=Forms    ACBP=A9


  Address         Publics by Name

 0002:00000FC4       ..
 0001:0002EA60       ..
 0001:0002D54C       ..
 0002:000010A0       ..
 0002:00001020       ..
 0001:0002EE6C       ..
 0002:0000102C       ..
 0001:0002EF34       ..
 0001:0003299C       ..
 0002:0000138C       ..
 0002:00001034       ..
 0002:000010F0       ..
 0002:0000A930       ..
 0002:00008930       ..
 0002:00001260       ..
 0002:0000104C       ..
 0002:000088F8       .03
 0002:000088E4       .1
 0002:0000C564       .1
 0002:0000C550       .1
 0002:0000C6FC       .1
 0002:000086D0       .1
 0002:0000C52C       .1
 0002:00008674       .1
 0002:0000C6BC       .1
 0002:000087F4       .1
 0002:00008920       .1
 0002:0000C66C       .1
 0002:0000C6AC       .1
 0002:0000C67C       .1
 0002:0000C684       .1
 0002:0000B1BC       .1
 0002:0000B5C0       .1
 0002:0000B5DC       .1
 0002:00008694       .1
 0002:0000866C       .1
 0002:0000C738       .1
 0002:0000C4C0       .1
 0002:00008910       .1
 0002:0000C688       .1
 0002:0000C68C       .1
 0002:0000C690       .1
 0002:0000C694       .1
 0002:000088FC       .1
 0002:00008894       .1
 0002:0000C598       .1
 0002:0000C698       .1
 0002:0000C69C       .11
 0002:0000C6A8       .12
 0002:0000C4C8       .12
 0002:0000B634       .2
 0002:0000C6B4       .2
 0002:0000C720       .2
 0002:0000C568       .2
 0002:0000B638       .2
 0002:00008928       .2
 0002:0000C524       .2
 0002:0000C528       .21
 0002:0000B660       .21
 0002:0000C6F0       .3
 0002:0000C574       .3
 0002:0000B62C       .3
 0002:0000889C       .3
 0002:0000B630       .3
 0002:00008924       .3
 0002:00008678       .3
 0002:0000C7C8       .3
 0002:0000B5E0       .3
 0002:0000C570       .3
 0002:000087E4       .35
 0002:0000C710       .36
 0002:000088F0       .4
 0002:00008900       .4
 0002:0000C680       .4
 0002:0000C6C0       .4
 0002:0000C7EC       .41
 0002:0000C728       .42
 0002:000088AC       .45
 0002:000088E8       .5
 0002:000085BC       .5
 0002:00008850       .5
 0002:0000C6F8       .5
 0002:0000C5AC       .6
 0002:00008898       .6
 0002:0000B5E4       .7
 0002:0000C74C       .72
 0002:0000C700       .72
 0002:0000C72C       .73
 0002:0000C6F4       .8
 0002:0000C7C4       .8
 0002:0000C70C       .8
 0002:00008874       .81
 0002:0000C7DC       .9
 0001:00001C6C       @AbstractError
 0001:00004370       @AddRefArray
 0001:00004328       @AddRefRecord
 0001:00002C08       @AfterConstruction
 0001:00002A54       @AsClass
 0001:000036A0       @Assert
 0001:000020D8       @AStrCmp
 0001:00002C18       @BeforeDestruction
 0001:00002AA0       @CallDynaInst
 0001:00005360       @CheckAutoResult
 0001:00002BB0       @ClassCreate
 0001:00002C00       @ClassDestroy
 0001:00001FA4       @Close
 0001:00001904       @Copy
 0001:00004564       @CopyArray
 0001:00004448       @CopyRecord
 0001:0002F8E0       @deflateInit2_
 0001:0000467C       @DispCallByIDError
 0001:00011084       @DispInvokeError
 0001:0000466C       @Dispose
 0001:00003158       @DoneExcept
 0001:00004BFC       @DynArrayAddRef
 0001:00004BD4       @DynArrayAsg
 0001:00004B98       @DynArrayClear
 0001:000049D8       @DynArrayHigh
 0001:000049D0       @DynArrayLength
 0001:00004B8C       @DynArraySetLength
 0001:00003240       @ExceptionHandler
 0001:00002148       @FillChar
 0001:0002EB2C       @fill_fopen_filefunc
 0001:0000431C       @Finalize
 0001:00004230       @FinalizeArray
 0001:000041E4       @FinalizeRecord
 0001:00001F98       @Flush
 0001:000027E0       @FpuInit
 0001:0000271C       @FpuMaskInit
 0001:0000173C       @FreeMem
 0001:0000171C       @GetMem
 0001:0000599C       @GetTls
 0001:0002F064       @get_crc_table
 0001:00003688       @Halt
 0001:000035B0       @Halt0
 0001:00002D2C       @HandleAnyException
 0001:00003018       @HandleAutoException
 0001:00002FE0       @HandleFinally
 0001:00002E58       @HandleOnException
 0001:00030FD4       @inflateInit2_
 0001:00030A1C       @inflate_fast
 0001:0003252C       @inflate_table
 0001:000059E8       @InitExe
 0001:000041D8       @Initialize
 0001:00004144       @InitializeArray
 0001:00004114       @InitializeRecord
 0001:00003474       @InitImports
 0001:0000344C       @InitResStringImports
 0001:00003428       @InitResStrings
 0001:000019C0       @Insert
 0001:000052C4       @IntfAddRef
 0001:00005294       @IntfCast
 0001:00005250       @IntfClear
 0001:00005268       @IntfCopy
 0001:00002A30       @IsClass
 0001:000026EC       @isNECWindows
 0001:00001948       @LGetDir
 0001:00003C10       @LStrAddRef
 0001:00003768       @LStrArrayClr
 0001:00003798       @LStrAsg
 0001:00003A28       @LStrCat
 0001:00003A6C       @LStrCat3
 0001:00003AE0       @LStrCatN
 0001:00003744       @LStrClr
 0001:00003B6C       @LStrCmp
 0001:00003C80       @LStrCopy
 0001:00003CC0       @LStrDelete
 0001:000039B4       @LStrFromArray
 0001:0000392C       @LStrFromChar
 0001:0000393C       @LStrFromPChar
 0001:00003834       @LStrFromPCharLen
 0001:0000396C       @LStrFromPWChar
 0001:000038A0       @LStrFromPWCharLen
 0001:000039A8       @LStrFromString
 0001:000039CC       @LStrFromWArray
 0001:000039E8       @LStrFromWStr
 0001:00003D08       @LStrInsert
 0001:000037DC       @LStrLAsg
 0001:00003A20       @LStrLen
 0001:00003D64       @LStrPos
 0001:00003DAC       @LStrSetLength
 0001:00003C20       @LStrToPChar
 0001:000039FC       @LStrToString
 0001:00004658       @New
 0001:00003808       @NewAnsiString
 0001:00003E40       @NewWideString
 0001:00001BD4       @Pos
 0001:00002400       @Pow10
 0001:00002054       @PStrCmp
 0001:0000202C       @PStrCpy
 0001:00001FFC       @PStrNCat
 0001:00002038       @PStrNCpy
 0001:00003104       @RaiseAgain
 0001:000030DC       @RaiseExcept
 0001:00002168       @RandInt
 0001:0000175C       @ReallocMem
 0001:00001CE0       @RewritText
 0001:00001C3C       @ROUND
 0001:00003694       @RunError
 0001:000023E4       @SetEq
 0001:00001C14       @SetLength
 0001:000033E8       @StartExe
 0001:000002F4       @strlen
 0001:00001C48       @TRUNC
 0001:00003188       @TryFinallyExit
 0001:00003C78       @UniqueStringA
 0001:000047A0       @ValInt64
 0001:00002184       @ValLong
 0001:00004358       @VarAddRef
 0001:0001277C       @VarAddRef
 0001:00011370       @VarClear
 0001:00004218       @VarClr
 0001:00011384       @VarClr
 0001:00011698       @VarCopy
 0001:00004430       @VarCopy
 0001:000126B4       @VarFromBool
 0001:00012704       @VarFromCurr
 0001:0001264C       @VarFromInt
 0001:00012688       @VarFromInt64
 0001:00012718       @VarFromLStr
 0001:000126DC       @VarFromReal
 0001:000126F0       @VarFromTDateTime
 0001:00012744       @VarFromWStr
 0001:000110D8       @VarNull
 0001:000119C4       @VarToLStr
 0001:000120EC       @VarToWStr
 0001:00003E10       @Write0LString
 0001:0000229C       @WriteBytes
 0001:0000236C       @WriteLn
 0001:00003E18       @WriteLString
 0001:000022F0       @WriteSpaces
 0001:000040F4       @WStrAddRef
 0001:00003E80       @WStrArrayClr
 0001:00003EA4       @WStrAsg
 0001:00003E68       @WStrClr
 0001:00003FE0       @WStrCmp
 0001:00004064       @WStrCopy
 0001:00003FB4       @WStrFromLStr
 0001:00003EC8       @WStrFromPCharLen
 0001:00003F78       @WStrFromPWChar
 0001:00003F54       @WStrFromPWCharLen
 0001:00003FD4       @WStrLen
 0001:000040B0       @WStrSetLength
 0001:00003FC4       @WStrToPWChar
 0001:000023C0       @_CLenToPasStr
 0001:000023B4       @_CToPasStr
 0001:000018D4       @_IOTest
 0001:000046A8       @_lldiv
 0001:00004724       @_llmod
 0001:00004684       @_llmul
 0001:00033B9C       @_tr_align
 0001:00033E68       @_tr_flush_block
 0001:000329A0       @_tr_init
 0001:00033AE0       @_tr_stored_block
 0001:0000DD7C       Abort
 0002:0000B791       AbortOperation
 0001:00083C1C       AbsMin
 0001:0000E100       AbstractErrorHandler
 0002:0000802C       AbstractErrorProc
 0002:0000015C       AccessMode
 0001:00066070       AccessViolationModuleInLongFormat
 0001:00001824       AcquireExceptionObject
 0001:0005CC74       ActicatePage
 0001:00016028       ActivateClassGroup
 0002:0000B7D8       ActivateEurekaLog
 0001:00006240       ActivateKeyboardLayout
 0002:0000C780       ActiveDrag
 0001:00013CB4       ActiveX
 0001:00092AC8       ActnList
 0001:00037484       AddAuthenticationToURL
 0001:00000428       AddBlockAfter
 0001:0006C8B4       AddCallerCallStack
 0001:00060BAC       AddColor
 0001:00058618       AddCustomHeadersToLog
 0001:000584BC       AddCustomHeaderToLog
 0002:000003D0       AddDataModule
 0001:0002C31C       AddDNS
 0001:0000991C       AddExitProc
 0001:00019464       AddFinished
 0001:00095E0C       AddIn
 0002:00008690       AddLeak
 0001:000571EC       AddModule
 0001:000570B4       AddModuleFromFileName
 0001:000050F4       AddModuleUnloadProc
 0001:000050E4       AddModuleUnloadProc
 0001:00050B8C       AddNewProcess
 0001:00050F4C       AddNewProcessEx
 0001:0001949C       AddNotFinished
 0001:0002A4D8       AddrSize
 0001:00065378       AddStr
 0001:00019EC0       AddSubComponentsToLoaded
 0001:0001C2D4       AddThread
 0001:0005728C       AddToStack
 0001:0003F620       AddValueField
 0001:0002D364       AddZipFile
 0001:00078024       AdjustColor
 0001:0005CBC4       AdjustDialog
 0001:00059FEC       AdjustFlatStyle
 0001:0009CDF4       Adjustment
 0001:00006248       AdjustWindowRectEx
 0001:0002EB64       adler32
 0001:00052B04       Advance
 0001:0006174C       AfterScreenshot
 0001:00061490       AfterScreenshotToStream
 0002:000076D8       Alignments
 0002:000076E8       Alignments
 0001:000891C0       AlignWork
 0001:000A3CEC       AlignWork
 0002:000086AC       AllocatedList_End
 0002:000086A4       AllocatedList_Lock
 0002:000086A8       AllocatedList_Start
 0001:0001DB2C       AllocateHWnd
 0001:000098D0       AllocMem
 0001:0004AD8C       AllocMemAlign
 0002:000085B4       AllocMemCount
 0002:000085B8       AllocMemSize
 0001:0007BA78       AllocPatternBitmap
 0001:00005944       AllocTlsBuffer
 0002:000055E0       AlphaNumerics
 0002:000074C4       AnchorAlign
 0002:000074B8       AnimateWindowProc
 0002:000075C0       AnimationStyle
 0001:0000EA40       AnsiCompareFileName
 0001:00009AC8       AnsiCompareStr
 0001:00009B00       AnsiCompareText
 0001:0000A2A4       AnsiLastChar
 0001:00006250       AnsiLower
 0001:00009A94       AnsiLowerCase
 0001:0000EAC0       AnsiLowerCaseFileName
 0001:0000EA08       AnsiPos
 0001:0009A620       AnsiSameCaption
 0001:00009B38       AnsiSameText
 0001:00009B50       AnsiStrLIComp
 0001:0000EB4C       AnsiStrPos
 0001:0000EBEC       AnsiStrRScan
 0001:0000EC14       AnsiStrScan
 0001:000056E0       AnsiToUtf8
 0001:0000C08C       AppendChars
 0001:0000C450       AppendFormat
 0001:0000C0F0       AppendNumber
 0001:0000C0D0       AppendString
 0002:0000C7E4       Application
 0002:000003E0       ApplicationHandleException
 0001:000579F8       ApplicationRestore
 0002:000003E8       ApplicationShowException
 0002:00007814       AppVisible
 0001:00007518       AreTheSameLeak
 0001:00055F94       ASMAssigned
 0002:00000E98       AsmConst
 0001:00065E40       ASPDotNetWebSiteFile
 0001:0005B5F8       AssemblerDialogProc
 0001:0004C440       AssemblerToRTF
 0001:0000E0E4       AssertErrorHandler
 0002:00008024       AssertErrorProc
 0001:0001354C       AssignLongStr
 0001:0005F048       AssignOnCloseData
 0001:00058EF4       AssignPriority
 0001:00029834       AssignValidDebugInfo
 0001:00013AB0       AssignVariant
 0001:000625DC       AttachedFile
 0001:00062874       AttachedFiles
 0002:0000B654       AttachedFilesRequest
 0001:000684B8       AttrToString
 0002:0000B7DC       AutoCloseTimer
 0001:00058390       AutoCloseTimerProc
 0002:0000860C       avail
 0001:0000A78C       BackfillGetDiskFreeSpaceEx
 0001:00086774       BackgroundClipped
 0001:00010078       BackupVarBoolFromStr
 0001:000101D8       BackupVarBStrFromBool
 0001:000100F8       BackupVarBStrFromCy
 0001:00010168       BackupVarBStrFromDate
 0001:0001000C       BackupVarCyFromStr
 0001:0000FFA0       BackupVarDateFromStr
 0001:0000FE5C       BackupVarI4FromStr
 0001:0000FE08       BackupVariantChangeTypeEx
 0001:0000FEC8       BackupVarR4FromStr
 0001:0000FF34       BackupVarR8FromStr
 0001:000357F0       Base64Decode
 0001:000358EC       Base64DecodeStr
 0001:00035950       Base64DecodeString
 0001:000356D4       Base64Encode
 0001:00062188       Base64EncodeFromFile
 0001:000358A4       Base64EncodeStr
 0001:00035948       Base64EncodeString
 0001:00035958       Base64EncodeToString
 0002:0000204C       Base64Filler
 0001:0000E6D8       Beep
 0001:00016380       BeginGlobalLoading
 0001:00006258       BeginPaint
 0001:000036F8       BeginThread
 0001:00078030       BetterSize
 0001:00096C80       BiDiDraw
 0001:0002342C       BinToStr
 0001:00006040       BitBlt
 0002:000073F4       BitBtnCaptions
 0002:0000C6C4       BitBtnGlyphs
 0002:000071B8       BitmapCanvasList
 0002:0000C4E0       BitmapImageLock
 0001:0000FE44       BiUnimplemented
 0002:00000424       BlockCode
 0002:000085E4       blockDescBlockList
 0002:000085E8       blockDescFreeList
 0001:00064F08       BlockingSendInternetMessage
 0002:000000C8       BlockOverFoot
 0002:000000C4       BlockOverHead
 0002:00000D80       BOMBigEndian
 0002:00000D7C       BOMUnicode
 0002:00000D84       BOMUTF8
 0002:000003C4       BooleanIdents
 0002:00000340       BooleanToStringRule
 0001:00009FB8       BoolToStr
 0001:0001174C       BoolToWStrViaOS
 0001:00005A88       Bounds
 0001:00015340       Bounds
 0002:00007680       Breaks
 0002:0000C518       BrushManager
 0001:00099434       BuildImage
 0001:000511DC       BuildListPS
 0001:000510A4       BuildListTH
 0002:00007250       ButtonCaptions
 0002:00007224       ButtonNames
 0001:0007F780       Buttons
 0002:000076FC       Buttons
 0002:00006904       ByteRegs1
 0002:00006908       ByteRegs2
 0001:00077810       BytesPerScanline
 0001:00060D14       BytesPerScanline
 0001:00060758       BytesSwap
 0001:00077B68       ByteSwapColors
 0001:0000E7BC       ByteToCharIndex
 0001:0000E794       ByteToCharLen
 0001:0000E758       ByteType
 0001:0000E6E0       ByteTypeTest
 0002:0000C7CC       CachedComCtrlVer
 0002:0000B9D4       Cached_LogFile
 0001:00070C6C       CalcAddr
 0001:00060788       CalcCRC
 0001:00035694       CalcDecodedSize
 0001:00054194       CalcDuplicatedException
 0001:00035668       CalcEncodedSize
 0001:0001DA68       CalcJmpOffset
 0001:00090B50       CalcSplitterPos
 0001:0002A830       CalculateRelocatedAsmSize
 0001:000551A8       CallAttachedFilesRequest
 0001:00055218       CallAttachedFilesRequestEvents
 0001:0005534C       CallCustomButtonClickEvent
 0001:000553B8       CallCustomButtonClickEvents
 0001:000550D8       CallCustomDataRequest
 0001:00055148       CallCustomDataRequestEvents
 0001:0005527C       CallCustomWebFieldsRequest
 0001:000552EC       CallCustomWebFieldsRequestEvents
 0001:00006B70       CallerOfReallocMem
 0001:00054DDC       CallExceptionActionNotify
 0001:00068DB4       CallExceptionActionNotify_atSavedLogFile
 0001:00068D90       CallExceptionActionNotify_atSavingLogFile
 0001:00063CFC       CallExceptionActionNotify_atSendingEmail
 0001:00063D44       CallExceptionActionNotify_atSendingWebMessage
 0001:00063D20       CallExceptionActionNotify_atSentEmail
 0001:00063D68       CallExceptionActionNotify_atSentWebMessage
 0001:00069130       CallExceptionActionNotify_atShowedExceptionInfo
 0001:0006910C       CallExceptionActionNotify_atShowingExceptionInfo
 0001:00060050       CallExceptionActionNotify_atTerminating
 0001:00054F50       CallExceptionErrorNotify
 0001:00068DD8       CallExceptionErrorNotify_atSavedLogFile
 0001:00063D8C       CallExceptionErrorNotify_atSentEmail
 0001:00063DB0       CallExceptionErrorNotify_atSentWebMessage
 0001:00054BE4       CallExceptionNotify
 0001:00054C50       CallExceptionNotifyEvents
 0002:00006924       CallForGetLogText
 0002:00006920       CallFromCOMObject
 0001:00054CB4       CallHandledExceptionNotify
 0001:00054D20       CallHandledExceptionNotifyEvents
 0001:00055154       CallModuleEvent_AttachedFilesRequest
 0001:000552F8       CallModuleEvent_CustomButtonClickNotify
 0001:00055084       CallModuleEvent_CustomDataRequest
 0001:00055224       CallModuleEvent_CustomWebFieldsRequest
 0001:00054D2C       CallModuleEvent_ExceptionActionNotify
 0001:00054EA4       CallModuleEvent_ExceptionErrorNotify
 0001:00054B94       CallModuleEvent_ExceptionNotify
 0001:00054C5C       CallModuleEvent_HandledExceptionNotify
 0001:000553C4       CallModuleEvent_PasswordRequest
 0001:00006260       CallNextHookEx
 0001:00055018       CallPasswordRequest
 0001:00057678       CallStackByAddresses
 0001:0005BB10       CallStackDialogProc
 0001:0000F2E0       CallTerminateProcs
 0001:00006268       CallWindowProc
 0001:00069154       CallWriteIntraWebText
 0001:0006F1D0       Call_HookedExceptionObject
 0001:0006EF34       Call_HookedRaise
 0001:0006F1FC       Call_HookedRtlUnwind
 0001:000602CC       CalsCoordinates
 0002:0000B792       CanAttachScreenshot
 0002:0000B78D       CanAttachScreenshot_Show
 0001:00084C54       CancelDrag
 0002:0000B793       CanCopy
 0002:0000B78E       CanCopy_Show
 0001:0007393C       CanEnableEurekaLogInPackages
 0001:00055D78       CanExit
 0002:0000B755       CanHookLibraries
 0002:00006E4C       CannotProcessMessagesExceptions
 0002:00006E98       CannotShowDialog
 0002:0000B958       CannotUseThread
 0001:0006C928       CanPauseThisThread
 0002:0000B78C       CanSendError_Show
 0002:0000B790       CanSendMessage
 0001:000709FC       CanShowHandledExceptionEx
 0002:0000B78F       CanSupport_Show
 0002:0000C794       CanvasList
 0002:0000C51C       CanvasList
 0002:0000BA04       CaptionFontName
 0002:00007210       Captions
 0002:0000BC40       CAPTION_HEIGHT
 0002:0000757C       CaptureControl
 0002:0000200C       cBase64Codec
 0002:00002050       cBase64Codec
 0002:00007620       cBooleanToItemAutoFlag
 0001:00059A2C       CenterOnActiveWndMonitor
 0001:00058314       CenterWindow
 0002:0000C6B2       CF_COMPONENT
 0002:0000C6B0       CF_PICTURE
 0002:0000B710       CGIHandleException
 0002:0000B6BC       CGIOutputFile
 0002:0000886C       ChangeAnyProc
 0001:0000A324       ChangeFileExt
 0001:00072EBC       ChangeFinalizationOrder
 0001:0005EFBC       ChangeLogUserEmail
 0001:00003864       CharFromWChar
 0001:0000E990       CharLength
 0001:00006270       CharLowerBuff
 0001:00000254       CharNext
 0001:00006278       CharNext
 0002:00005624       chars
 0001:00076194       CharsetToIdent
 0001:0000E8A4       CharToByteIndex
 0001:0000E908       CharToByteLen
 0001:00006280       CharToOemA
 0001:000785E0       CheckBool
 0001:00073838       CheckCrc32
 0001:000224E0       CheckDirectoryExists
 0001:000373F0       CheckError
 0001:0002AE0C       CheckFail
 0001:00072B88       CheckForMemoryLeaks
 0001:000529AC       CheckForResult
 0001:000222B8       CheckIntoIDE
 0001:00002CA8       CheckJmp
 0001:0002CD10       CheckLibrary
 0001:0004B488       CheckMagicCode
 0001:00006288       CheckMenuItem
 0001:00007258       CheckOurPointer
 0002:00007670       Checks
 0001:00019EFC       CheckSubComponents
 0001:0001C2EC       CheckSynchronize
 0001:0009C830       CheckTaskWindow
 0001:00084908       CheckUndock
 0001:0000E5CC       CheckWin32Version
 0002:00000344       CInvalidCustomVariantType
 0002:00007624       cItemAutoFlagToBoolean
 0002:0000761C       cItemAutoFlagToMenu
 0001:0001DCB8       Classes
 0001:00015DEC       ClassNotFound
 0002:00008868       ClearAnyProc
 0001:00075A24       ClearColor
 0001:0004F384       ClearInternalError
 0001:00012AB8       ClearVariantTypeList
 0002:0000BBA9       ClickLinkActive
 0001:00042AB8       ClickOnSign
 0001:00006290       ClientToScreen
 0001:0008E138       ClientToWindow
 0002:000071B0       ClipboardFormats
 0001:0007F620       Clipbrd
 0001:0004D868       CloneObject
 0001:00006298       CloseClipboard
 0001:00005C00       CloseHandle
 0001:000001F4       CloseHandle
 0001:00054178       CloseLogFile
 0001:00062500       CloseSendDialog
 0001:00029C68       closesocket
 0002:0000C5B4       CloseThemeData
 0001:0002D524       CloseZipFile
 0002:0000B718       CLXHandleException
 0002:0000B71C       CLXShowException
 0002:00008040       CmdLine
 0002:0000803C       CmdShow
 0002:00007618       cMenuAutoFlagToItem
 0001:0000FE50       CmpUnimplemented
 0002:00006EC0       ColIdx
 0002:00006F30       Colors
 0001:00075F8C       ColorToIdent
 0002:0000727C       ColorToPretyName
 0001:00075F7C       ColorToRGB
 0002:0000BBDC       ColWidths
 0001:00006048       CombineRgn
 0002:0000C71C       ComCtlVersion
 0001:0007FB24       ComCtrls
 0002:0000C7E0       CommandPool
 0001:0007C06C       CommCtrl
 0001:0007E8A8       CommDlg
 0001:00000708       Commit
 0002:00008628       committedRoot
 0001:000613D4       CommonSaveToStream
 0001:00056264       CompareEurekaFunctions
 0001:000953F0       CompareFront
 0001:000099FC       CompareMem
 0001:0005061C       CompareModulesFunctions
 0001:000509E4       CompareProcessesFunctions
 0001:000099CC       CompareStr
 0001:00005C08       CompareString
 0001:00009A1C       CompareText
 0001:00009EE0       CompareWith
 0001:00067294       CompleteIP
 0001:00039270       CompleteNumber
 0001:0004BA28       CompleteStr
 0001:0003E7B0       CompleteStr
 0001:00068514       CompleteString
 0001:00020964       CompleteVersion
 0001:00019FDC       ComponentCreated
 0001:00034920       Compress
 0001:0002EF20       compressBound
 0001:00024EE4       ComputerName
 0001:0004D324       ComputerName
 0001:0007F5DC       ComStrs
 0001:00029C94       connect
 0001:000749F4       Consts
 0001:0007BF78       Contnrs
 0002:0000C752       ControlAtom
 0002:0000C758       ControlAtomString
 0001:000A15BC       ControlHasHelp
 0001:000917D0       Controls
 0001:0000DB1C       ConvertAddr
 0001:00006E58       ConvertAddress
 0001:00021B88       ConvertAddress
 0001:0000C1E0       ConvertEraString
 0001:00009894       ConvertError
 0001:000098AC       ConvertErrorFmt
 0001:0003DEC8       ConvertNotDosText
 0001:00035E50       ConvertSpecialHTMLChars
 0001:0000C348       ConvertYearString
 0001:000049E0       CopyArray
 0001:000790B8       CopyBitmap
 0001:00079780       CopyBitmapAsMask
 0001:00006800       CopyMemory
 0001:0007971C       CopyPalette
 0001:000062A0       CopyRect
 0002:00007454       Copyright
 0001:000556C0       CopyStrings
 0001:000984E0       CopyToBest
 0001:00007B80       CountAllLeaks
 0001:0000E814       CountChars
 0002:0000C4F8       CounterLock
 0001:0005C998       CPUDialogProc
 0001:0004C7DC       CPUToRTF
 0002:00000348       CRangeToType
 0002:00001DF8       Crc16Tab
 0001:0002F078       crc32
 0002:0000B1C0       crc_table
 0002:00001FF8       crc_table_computed
 0001:00060F28       Create8bitBitmap
 0001:0000E028       CreateAssertException
 0001:0000E1B0       CreateAVObject
 0001:00006050       CreateBitmap
 0001:00006058       CreateBrushIndirect
 0001:00006060       CreateCompatibleBitmap
 0001:00006068       CreateCompatibleDC
 0001:0001A05C       CreateComponent
 0001:00006974       CreateDialogA
 0001:00057FB8       CreateDialogFonts
 0001:000062A8       CreateDialogParamA
 0001:00006078       CreateDIBitmap
 0001:00006070       CreateDIBSection
 0001:0000A890       CreateDir
 0001:00005C10       CreateDirectory
 0001:00005C18       CreateEvent
 0001:000591C4       CreateExceptionReport
 0001:00005C20       CreateFile
 0001:00005C28       CreateFileA
 0001:000001FC       CreateFileA
 0001:00005C30       CreateFileMapping
 0001:00006080       CreateFontA
 0001:00006088       CreateFontIndirect
 0001:00006090       CreateFontIndirectA
 0001:00069160       CreateGeneralText
 0001:00006098       CreateHalftonePalette
 0001:00051D58       CreateHTMLByLayout
 0001:00054780       CreateHTMLFile
 0001:000062B0       CreateIcon
 0001:0000DF54       CreateInOutError
 0001:00059594       CreateLeakReport
 0001:0006A1F0       CreateLogText
 0001:000062B8       CreateMenu
 0001:0002C740       CreateMXQuery
 0001:00060B48       CreateOctreeNode
 0001:000060A0       CreatePalette
 0001:000060A8       CreatePenIndirect
 0001:000062C0       CreatePopupMenu
 0001:00005C38       CreateProcessA
 0001:000060B0       CreateRectRgn
 0001:000060B8       CreateRectRgnIndirect
 0001:000060C0       CreateSolidBrush
 0001:00077BC0       CreateSystemPalette
 0001:00052130       CreateTemplateFile
 0001:0000025C       CreateThread
 0001:00005C40       CreateThread
 0001:0005973C       CreateThreadStr
 0001:000637E8       CreateTmpLogFile
 0001:0004DEA8       CreateVirtualFile
 0001:0000691C       CreateWindow
 0001:000068C4       CreateWindowEx
 0001:0005484C       CreateXMLLogCopy
 0001:00063DD4       CreateZIPFile
 0001:0002D2D0       CreateZipFile
 0001:00072068       Create_EurekaLogUnitsList
 0002:00007208       CreationControl
 0002:000074BC       CreationControl
 0002:000003B0       CRelationshipToBoolean
 0002:0000032C       CResult
 0002:00000D58       CriticalError
 0002:00006E70       CriticalExceptObject
 0002:00000154       cSimpleBoolStrs
 0002:0000035C       CText
 0002:000075B8       Ctl3DStyles
 0002:00008620       curAlloc
 0002:000086DC       CurrencyDecimals
 0002:000086D8       CurrencyFormat
 0002:000086D4       CurrencyString
 0002:0000B744       CurrentAsmErrorLine
 0002:0000B74C       CurrentAsmErrorText
 0002:0000B750       CurrentCPUErrorText
 0002:0000B7E0       CurrentDialog
 0001:00070CE0       CurrentEurekaLogOptions
 0002:0000B748       CurrentGeneralErrorText
 0002:0000B6B8       CurrentOptions
 0002:0000B7F8       CurrentProcessWindowsList
 0002:00006E5C       CurrentStackList
 0001:0000C078       CurrentYear
 0001:0000B9EC       CurrToStr
 0001:000116DC       CurrToWStrViaOS
 0002:00007798       CursorMap
 0002:000074CC       Cursors
 0001:000834F4       CursorToIdent
 0002:00007788       cUseAlpha
 0002:00007790       cUseColorKey
 0002:0000B65C       CustomButtonClickNotify
 0002:0000B650       CustomDataRequest
 0002:0000B77C       CustomExceptMessage
 0001:00072C1C       CustomHandler
 0002:00006930       CustomSmtpHeloCommand
 0002:0000B658       CustomWebFieldsRequest
 0002:0000B5C4       CV
 0001:00009C24       CvtInt
 0001:00009C90       CvtInt64
 0002:00000194       CWNear
 0001:0000BFC8       Date
 0002:000086DD       DateSeparator
 0001:0000CC90       DateTimeToStr
 0001:00020EDC       DateTimeToStrFixed
 0001:0000CC04       DateTimeToString
 0001:0000BB40       DateTimeToTimeStamp
 0001:0000CC60       DateToStr
 0001:00011714       DateToWStrViaOS
 0001:0000BFA0       DayOfWeek
 0002:0000B7F4       DbgSection
 0002:00000190       DCon10
 0002:00006F2C       DDBsOnly
 0001:0001DBE0       DeallocateHWnd
 0002:0000002C       DebugHook
 0002:0000B934       DebugHook_Assigned
 0001:000653C8       DebugToStr
 0002:000086DB       DecimalSeparator
 0001:0000BF10       DecodeDate
 0001:0000BDC4       DecodeDateFully
 0001:00026D80       DecodeNameString
 0001:0000BC34       DecodeTime
 0001:0000079C       Decommit
 0001:00000DB8       DecommitFree
 0002:000085FC       decommittedRoot
 0001:0003556C       Decrypt
 0001:000A4914       Default
 0001:0009F244       Default
 0002:00000024       Default8087CW
 0002:000074C0       DefaultDockTreeClass
 0002:00000038       DefaultTextLineBreakStyle
 0002:000085C0       DefaultUserCodePage
 0002:00007180       DefBrushData
 0002:00006F00       DefFontData
 0001:000062C8       DefFrameProc
 0001:0002FEB0       deflate
 0001:00030174       deflateEnd
 0001:0002F8C4       deflateInit_
 0002:00000220       DefLongDayNames
 0002:000001D4       DefLongMonthNames
 0001:000062D0       DefMDIChildProc
 0002:00007160       DefPenData
 0002:00000204       DefShortDayNames
 0002:000001A4       DefShortMonthNames
 0001:000062D8       DefWindowProc
 0001:000062E0       DefWindowProcA
 0001:00004C38       DelayLoadResourceModule
 0001:00000458       DeleteBlock
 0001:00005C48       DeleteCriticalSection
 0001:000003C8       DeleteCriticalSection
 0001:000060C8       DeleteDC
 0001:00063F40       DeleteExtraFiles
 0001:0000A28C       DeleteFile
 0001:00005C50       DeleteFile
 0001:00005C58       DeleteFileA
 0001:000505A8       DeleteFileEx
 0001:00000C00       DeleteFree
 0001:000062E8       DeleteMenu
 0001:000060D0       DeleteObject
 0001:00060A54       DeleteTree
 0001:0004E014       DeleteVirtualFile
 0002:00006EE0       DeniedChars
 0001:00078C74       DeselectBitmap
 0001:000062F0       DestroyCursor
 0001:00058200       DestroyDialogFonts
 0001:000062F8       DestroyIcon
 0001:0007F6B0       DestroyLocals
 0001:00006300       DestroyMenu
 0001:00006308       DestroyWindow
 0002:0000BC1C       DetailsActive
 0001:0005A02C       DetailsState
 0001:00006310       DialogBoxParamA
 0001:000810AC       DialogEnumerationTester
 0002:0000BC28       DialogHeight
 0001:0007EF18       Dialogs
 0002:0000B944       DialogType
 0002:000071BC       DIBPalSizes
 0002:00000094       dig
 0002:00000D5C       Digits
 0001:0005210C       DirectoryExists
 0001:00008660       DisableMemoryLeaksCheck
 0001:0009C684       DisableTaskWindows
 0001:00006318       DispatchMessage
 0001:000A289C       DispatchShortCut
 0002:00008000       DispCallByIDProc
 0001:00009878       DivMod
 0001:0007E8E0       Dlgs
 0001:00057C70       DlgTemplate
 0002:00008918       DllList
 0001:00089050       DoAlign
 0001:000A3BA0       DoAlign
 0001:0008CFF4       DoCalcConstraints
 0002:0000C788       DockSiteList
 0001:00099100       DoClick
 0001:0008A728       DoControlMsg
 0001:0009C634       DoDisableWindow
 0001:00084234       DoDragOver
 0001:000098F0       DoExitProc
 0001:0008EE24       DoFindControlZone
 0001:0009C770       DoFindWindow
 0001:0008F3B0       DoFindZone
 0001:0008EEA8       DoForEach
 0001:000907B4       DoGetNextLimit
 0001:00025228       Done
 0001:0007419C       Done
 0001:0002B2E0       Done
 0001:0000884C       Done
 0001:0002CBA0       Done
 0001:0009C5FC       DoneApplication
 0001:00071D38       DoneCheckFreeze
 0001:00091514       DoneControls
 0002:0000B70C       DoneExcept
 0001:00072E70       DoneExceptAddr
 0001:0000E4DC       DoneExceptions
 0001:00036E74       DoneLib
 0001:000083EC       DoneShareMem
 0001:000A0C18       DoNestedActivation
 0001:0001C288       DoneThreadSynchronization
 0001:00088C10       DoPosition
 0001:000A39F0       DoPosition
 0001:0008FDDC       DoPrune
 0001:000902B4       DoSaveZone
 0001:000904B8       DoSetNewBounds
 0001:00021220       DotNetHostedFile
 0001:00065E98       DotNetHostedFileHandle
 0001:00065E4C       DotNetMainFile
 0002:00006E80       DotNetMetadataFile
 0002:00006EA0       Dots
 0002:000003CC       DotSep
 0001:00093A50       DoWrite
 0001:00078838       DoWrite
 0001:00017258       DoWrite
 0001:00089D10       DoWriteDesignSize
 0001:00087868       DoWriteIsControl
 0002:0000C76C       DragCapture
 0002:0000C760       DragControl
 0001:0008497C       DragDone
 0001:000841E4       DragFindTarget
 0001:000841B8       DragFindWindow
 0002:0000C784       DragImageList
 0001:000845D4       DragInit
 0001:00084744       DragInitControl
 0002:0000C768       DragInternalObject
 0001:00084100       DragMessage
 0002:0000C764       DragObject
 0002:0000C790       DragSave
 0002:0000C778       DragSaveCursor
 0002:0000C770       DragStartPos
 0002:0000C77C       DragThreshold
 0001:00084304       DragTo
 0001:000A4950       DrawAppIcon
 0001:0004227C       DrawBmp
 0001:00042E00       DrawBottom
 0001:0005EF10       DrawButton
 0001:0005EDA4       DrawClickHere
 0001:0008F948       DrawCloseButton
 0001:0005ED1C       DrawControl
 0001:00006320       DrawEdge
 0001:00042D8C       DrawFrame
 0001:00006328       DrawFrameControl
 0001:0008F9A0       DrawGrabberLine
 0001:00006330       DrawIcon
 0001:00006338       DrawIconEx
 0002:000075F4       DrawingStyles
 0001:00042EA8       DrawItem
 0001:00042E54       DrawLine
 0001:00006340       DrawMenuBar
 0001:0009A440       DrawMenuItem
 0001:0005CF54       DrawSupportLink
 0001:00006348       DrawText
 0001:00006350       DrawTextA
 0002:0000C5B8       DrawThemeBackground
 0002:0000C5DC       DrawThemeEdge
 0002:0000C5E0       DrawThemeIcon
 0002:0000C664       DrawThemeParentBackground
 0002:0000C5BC       DrawThemeText
 0001:00077690       DupBits
 0002:0000B794       DuplicatedException
 0001:00005C60       DuplicateHandle
 0001:000049F8       DynArrayClear
 0001:00004A00       DynArraySetLength
 0001:000359B8       EBase64
 0001:000206C0       EConsts
 0001:000252A0       ECore
 0001:00029994       EDebug
 0002:000076E0       EdgeStyle
 0002:000075A8       EdgeStyles
 0001:0004A8BC       EDisAsm
 0001:00035660       EEncrypt
 0001:0003530C       EHash
 0001:0000DF28       EHeapException.FreeInstance
 0001:0002B3DC       EHook
 0001:0003E440       ElaborateString
 0001:000376B0       ElaborateURL
 0001:00037818       ElaborateWebPage
 0001:0002B4EC       ELang
 0001:0000890C       ELeaks
 0001:000434C4       EListView
 0001:000421A4       ELogManager
 0001:00006358       EmptyClipboard
 0002:00008854       EmptyParam
 0002:000000D8       EmptyStr
 0002:000000DC       EmptyWideStr
 0002:00000458       EMsgs
 0001:000084D4       EnableMemoryLeaksCheck
 0001:00006360       EnableMenuItem
 0002:00007678       Enables
 0001:00006368       EnableScrollBar
 0001:0009C738       EnableTaskWindows
 0002:0000C64C       EnableThemeDialogTexture
 0002:0000C668       EnableTheming
 0001:00006370       EnableWindow
 0001:00060940       Encode
 0001:0000BD94       EncodeDate
 0002:00005600       EncodedChars
 0001:0000BBF4       EncodeTime
 0001:0006394C       EncodeURL
 0001:00006378       EndDialog
 0001:00016408       EndGlobalLoading
 0001:00006380       EndPaint
 0001:0000373C       EndThread
 0001:00005C68       EnterCriticalSection
 0001:000003B8       EnterCriticalSection
 0001:00005C70       EnumCalendarInfoA
 0002:0000C54C       EnumDisplayMonitors
 0001:0000D790       EnumEraNames
 0001:0000D7CC       EnumEraYearOffsets
 0001:0009F808       EnumMonitorsProc
 0001:00005C78       EnumSystemLocalesA
 0001:00006388       EnumThreadWindows
 0001:0001980C       EnumValue
 0001:00006390       EnumWindows
 0001:0004F62C       EnumWindowsProc
 0001:0004F89C       EnumWindowsProc
 0001:0004F6D0       EnumWindowsProc
 0001:0004F788       EnumWindowsProc
 0001:000262CC       Eof
 0002:00005620       EOFLine
 0001:00006398       EqualRect
 0002:000087A4       EraNames
 0001:0000CF1C       EraToYear
 0002:000087C0       EraYearOffsets
 0002:0000006C       errCaption
 0001:00015990       Error
 0001:00018FF0       Error
 0001:00061818       Error
 0001:000018C8       Error
 0001:00095140       Error
 0001:000082B4       Error
 0002:00000004       ErrorAddr
 0001:0000187C       ErrorAt
 0001:0000DFD4       ErrorHandler
 0002:0000023C       ErrorMap
 0002:00008008       ErrorProc
 0002:000083E8       ErrOutput
 0002:00000C30       EShowOptions
 0001:0002CC00       ESockets
 0001:0001DD7C       ETypes
 0002:00000450       EurekaLogCurrentVersion
 0002:0000B7B0       EurekaLogList
 0001:000620E0       EurekaLogSendEmail
 0002:00006934       EurekaLogUnits
 0002:0000B7D4       EurekaLogUnitsList
 0001:00055B8C       EurekaLog_AttachedFilesRequestEvent
 0001:0006F8B4       EurekaLog_CallCreateThread
 0001:0006F044       EurekaLog_CallExceptObject
 0001:0006F9EC       EurekaLog_CallExitThread
 0001:0006EEC0       EurekaLog_CallGeneralRaise
 0001:0006F948       EurekaLog_CallResumeThread
 0001:00055CD4       EurekaLog_CustomButtonClickEvent
 0001:00055AE8       EurekaLog_CustomDataRequestEventEx
 0001:00055C30       EurekaLog_CustomWebFieldsRequestEvent
 0001:000559A0       EurekaLog_ExceptionActionNotifyEvent
 0001:00055A44       EurekaLog_ExceptionErrorNotifyEvent
 0001:00055858       EurekaLog_ExceptionNotifyEvent
 0001:000558FC       EurekaLog_HandledExceptionNotifyEvent
 0001:0006F8AC       EurekaLog_LastDelphiException
 0001:00055744       EurekaLog_PasswordRequestEvent
 0001:00055788       EurekaLog_PasswordRequestEventEx
 0002:000009B8       EVals
 0002:00000CF0       EVariablesOptions
 0001:0003D7F0       EWebTools
 0001:00029F08       EWinSock
 0001:00001804       ExceptAddr
 0002:0000800C       ExceptClsProc
 0001:0000E448       ExceptHandler
 0001:0000DD9C       Exception.Create
 0001:0000DDD8       Exception.CreateFmt
 0001:0000DE58       Exception.CreateRes
 0001:0000DE94       Exception.CreateResFmt
 0002:0000B644       ExceptionActionNotify
 0002:0000801C       ExceptionClass
 0002:0000B68C       ExceptionCriticalSection
 0001:0000DB28       ExceptionErrorMessage
 0002:0000B648       ExceptionErrorNotify
 0001:0004E928       ExceptionLine
 0001:000746EC       ExceptionLog
 0001:00071008       ExceptionManager
 0002:0000B63C       ExceptionNotify
 0002:0000B6C4       ExceptionNumber
 0002:0000B7E8       ExceptionsTime
 0002:0000B7EC       ExceptionTime
 0001:00052694       ExceptionTypeByAddr
 0002:00000274       ExceptMap
 0001:0006E518       ExceptNotify
 0001:000651F0       ExceptNotifyAfter1
 0001:000652EC       ExceptNotifyAfter2
 0001:00065300       ExceptNotifyAfter3
 0001:000017E4       ExceptObject
 0002:00008010       ExceptObjProc
 0002:00008004       ExceptProc
 0001:000060D8       ExcludeClipRect
 0001:00022454       ExcludeLastBackslash
 0002:00000000       ExitCode
 0001:000034F4       ExitDll
 0002:00008048       ExitProc
 0001:0000026C       ExitProcess
 0002:00008028       ExitProcessProc
 0002:00000150       ExitProcList
 0001:00005C80       ExitThread
 0001:00000264       ExitThread
 0001:0003DD98       EXMLBuilder
 0001:00021134       ExpandEnvVars
 0001:0000A500       ExpandFileName
 0001:00056314       ExportedFunctions
 0001:0007F96C       ExtActns
 0001:0007F57C       ExtCtrls
 0001:0007F7D8       ExtDlgs
 0001:00053C88       ExtractDebugData
 0001:0000A3EC       ExtractFileDrive
 0001:0000A4B8       ExtractFileExt
 0001:0000A480       ExtractFileName
 0001:00006AFC       ExtractFileName
 0001:0000A3B8       ExtractFilePath
 0001:0000A53C       ExtractFilePathNoDrive
 0001:000714D8       ExtractGZipStream
 0001:00020BD8       ExtractList
 0001:0000A5C8       ExtractRelativePath
 0001:0005376C       ExtractStr
 0001:0002203C       ExtractStringsEx
 0001:00058FDC       ExtractThreadByList
 0001:0003FB38       ExtractValue
 0001:00035B0C       EZip
 0001:00034810       EZlib2
 0002:0000B9E0       fActive
 0002:00006E94       fActivePage
 0002:000087E0       FalseBoolStrs
 0002:0000B9FC       fBigFont
 0002:0000B9E4       fCaptionFont
 0002:0000C6B8       FClipboard
 0002:00000184       FCon1E18
 0002:0000B9D8       fDlgBack
 0001:00068884       FetchStr
 0002:0000B9EC       fFixedFont1
 0002:0000B9F0       fFixedFont2
 0001:0000A120       FileAge
 0001:0000A118       FileClose
 0001:0000A080       FileCreate
 0001:0000A05C       FileCreate
 0001:0000A800       FileDateToDateTime
 0001:0000A188       FileExists
 0002:000071B4       FileFormats
 0002:0000000C       FileMode
 0001:00001D28       FileNOPProc
 0001:0000A004       FileOpen
 0001:0000A088       FileRead
 0002:000003F8       FilerSignature
 0001:0000A0E0       FileSeek
 0001:00005C88       FileTimeToDosDateTime
 0001:00005C90       FileTimeToLocalFileTime
 0001:0000A0B4       FileWrite
 0001:00000CE8       FillAfterGap
 0001:000549D8       FillAttachedList
 0001:00000C94       FillBeforeGap
 0001:00000D80       FillerSizeAfterGap
 0001:00000D10       FillerSizeBeforeGap
 0001:000063A0       FillRect
 0001:00050AA0       FillThreadsCount
 0001:0003DD68       Finalization
 0001:0003D7A0       Finalization
 0001:000105A4       Finalization
 0001:00013C2C       Finalization
 0001:00035ADC       Finalization
 0001:000298F8       Finalization
 0001:000299A4       Finalization
 0001:00035988       Finalization
 0001:00035630       Finalization
 0001:00029ED8       Finalization
 0001:000352DC       Finalization
 0001:00013C84       Finalization
 0001:0007E6B8       Finalization
 0001:0007E728       Finalization
 0001:000941A0       Finalization
 0001:0002B388       Finalization
 0001:0007E760       Finalization
 0001:0007E798       Finalization
 0001:0002B4BC       Finalization
 0001:00092A98       Finalization
 0001:00091768       Finalization
 0001:0007E7D0       Finalization
 0001:0007E808       Finalization
 0001:0007E840       Finalization
 0001:00006A84       Finalization
 0001:0007E878       Finalization
 0001:0007E8B0       Finalization
 0001:0007EEBC       Finalization
 0001:0007F534       Finalization
 0001:0007F5AC       Finalization
 0001:000347E0       Finalization
 0001:0007F5E4       Finalization
 0001:0007F678       Finalization
 0001:0007F748       Finalization
 0001:0007F7A8       Finalization
 0001:0007F7F8       Finalization
 0001:0000FDB0       Finalization
 0001:0007F860       Finalization
 0001:0000FBB0       Finalization
 0001:0007F8C4       Finalization
 0001:0007F91C       Finalization
 0001:0007F974       Finalization
 0001:0007FAAC       Finalization
 0001:0002CBA8       Finalization
 0001:000804EC       Finalization
 0001:00081324       Finalization
 0001:00080538       Finalization
 0001:000806A0       Finalization
 0001:00042168       Finalization
 0001:00043494       Finalization
 0001:0002522C       Finalization
 0001:000088D4       Finalization
 0001:0004A820       Finalization
 0001:00008C20       Finalization
 0001:0007DD34       Finalization
 0001:0007DB88       Finalization
 0001:0007D864       Finalization
 0001:0009A71C       Finalization
 0001:0007D82C       Finalization
 0001:0007D7E4       Finalization
 0001:0007C7FC       Finalization
 0001:0007C7BC       Finalization
 0001:0007C03C       Finalization
 0001:0007BF48       Finalization
 0001:0007BC90       Finalization
 0001:0002063C       Finalization
 0001:0007BAB0       Finalization
 0001:0001DD4C       Finalization
 0001:0001DC08       Finalization
 0001:00013120       Finalization
 0001:00012F04       Finalization
 0001:000A6AD4       Finalization
 0001:000057FC       Finalization
 0001:000749C4       Finalization
 0001:00074530       Finalization
 0001:000A6B74       Finalization
 0001:00005A2C       Finalization
 0001:00005AA4       Finalization
 0002:00008684       FinalizationProc
 0001:000049F0       FinalizeArray
 0001:00003328       FinalizeUnits
 0001:00098EC0       Find
 0001:00052D38       FindBetterMatch
 0001:00004CA8       FindBS
 0001:00015EAC       FindClass
 0001:00004C30       FindClassHInstance
 0001:00005C98       FindClose
 0001:0000A270       FindClose
 0001:0000027C       FindClose
 0001:00000C64       FindCommitted
 0001:000832D4       FindControl
 0001:0008F5DC       FindControlAtPos
 0001:00012E14       FindCustomVariantType
 0001:00012D5C       FindCustomVariantType
 0001:00084CA0       FindDragTarget
 0001:00063768       FindEOFLine
 0001:00037288       FindErrorMessage
 0001:000690B0       FindException
 0001:0001A20C       FindExistingComponent
 0001:0000A1FC       FindFirst
 0001:00000284       FindFirstFile
 0001:00005CA0       FindFirstFile
 0001:00005CA8       FindFirstFileA
 0001:00050D3C       FindFullPath
 0001:00053B7C       FindFunction
 0001:0009C87C       FindGlobalComponent
 0001:00016298       FindGlobalComponent
 0002:000088B8       FindGlobalComponentProcs
 0001:0004B49C       FindHandled
 0001:00004C08       FindHInstance
 0001:00016140       FindIdentToInt
 0001:000075E4       FindLeakAddress
 0001:00007808       FindLeakClassName
 0001:0000753C       FindLeakSons
 0001:00073724       FindMainInstance
 0001:0000A198       FindMatchingFile
 0001:0004FD5C       FindModuleType
 0002:0000C6A4       FindMsg
 0001:0001939C       FindNestedComponent
 0001:0000A24C       FindNext
 0001:00005CB0       FindNextFile
 0001:00007498       FindNextValidLeak
 0001:0002643C       FindParam
 0001:00095108       FindPopupControl
 0001:0001026C       FindProc
 0001:00029B04       FindProc
 0001:000509EC       FindProcess
 0001:00005CB8       FindResource
 0001:00005CC0       FindResourceA
 0001:00004C80       FindResourceHInstance
 0001:000A6328       FindScanline
 0001:000369EC       FindSelected
 0001:0009C7D4       FindTopMostWindow
 0001:0001B0F0       FindUniqueName
 0001:00084C6C       FindVCLWindow
 0001:000063A8       FindWindow
 0001:00081104       FindWinHelp
 0001:0004B454       FirstProc
 0002:0000BA08       FixedFontName1
 0002:0000BA0C       FixedFontName2
 0002:0000BA00       FixedFontSize
 0002:0000BC44       FixedTmpOptionsFile
 0001:0007906C       FixupBitFields
 0002:000076F0       Flags
 0002:000087F0       FLanguages
 0001:0007DBB8       FlatSB
 0002:0000C578       FlatSB_EnableScrollBar
 0002:0000C584       FlatSB_GetScrollInfo
 0002:0000C588       FlatSB_GetScrollPos
 0002:0000C580       FlatSB_GetScrollRange
 0002:0000C590       FlatSB_SetScrollInfo
 0002:0000C58C       FlatSB_SetScrollPos
 0001:0007D8A8       FlatSB_SetScrollProp
 0002:0000C594       FlatSB_SetScrollRange
 0002:0000C57C       FlatSB_ShowScrollBar
 0002:0000B9F4       fLinkFont
 0002:0000B9F8       fLinkFont2
 0002:0000BB84       fListViewItems
 0002:00006004       FloatingPointOpcodes
 0001:0000B67C       FloatToDecimal
 0001:0000B9BC       FloatToStr
 0001:0000B0B4       FloatToText
 0001:0000B388       FloatToTextFmt
 0001:00001F8C       Flush
 0001:00005CC8       FlushInstructionCache
 0002:0000B9DC       fMemoBack
 0002:0000BB64       fMonitor
 0002:0000BB6C       fMonitorInfo
 0002:00000198       FMSecsPerDay
 0001:0000AFB0       FmtStr
 0002:0000770C       FocusCount
 0002:00007708       FocusMessages
 0002:000070D0       FontCharsets
 0002:0000C510       FontManager
 0001:00070F54       ForceApplicationTermination
 0001:00022504       ForceDirectoriesEx
 0001:00074478       ForceUseConstant
 0001:0009C850       ForegroundTask
 0002:000001A0       Format
 0001:0000AF9C       Format
 0001:0000ABA4       FormatBuf
 0001:0000AB98       FormatClearStr
 0001:00068CD0       FormatComplete
 0001:0000CCA4       FormatDateTime
 0001:0000AB1C       FormatError
 0002:0000017C       FormatErrorStrs
 0001:0000BA1C       FormatFloat
 0001:00005CD0       FormatMessage
 0001:000292D0       FormatProcName
 0001:0000AB74       FormatVarToStr
 0001:000A6B30       Forms
 0001:000023F8       FPower10
 0002:00007204       FPrinter
 0001:000063B0       FrameRect
 0001:00007B54       FreeAllLeaks
 0001:0000F790       FreeAndNil
 0001:0004D89C       FreeClonedObject
 0001:000009D0       FreeCommitted
 0001:00000EF0       FreeCurAlloc
 0001:00084D60       FreeDeviceContext
 0001:00084E1C       FreeDeviceContexts
 0001:0001D9D4       FreeIntConstList
 0001:00005CD8       FreeLibrary
 0001:0000028C       FreeLibrary
 0001:00078BC8       FreeMemoryContexts
 0001:0001DB08       FreeObjectInstance
 0001:0004E5D4       FreeOutOfMemoryCache
 0001:00005CF8       FreeResource
 0001:000617DC       FreeScreenshot
 0001:00000650       FreeSpace
 0001:0000F2FC       FreeTerminateProcs
 0001:0007DD6C       FreeThemeLibrary
 0002:0000B758       FreezeThread
 0002:0000C718       FRichEditModule
 0002:0000BB68       fSendBmp
 0002:0000B618       FtpOpenFile
 0001:0003D1CC       FTPUploadFiles
 0002:0000B9E8       fVariableFont
 0001:00077680       GDICheck
 0001:000775D8       GDIError
 0001:0005C790       GeneralDialogProc
 0001:0006ECA0       GeneralRaise
 0001:0004BFDC       GeneralToRTF
 0001:000648FC       GenerateCustomWebFieldsString
 0001:00051FE8       GenerateHTML
 0001:00038040       GenerateMultipartBoundary
 0001:0003C610       GenerateMultipartBoundary
 0001:00038110       GenerateRequestBody
 0001:0003C74C       GenerateRequestBody
 0001:00001C34       Get8087CW
 0001:00005D00       GetACP
 0001:000666D0       GetActiveControlClass
 0001:000666E8       GetActiveControlText
 0001:000665F0       GetActiveFormClass
 0001:0006663C       GetActiveFormText
 0001:000597AC       GetActiveMonitorData
 0001:000063B8       GetActiveWindow
 0001:000673D8       GetAdapterInfo
 0001:00050A6C       GetAllocatedMemory
 0001:00053B5C       GetAndSetFunctionSize
 0001:000A407C       GetAnimation
 0001:00066F40       GetApplicationName
 0001:0004F800       GetApplicationRect
 0001:000665D0       GetApplicationUpTime
 0001:0002A640       GetAsmSize
 0001:00057A6C       GetBaseOfStack
 0001:000060E0       GetBitmapBits
 0001:000003D0       GetBlockDesc
 0001:0005EE88       GetBottonWidth
 0001:000060E8       GetBrushOrgEx
 0001:00006884       GetBValue
 0001:00057948       GetCallStackByAddresses
 0001:0004E614       GetCallStackDump
 0001:000063C0       GetCapture
 0001:0008359C       GetCaptureControl
 0001:00015E58       GetClass
 0001:000063C8       GetClassInfo
 0001:000063D0       GetClassName
 0001:000063D8       GetClassNameA
 0001:000063E0       GetClientRect
 0001:000060F0       GetClipBox
 0001:0000036C       GetCmdShow
 0001:00092C68       GetColor
 0001:00043314       GetColumnAlign
 0001:000432E8       GetColumnCount
 0001:0007FA4C       GetComCtlVersion
 0001:00005D10       GetCommandLine
 0001:00000294       GetCommandLine
 0001:0000081C       GetCommitted
 0001:000008AC       GetCommittedAt
 0001:0006872C       GetCompanyName
 0001:00066574       GetCompilationDate
 0001:0004BAB0       GetCompleteTimeStr
 0001:00005D18       GetComputerNameA
 0001:0008A2DC       GetControlAtPos
 0001:0006DF90       GetControlClass
 0001:0006DFEC       GetControlText
 0001:0000C13C       GetCount
 0001:00005D08       GetCPInfo
 0001:000348BC       GetCRC16
 0001:00034874       GetCRC32
 0001:0000A86C       GetCurrentDir
 0001:0000029C       GetCurrentDirectory
 0001:000060F8       GetCurrentObject
 0001:00006100       GetCurrentPositionEx
 0001:000689FC       GetCurrentPrinterHandle
 0001:00005D20       GetCurrentProcess
 0001:00005D28       GetCurrentProcessId
 0001:00057A74       GetCurrentStackPointer
 0001:00071000       GetCurrentStackPointer
 0002:0000C65C       GetCurrentThemeName
 0001:00005D30       GetCurrentThread
 0001:00005D38       GetCurrentThreadId
 0001:0000035C       GetCurrentThreadId
 0001:000067F8       GetCurrentTime
 0001:0004D8BC       GetCurrentTopOfStack
 0001:00068554       GetCurrentUserPrivileges
 0001:000063E8       GetCursor
 0001:000A6338       GetCursorHeightMargin
 0001:000063F0       GetCursorPos
 0001:00007370       GetDataCaller
 0001:0000C168       GetDate
 0001:00005D40       GetDateFormat
 0001:0000CE34       GetDateOrder
 0001:000063F8       GetDC
 0001:00006400       GetDCEx
 0001:00006108       GetDCOrgEx
 0001:0005724C       GetDebugDetail
 0001:00065468       GetDebugInfoEx
 0001:00053F80       GetDebugInfosByAddr
 0001:00053948       GetDebugPartialInfo
 0001:00068918       GetDefaultPrinter
 0001:0007B6C0       GetDefFontCharSet
 0001:00006408       GetDesktopWindow
 0001:00006120       GetDeviceCaps
 0001:0005CBA0       GetDialogState
 0001:000785C8       GetDIB
 0001:00006110       GetDIBColorTable
 0001:00006118       GetDIBits
 0001:00078510       GetDIBSizes
 0001:000777F0       GetDInColors
 0001:00005D48       GetDiskFreeSpaceA
 0002:0000014C       GetDiskFreeSpaceEx
 0001:00066CF4       GetDiskInfo
 0001:00068460       GetDisplayDPI
 0001:000671F4       GetDisplayMode
 0001:00006410       GetDlgItem
 0001:0002C340       GetDNSList
 0001:00090894       GetDockAlign
 0001:00083F44       GetDockSiteAtPos
 0001:0002C4FC       GetDomain
 0001:0002C668       GetDomainName
 0001:00084270       GetDropCtl
 0001:00069ED8       GetDump
 0001:00002A70       GetDynaMethod
 0001:00069D58       GetEAX
 0001:00069D88       GetEBX
 0001:00069DB8       GetECX
 0001:00069E48       GetEDI
 0001:00058A34       GetEditText
 0001:00069DE8       GetEDX
 0001:00055F8C       GetEF
 0001:00049214       GetEffectiveAddress
 0001:00069EA8       GetEIP
 0001:0006A0FC       GetEmptySection
 0001:00013190       GetEnumName
 0001:00013268       GetEnumNameValue
 0001:000132B4       GetEnumValue
 0001:00005D50       GetEnvironmentVariableA
 0001:00020FF8       GetEnvVariable
 0001:0000D844       GetEraNamesAndYearOffsets
 0001:0000CEC8       GetEraYearOffset
 0001:00069E18       GetESI
 0001:00069E78       GetESP
 0001:0004E604       GetESP
 0001:00021394       GetEurekaLogDir
 0001:00056850       GetEurekaLogModuleVersion
 0001:000668E4       GetExceptionAddress
 0001:0000E198       GetExceptionClass
 0001:000668CC       GetExceptionDate
 0001:0006633C       GetExceptionMessage
 0001:00066918       GetExceptionModuleName
 0001:000669FC       GetExceptionModuleVersion
 0001:0000E37C       GetExceptionObject
 0001:00066A80       GetExceptionType
 0001:00057B80       GetExceptMessage
 0001:00005D58       GetExitCodeProcess
 0001:00005D60       GetExitCodeThread
 0001:00015DE0       GetFieldClassTable
 0001:0003628C       GetFieldValue
 0001:00005D68       GetFileAttributes
 0001:00005D70       GetFileAttributesA
 0001:0003C6E0       GetFileContents
 0001:0003721C       GetFileContents
 0001:0000020C       GetFileSize
 0001:0002D328       GetFileSize
 0001:00050574       GetFileSize
 0001:0003D190       GetFileSize
 0001:00000204       GetFileType
 0001:0000E5EC       GetFileVersion
 0001:00067904       GetFileVersionEx
 0001:00006010       GetFileVersionInfo
 0001:00006018       GetFileVersionInfoA
 0001:00006020       GetFileVersionInfoSize
 0001:00006028       GetFileVersionInfoSizeA
 0001:00006418       GetFocus
 0001:00021248       GetFolder
 0001:000761B4       GetFontData
 0001:00006420       GetForegroundWindow
 0001:0000EEB4       GetFormatSettings
 0001:00006ED0       GetFramesCallStackDump
 0001:00066DE8       GetFreeDisk
 0001:00066C74       GetFreeMemory
 0001:00005D78       GetFullPathName
 0001:00065748       GetFunctionAsm
 0001:0002A778       GetFunctionSize
 0001:00022270       GetGMT
 0001:00006880       GetGValue
 0001:00005D80       GetHandleInformation
 0001:00075720       GetHashCode
 0001:000A15F4       GetHelpInfo
 0001:0007CC7C       GetHelpSystem
 0001:000A3E60       GetHint
 0001:000A3E98       GetHintControl
 0001:00029DB8       gethostbyname
 0001:00029DE8       gethostname
 0001:0009A5BC       GetHotkey
 0001:00037928       GetHTTPResponse
 0001:0003CA1C       GetHTTPResponse
 0001:00006428       GetIconInfo
 0001:00029608       GetImageNtHeaders
 0001:00067AF8       GetIndexKeyName
 0001:000688B8       GetIniDefPrinter
 0001:0006E97C       GetIntraWebExceptionType
 0001:00042254       GetItemRect
 0001:0005BAC4       GetItemText
 0001:00006440       GetKeyboardLayout
 0001:00006448       GetKeyboardLayoutList
 0001:00006450       GetKeyboardState
 0001:000026E4       GetKeyboardType
 0001:00006430       GetKeyNameText
 0001:00006438       GetKeyState
 0001:00066880       GetLanguageString
 0001:00006458       GetLastActivePopup
 0001:0008EB5C       GetLastChildZone
 0001:000002A4       GetLastError
 0001:00005D88       GetLastError
 0001:00007598       GetLeakCount
 0001:00036BF8       GetListDefault
 0001:00036878       GetListValue
 0001:0000D608       GetLocaleChar
 0001:00066754       GetLocaleDataA
 0001:00066714       GetLocaleDataW
 0001:00005D98       GetLocaleInfo
 0001:000002AC       GetLocaleInfo
 0001:00005DA0       GetLocaleInfoA
 0001:00005DA8       GetLocaleInfoW
 0001:0000D5BC       GetLocaleStr
 0001:00005D90       GetLocalTime
 0001:00083558       GetLongHint
 0001:00021C64       GetLongNameFromShort
 0001:00013560       GetLongStrProp
 0001:0004F664       GetMainWindow
 0001:00006128       GetMapMode
 0001:000351DC       GetMD5
 0001:00066B28       GetMemInfo
 0001:000017AC       GetMemoryManager
 0001:00006460       GetMenu
 0001:000A157C       GetMenuHelpContext
 0001:00006468       GetMenuItemCount
 0001:00006470       GetMenuItemID
 0001:00006478       GetMenuItemInfo
 0001:0009770C       GetMenuSize
 0001:00006480       GetMenuState
 0001:00006488       GetMenuString
 0001:00013B04       GetMethodProp
 0001:0002D1CC       GetModifiedDate
 0001:00021BC0       GetModifiedDate
 0001:0005012C       GetModuleDescriptionAndVersion
 0001:000002B4       GetModuleFileName
 0001:00005DB0       GetModuleFileName
 0001:00005DB8       GetModuleFileNameA
 0001:000002BC       GetModuleHandle
 0001:00005924       GetModuleHandle
 0001:00005DC0       GetModuleHandle
 0001:00005DC8       GetModuleHandleA
 0001:0004FF20       GetModulePath
 0001:0004FFFC       GetModuleSize
 0001:00050918       GetModulesList
 0001:00050788       GetModulesWin9X
 0001:00050624       GetModulesWinNT
 0001:0005008C       GetModuleVer
 0001:00054B40       GetModule_ProcedureEvent
 0002:0000C540       GetMonitorInfo
 0002:0000C544       GetMonitorInfoA
 0002:0000C548       GetMonitorInfoW
 0001:00059A08       GetMonitorWorkAreaFromActiveWnd
 0001:000599E4       GetMonitorWorkAreaFromWnd
 0001:00059900       GetMonitorWorkAreaFromWndEx
 0001:0000D66C       GetMonthDayNames
 0001:0002C894       GetMXBestRecord
 0001:0002C7CC       GetMXRecord
 0001:0002C984       GetMXServerFromEmail
 0001:00067780       GetNetworkData
 0001:00006490       GetNextWindow
 0001:00006130       GetObject
 0001:00007384       GetObjectCaller
 0001:00060EB8       GetOptimizedPalette
 0001:00036AD4       GetOptionsDefault
 0001:00008264       GetOptionsFromExeFile
 0001:00036678       GetOptionsValue
 0001:00013388       GetOrdProp
 0001:0004D2F0       GetOSBuild
 0001:000668B4       GetOSCharset
 0001:000668A8       GetOSLanguage
 0001:0004CEC8       GetOSType
 0001:00066700       GetOSUpdate
 0001:0004E5B8       GetOutOfMemoryCache
 0001:00060A90       GetPaletteColors
 0001:00006138       GetPaletteEntries
 0001:000664E4       GetParameters
 0001:00001A88       GetParamStr
 0001:00006498       GetParent
 0001:0009CA48       GetParentForm
 0001:00051440       GetParentProcessID
 0001:00058A90       GetParentWnd
 0001:00056BA0       GetPassword
 0001:00006140       GetPixel
 0001:00068A74       GetPrinterStr
 0001:00005DD0       GetPriorityClass
 0001:00005DD8       GetPrivateProfileStringA
 0001:000002C4       GetProcAddress
 0001:00005DE0       GetProcAddress
 0001:0005123C       GetProcessesList
 0001:00067010       GetProcessor
 0001:000504E4       GetProcessThreads
 0001:00005DE8       GetProfileStringA
 0001:000064A0       GetProp
 0001:00013318       GetPropInfo
 0001:00006F48       GetRawCallStackDump
 0001:000081C8       GetRawOptions
 0001:00006B84       GetReadableSize
 0001:00021AE8       GetReadableSize
 0001:000542E8       GetRealFileName
 0001:0009CF08       GetRealScrollPosition
 0001:00048BE0       GetRefAddress
 0001:00048D1C       GetRegName
 0001:00008180       GetResourceData
 0001:00052788       GetResourceData
 0001:00092C48       GetRGBColor
 0001:0000687C       GetRValue
 0001:000064A8       GetScrollInfo
 0001:000064B0       GetScrollPos
 0001:000064B8       GetScrollRange
 0001:00083514       GetShortHint
 0001:00013458       GetShortStrProp
 0001:000134F0       GetShortStrPropAsLongStr
 0001:00052F2C       GetSourceInfoByAddr
 0001:00000574       GetSpace
 0001:000005D8       GetSpaceAt
 0001:00095198       GetSpecialName
 0001:0006A06C       GetStack
 0001:00066F28       GetStartDate
 0001:000002CC       GetStartupInfo
 0001:00005DF0       GetStartupInfoA
 0001:00000214       GetStdHandle
 0001:00005DF8       GetStdHandle
 0001:00006148       GetStockObject
 0001:00005E00       GetStringTypeEx
 0001:00013690       GetStrProp
 0001:000064C0       GetSubMenu
 0001:000535F8       GetSymbolAddr
 0001:000064C8       GetSysColor
 0001:000064D0       GetSysColorBrush
 0001:00005E08       GetSystemDefaultLangID
 0001:00005E10       GetSystemInfo
 0001:000064D8       GetSystemMenu
 0001:000064E0       GetSystemMetrics
 0002:0000C530       GetSystemMetrics
 0001:00006150       GetSystemPaletteEntries
 0001:00005E18       GetSystemTime
 0001:000671B8       GetSystemUpTime
 0001:00036040       GetTagValue
 0001:00005E20       GetTempPathA
 0001:0003646C       GetTextAreaValue
 0001:00006158       GetTextExtentPoint32
 0001:00006160       GetTextExtentPoint32A
 0001:000587CC       GetTextHeight
 0001:00006168       GetTextMetrics
 0001:000589B0       GetTextWidth
 0002:0000C654       GetThemeAppProperties
 0002:0000C5C0       GetThemeBackgroundContentRect
 0002:0000C5C4       GetThemeBackgroundExtent
 0002:0000C5D4       GetThemeBackgroundRegion
 0002:0000C5F8       GetThemeBool
 0002:0000C5EC       GetThemeColor
 0002:0000C660       GetThemeDocumentationProperty
 0002:0000C600       GetThemeEnumValue
 0002:0000C620       GetThemeFilename
 0002:0000C608       GetThemeFont
 0002:0000C5FC       GetThemeInt
 0002:0000C614       GetThemeIntList
 0002:0000C610       GetThemeMargins
 0002:0000C5F0       GetThemeMetric
 0002:0000C5C8       GetThemePartSize
 0002:0000C604       GetThemePosition
 0002:0000C618       GetThemePropertyOrigin
 0002:0000C60C       GetThemeRect
 0002:0000C5F4       GetThemeString
 0002:0000C62C       GetThemeSysBool
 0002:0000C624       GetThemeSysColor
 0002:0000C628       GetThemeSysColorBrush
 0002:0000C634       GetThemeSysFont
 0002:0000C63C       GetThemeSysInt
 0002:0000C630       GetThemeSysSize
 0002:0000C638       GetThemeSysString
 0002:0000C5CC       GetThemeTextExtent
 0002:0000C5D0       GetThemeTextMetrics
 0001:00005E28       GetThreadContext
 0001:00059074       GetThreadData
 0001:00005E30       GetThreadLocale
 0001:000002D4       GetThreadLocale
 0001:0006E904       GetThreadParams
 0001:00005E38       GetThreadPriority
 0001:00005E40       GetTickCount
 0001:0000C1A0       GetTime
 0001:00005950       GetTlsSize
 0001:00005BA8       GetTokenInformation
 0001:000A462C       GetTopMostWindows
 0001:0004E60C       GetTopOfStack
 0001:000836A4       GetTopParent
 0001:000064E8       GetTopWindow
 0001:00066E88       GetTotalDisk
 0001:00066BF4       GetTotalMemory
 0001:00013184       GetTypeData
 0001:0002130C       GetUserApplicationsPath
 0001:00068718       GetUserEmail
 0001:00005BB0       GetUserNameA
 0001:00071A34       GetValidMainWindow
 0001:00037B44       GetValueFromIndex
 0001:00005E48       GetVersion
 0001:00000364       GetVersion
 0001:00005E50       GetVersionEx
 0001:00050520       GetVersionNumber
 0001:00067CC8       GetVideoCardStr
 0001:0002A244       GetVirtualMethod
 0001:000136FC       GetWideStrProp
 0001:000135E0       GetWideStrPropAsLongStr
 0001:000064F0       GetWindow
 0001:0004F4D0       GetWindowClassName
 0001:000064F8       GetWindowDC
 0001:00006500       GetWindowLong
 0001:0004F684       GetWindowName
 0001:00006170       GetWindowOrgEx
 0001:00006508       GetWindowPlacement
 0001:00006510       GetWindowRect
 0001:00005E58       GetWindowsDirectoryA
 0001:00006518       GetWindowText
 0001:00006520       GetWindowTextA
 0002:0000C648       GetWindowTheme
 0001:00006530       GetWindowThreadProcessId
 0001:00006528       GetWindowThreadProcessId
 0001:000226B8       GetWorkingFile
 0001:00005E60       GlobalAddAtom
 0001:00005E68       GlobalAlloc
 0001:00006814       GlobalAllocPtr
 0001:00005E70       GlobalDeleteAtom
 0001:00005E78       GlobalFindAtom
 0002:000088BC       GlobalFixupList
 0001:000194E4       GlobalFixupReferences
 0001:00005E80       GlobalFree
 0001:00006840       GlobalFreePtr
 0001:00005E90       GlobalHandle
 0001:00005E88       GlobalLock
 0001:00005E98       GlobalMemoryStatus
 0002:000088A0       GlobalNameSpace
 0001:00005EA0       GlobalReAlloc
 0001:00006824       GlobalReAllocPtr
 0002:0000C044       GlobalSendValues
 0001:00005EA8       GlobalUnlock
 0002:0000B9BC       Global_AttachedFiles
 0002:0000B963       Global_CloseDialog
 0002:0000B9B0       Global_CurrentEvent
 0002:0000B9C4       Global_DataFields
 0002:0000B988       Global_ExceptionRecord
 0002:0000B960       Global_Execute
 0002:0000B961       Global_Handled
 0002:00006E8C       Global_IntoHandleException
 0002:0000B9CC       Global_IntraWebText
 0002:0000B9B8       Global_LastInitPassword
 0002:0000B9C8       Global_Module
 0002:0000B9B4       Global_Password
 0002:0000B962       Global_Retry
 0002:0000B9C0       Global_WebFields
 0002:0000B9D0       Global_WebTextID
 0001:0006EB4C       GoNotify
 0001:0007BB84       Graphics
 0001:00015FD4       GroupDescendentsWith
 0002:00005E44       GroupsOpcodes
 0002:00005F84       GroupsOperands
 0001:00072D6C       HandleAnyExceptionAddr
 0002:0000B6C8       HandleAnyExceptionAddr_Variable
 0001:00007BA8       HandleAnyLeak
 0001:00072E10       HandleAutoExceptionAddr
 0002:0000B6D0       HandleAutoExceptionAddr_Variable
 0001:00042D18       HandleBackgroundState
 0002:0000B82C       HandledCache
 0002:0000B828       HandledCacheCount
 0002:0000B91C       HandledCacheCriticalSection
 0002:0000B640       HandledExceptionNotify
 0001:000A17FC       HandleEdge
 0001:00007338       HandleError
 0001:0001A948       HandleException
 0001:00072DB8       HandleOnExceptionAddr
 0002:0000B6CC       HandleOnExceptionAddr_Variable
 0001:0004F494       HasWindowASize
 0002:00000028       HeapAllocFlags
 0002:000085C8       heapErrorCode
 0002:000085CC       heapLock
 0001:0007D824       HelpIntfs
 0002:0000C56C       HelpManager
 0002:0000C6A0       HelpMsg
 0002:0000C73C       HelpViewer
 0002:0000C740       HelpViewerIntf
 0002:00000148       HexDisplayPrefix
 0001:00090910       HideZone
 0002:00008668       HInstance
 0002:0000C7F8       HintDoneEvent
 0001:000A3F68       HintGetMsgHook
 0002:0000C7FC       HintHook
 0001:000A3F0C       HintMouseThread
[...]
 16785 0001:000709B8 16792 0001:000709C9 16795 0001:000709E6 16797 0001:000709F6
 16800 0001:000709FC 16801 0001:00070A12 16808 0001:00070AA4 16813 0001:00070AAC
 16814 0001:00070ABE 16815 0001:00070AC7 16816 0001:00070AE7 16819 0001:00070AEC
 16820 0001:00070AF7 16821 0001:00070AFE 16822 0001:00070B0A 16823 0001:00070B1E
 16828 0001:00070B24 16829 0001:00070B2C 16830 0001:00070B34 16831 0001:00070B42
 16832 0001:00070B4E 16831 0001:00070B58 16834 0001:00070B5B 16836 0001:00070B70
 16838 0001:00070B80 16844 0001:00070B84 16845 0001:00070B90 16846 0001:00070B98
 16847 0001:00070BA6 16848 0001:00070BB3 16850 0001:00070BBF 16852 0001:00070BD6
 16855 0001:00070BE6 16857 0001:00070BEC 16858 0001:00070BEF 16860 0001:00070BFA
 16863 0001:00070C00 16864 0001:00070C0C 16865 0001:00070C14 16866 0001:00070C22
 16868 0001:00070C3C 16870 0001:00070C4F 16874 0001:00070C54 16875 0001:00070C5D
 16879 0001:00070C60 16880 0001:00070C69 16889 0001:00070C6C 16890 0001:00070C6F
 16891 0001:00070C8D 16893 0001:00070C90 16895 0001:00070CA8 16897 0001:00070CAD
 16898 0001:00070CAE 16899 0001:00070CB1 16901 0001:00070CB4 16902 0001:00070CCF
 16908 0001:00070CD8 16909 0001:00070CDD 16920 0001:00070CE0 16921 0001:00070CFC
 16922 0001:00070D47 16923 0001:00070D4C 16924 0001:00070D53 16925 0001:00070D99
 16926 0001:00070DC8 16956 0001:00070EC8 16957 0001:00070ECB 16959 0001:00070ED9
 16960 0001:00070EE4 16961 0001:00070EF1 16963 0001:00070F08 16967 0001:00070F0C
 16968 0001:00070F13 16970 0001:00070F15 16971 0001:00070F16 16972 0001:00070F17
 16973 0001:00070F19 16974 0001:00070F1C 16975 0001:00070F21 16976 0001:00070F22
 16977 0001:00070F23 16978 0001:00070F28 16979 0001:00070F2A 16980 0001:00070F2B
 16981 0001:00070F2C 16982 0001:00070F2E 16983 0001:00070F30 16984 0001:00070F32
 16985 0001:00070F34 16986 0001:00070F36 16987 0001:00070F3C 16988 0001:00070F3E
 16989 0001:00070F40 16990 0001:00070F42 16991 0001:00070F47 16992 0001:00070F4C
 16995 0001:00070F4D 16998 0001:00070F52 17163 0001:00070F54 17164 0001:00070F59
 17165 0001:00070F60 17167 0001:00070F64 17168 0001:00070F6B 17169 0001:00070F74
 17171 0001:00070F83 17173 0001:00070F92 17331 0001:00070F98 17332 0001:00070F9F
 17333 0001:00070FA9 17334 0001:00070FB7 17336 0001:00070FD5 17338 0001:00070FEA
 17359 0001:00070FF0 17360 0001:00070FF5 17364 0001:00070FF8 17365 0001:00070FFD
 17393 0001:00071000 17394 0001:00071002 17395 0001:00071005 17397 0001:00071008
 17398 0001:00071016 17400 0001:0007101A 17401 0001:00071024 17402 0001:00071032
 17404 0001:0007103B 17405 0001:0007104F 17407 0001:00071053 17408 0001:00071065
 17412 0001:0007106F 17421 0001:000710AB 17423 0001:000710B6 17424 0001:000710BC
 17426 0001:000710C2 17427 0001:000710D0 17429 0001:000710E4 17431 0001:000710F8
 17432 0001:000710FC 17434 0001:00071103 17438 0001:00071138 17440 0001:0007114D
 17466 0001:0007118C 17467 0001:00071192 17468 0001:000711AF 17469 0001:000711B9
 17474 0001:000711BC 17475 0001:000711C2 17476 0001:000711DF 17477 0001:000711E9
 17483 0001:000711EC 17484 0001:000711F5 17487 0001:0007121B 17488 0001:00071225
 17489 0001:00071233 17491 0001:0007124A 17494 0001:00071259 17497 0001:00071260
 17498 0001:00071266 17500 0001:00071292 17501 0001:0007129C 17506 0001:000712A0
 17507 0001:000712A6 17508 0001:000712C3 17509 0001:000712CD 17512 0001:000712D0
 17513 0001:000712D6 17515 0001:000712ED 17516 0001:00071307 17518 0001:00071314
 17519 0001:0007131E 17528 0001:00071324 17529 0001:00071339 17530 0001:00071341
 17532 0001:00071347 17533 0001:0007135F 17535 0001:00071363 17536 0001:00071374
 17539 0001:0007138B 17540 0001:000713A3 17541 0001:000713A7 17543 0001:000713C5
 17544 0001:000713D4 17545 0001:000713E9 17546 0001:0007140D 17557 0001:00071458
 17558 0001:0007146C 17560 0001:000714C0 17574 0001:000714D8 17575 0001:000714F8
 17576 0001:00071507 17578 0001:0007150D 17579 0001:0007151B 17581 0001:00071531
 17582 0001:0007154B 17583 0001:00071556 17584 0001:00071564 17585 0001:00071579
 17586 0001:00071581 17588 0001:0007158D 17589 0001:0007159F 17590 0001:000715AD
 17592 0001:000715C8 17595 0001:000715E8 17597 0001:00071618 17599 0001:00071620
 17600 0001:00071640 17602 0001:0007164F 17603 0001:0007165E 17604 0001:0007166C
 17605 0001:0007167A 17606 0001:00071688 17607 0001:00071697 17608 0001:000716AF
 17609 0001:000716C6 17612 0001:000716E4 17613 0001:0007170E 17615 0001:0007171B
 17616 0001:0007172A 17617 0001:00071738 17618 0001:00071754 17619 0001:00071760
 17620 0001:0007176F 17621 0001:0007177D 17622 0001:00071788 17623 0001:00071794
 17624 0001:000717A5 17626 0001:000717CD 17629 0001:000717EA 17632 0001:000717FA
 17635 0001:00071814 17638 0001:0007183A 17641 0001:0007184A 17642 0001:00071875
 17650 0001:00071888 17651 0001:000718AB 17654 0001:000718CC 17655 0001:000718D0
 17658 0001:000718E7 17659 0001:00071900 17661 0001:00071932 17666 0001:0007193C
 17667 0001:00071942 17668 0001:0007195C 17669 0001:00071966 17675 0001:0007196C
 17676 0001:00071973 17678 0001:00071975 17679 0001:0007197A 17680 0001:0007197C
 17682 0001:0007197E 17683 0001:00071982 17684 0001:00071987 17685 0001:00071989
 17687 0001:0007198B 17688 0001:00071990 17689 0001:00071996 17690 0001:00071997
 17691 0001:0007199D 17692 0001:0007199F 17693 0001:000719A1 17694 0001:000719A3
 17695 0001:000719A9 17696 0001:000719AB 17697 0001:000719AD 17698 0001:000719AF
 17699 0001:000719B4 17700 0001:000719B6 17701 0001:000719BB 17702 0001:000719BD
 17703 0001:000719BE 17704 0001:000719C3 17705 0001:000719C4 17708 0001:000719C9
 17709 0001:000719CF 17714 0001:000719D0 17715 0001:000719E2 17716 0001:00071A04
 17732 0001:00071A08 17733 0001:00071A12 17736 0001:00071A16 17737 0001:00071A1C
 17734 0001:00071A1D 17739 0001:00071A2D 17742 0001:00071A34 17744 0001:00071A3B
 17745 0001:00071A47 17746 0001:00071A51 17747 0001:00071A63 17749 0001:00071A68
 17751 0001:00071A86 17754 0001:00071A88 17757 0001:00071A96 17759 0001:00071AAF
 17762 0001:00071AB8 17763 0001:00071AC9 17765 0001:00071ACB 17766 0001:00071AE4
 17767 0001:00071B03 17769 0001:00071B0B 17770 0001:00071B16 17771 0001:00071B22
 17772 0001:00071B30 17773 0001:00071B45 17774 0001:00071B53 17775 0001:00071B5C
 17778 0001:00071B93 17780 0001:00071BB4 17783 0001:00071BC2 17785 0001:00071C06
 17789 0001:00071C23 17792 0001:00071C40 17793 0001:00071C4B 17796 0001:00071C5F
 17797 0001:00071C89 17802 0001:00071C90 17803 0001:00071C93 17807 0001:00071CAE
 17808 0001:00071CB5 17809 0001:00071CC3 17812 0001:00071CE0 17814 0001:00071CE7
 17815 0001:00071CF8 17816 0001:00071D01 17817 0001:00071D0D 17819 0001:00071D24
 17821 0001:00071D33 17825 0001:00071D38 17827 0001:00071D4A 17828 0001:00071D54
 17829 0001:00071D62 17831 0001:00071D74 17832 0001:00071D84 17833 0001:00071D8E
 17834 0001:00071D95 17841 0001:00071D98 17842 0001:00071D9E 17844 0001:00071DA7
 17846 0001:00071DAF 17847 0001:00071DB8 17848 0001:00071DC2 17850 0001:00071DC9
 17854 0001:00071DD1 17855 0001:00071DDA 17858 0001:00071DE0 17859 0001:00071DE6
 17861 0001:00071DEF 17863 0001:00071DF4 17864 0001:00071DFD 17865 0001:00071E0A
 17867 0001:00071E11 17871 0001:00071E19 17872 0001:00071E22 17876 0001:00071E28
 17877 0001:00071E2D 17881 0001:00071E30 17882 0001:00071E35 17891 0001:00071E38
 17892 0001:00071E5C 17895 0001:00071E98 17896 0001:00071EAF 17897 0001:00071EB6
 17901 0001:00071EC5 17902 0001:00071EDC 17906 0001:00071EEB 17907 0001:00071F02
 17911 0001:00071F11 17912 0001:00071F28 17916 0001:00071F37 17917 0001:00071F4E
 17921 0001:00071F5D 17922 0001:00071F74 17926 0001:00071F83 17927 0001:00071F9A
 17928 0001:00071FB7 17932 0001:00071FBE 17933 0001:00071FD5 17937 0001:00071FE1
 17938 0001:00071FF8 17942 0001:00072004 17943 0001:0007201B 17946 0001:00072054
 18049 0001:00072068 18050 0001:00072083 18051 0001:00072091 18052 0001:0007209A
 18054 0001:000720A4 18055 0001:000720B8 18052 0001:000720BB 18056 0001:000720DB
 18069 0001:000720E4 18070 0001:000720FC 18073 0001:00072109 18075 0001:00072117
 18076 0001:0007211E 18078 0001:00072135 18082 0001:00072150 18083 0001:0007215E
 18084 0001:00072165 18086 0001:0007217C 18091 0001:00072197 18092 0001:000721A5
 18093 0001:000721AC 18094 0001:000721B3 18096 0001:000721BF 18097 0001:000721C6
 18099 0001:000721D7 18100 0001:000721F0 18101 0001:000721F9 18103 0001:00072201
 18106 0001:00072212 18107 0001:0007221E 18109 0001:0007223C 18111 0001:0007224F
 18112 0001:00072260 18113 0001:00072273 18114 0001:00072286 18115 0001:00072297
 18116 0001:000722A1 18117 0001:000722AB 18118 0001:000722B5 18119 0001:000722BF
 18120 0001:000722CE 18121 0001:000722D5 18123 0001:000722F7 18125 0001:00072305
 18126 0001:0007230E 18127 0001:00072316 18129 0001:0007231E 18130 0001:0007232F
 18131 0001:00072340 18132 0001:00072351 18133 0001:00072356 18134 0001:00072367
 18135 0001:00072378 18136 0001:00072389 18138 0001:0007239D 18140 0001:000723CE
 18148 0001:00072444 18149 0001:0007246B 18152 0001:00072478 18153 0001:0007247C
 18154 0001:0007248A 18156 0001:00072492 18157 0001:0007249E 18158 0001:000724B1
 18159 0001:000724BD 18162 0001:000724CB 18164 0001:000724D1 18165 0001:000724D5
 18167 0001:000724D9 18168 0001:000724E5 18171 0001:000724F2 18172 0001:000724F6
 18173 0001:00072519 18174 0001:0007251F 18175 0001:00072525 18177 0001:00072531
 18154 0001:00072535 18179 0001:0007253E 18180 0001:00072547 18182 0001:00072550
 18183 0001:0007255F 18185 0001:0007256C 18186 0001:0007257A 18188 0001:00072590
 18190 0001:0007259F 18198 0001:000725C4 18199 0001:000725E6 18201 0001:000725F3
 18203 0001:0007260F 18207 0001:0007261D 18209 0001:00072624 18212 0001:00072643
 18216 0001:000726C0 18218 0001:000726CE 18220 0001:00072705 18223 0001:00072724
 18228 0001:00072735 18229 0001:0007273F 18232 0001:00072746 18233 0001:00072754
 18234 0001:0007275B 18235 0001:00072765 18236 0001:0007276C 18237 0001:00072776
 18238 0001:0007277D 18239 0001:00072787 18240 0001:0007278E 18241 0001:00072798
 18242 0001:000727A2 18243 0001:000727AC 18244 0001:000727B6 18245 0001:000727C0
 18246 0001:000727C7 18247 0001:000727D1 18248 0001:000727D8 18249 0001:000727E2
 18250 0001:000727E9 18251 0001:000727F3 18252 0001:000727FA 18253 0001:00072804
 18254 0001:0007280B 18255 0001:00072815 18256 0001:0007281C 18257 0001:00072826
 18258 0001:0007282D 18259 0001:00072837 18260 0001:0007283E 18261 0001:00072848
 18262 0001:0007284F 18263 0001:0007285A 18264 0001:00072869 18267 0001:0007286E
 18268 0001:00072877 18271 0001:00072880 18272 0001:0007288A 18273 0001:00072894
 18274 0001:0007289E 18275 0001:000728A8 18276 0001:000728B2 18277 0001:000728BC
 18278 0001:000728C6 18279 0001:000728D0 18280 0001:000728DA 18281 0001:000728E4
 18282 0001:000728EE 18283 0001:000728F8 18284 0001:00072902 18285 0001:0007290C
 18286 0001:00072916 18287 0001:00072920 18288 0001:0007292A 18289 0001:00072934
 18290 0001:0007293E 18291 0001:00072948 18292 0001:00072952 18293 0001:0007295C
 18294 0001:00072966 18295 0001:00072970 18296 0001:0007297A 18297 0001:00072984
 18298 0001:0007298E 18299 0001:00072998 18300 0001:000729A2 18301 0001:000729AC
 18303 0001:000729B1 18306 0001:000729CA 18311 0001:000729E5 18313 0001:000729F3
 18314 0001:000729FA 18316 0001:00072A11 18320 0001:00072A2C 18321 0001:00072A3A
 18322 0001:00072A41 18324 0001:00072A58 18329 0001:00072A95 18333 0001:00072B4C
 18334 0001:00072B63 18338 0001:00072B64 18339 0001:00072B7B 18346 0001:00072B7C
 18347 0001:00072B86 18350 0001:00072B88 18352 0001:00072B9B 18353 0001:00072BA6
 18354 0001:00072BB1 18357 0001:00072BBC 18358 0001:00072BC7 18361 0001:00072BD2
 18362 0001:00072BEE 18363 0001:00072C16 18382 0001:00072C1C 18383 0001:00072C39
 18385 0001:00072C53 18386 0001:00072C5A 18387 0001:00072C5C 18388 0001:00072C70
 18389 0001:00072C77 18391 0001:00072C7B 18393 0001:00072C91 18395 0001:00072C98
 18397 0001:00072CA6 18399 0001:00072CAA 18400 0001:00072CD9 18403 0001:00072CDE
 18404 0001:00072D02 18405 0001:00072D0E 18406 0001:00072D1E 18409 0001:00072D22
 18410 0001:00072D4F 18425 0001:00072D58 18429 0001:00072D5C 18430 0001:00072D63
 18431 0001:00072D68 18436 0001:00072D6C 18437 0001:00072D73 18439 0001:00072D90
 18441 0001:00072D95 18443 0001:00072D9A 18444 0001:00072D9B 18445 0001:00072D9E
 18447 0001:00072DA1 18448 0001:00072DB1 18453 0001:00072DB8 18454 0001:00072DBF
 18459 0001:00072DED 18461 0001:00072DF2 18462 0001:00072DF3 18463 0001:00072DF6
 18465 0001:00072DF9 18466 0001:00072E09 18471 0001:00072E10 18472 0001:00072E16
 18473 0001:00072E25 18474 0001:00072E33 18476 0001:00072E58 18478 0001:00072E6B
 18483 0001:00072E70 18484 0001:00072E77 18486 0001:00072E94 18488 0001:00072E99
 18490 0001:00072E9E 18491 0001:00072E9F 18492 0001:00072EA2 18494 0001:00072EA5
 18495 0001:00072EB5 18507 0001:00072EBC 18508 0001:00072EC5 18511 0001:00072ECC
 18512 0001:00072EDB 18513 0001:00072EE9 18514 0001:00072EF3 18515 0001:00072EF9
 18517 0001:00072F02 18519 0001:00072F0D 18520 0001:00072F17 18521 0001:00072F1D
 18523 0001:00072F26 18525 0001:00072F31 18526 0001:00072F3B 18527 0001:00072F41
 18529 0001:00072F4A 18531 0001:00072F55 18534 0001:00072F5F 18538 0001:00072F66
 18540 0001:00072F75 18541 0001:00072F7F 18531 0001:00072F80 18543 0001:00072F83
 18546 0001:00072F8D 18547 0001:00072FA7 18548 0001:00072FB8 18543 0001:00072FB9
 18550 0001:00072FC9 18552 0001:00072FD9 18563 0001:00072FE0 18565 0001:00072FE3
 18566 0001:00072FE9 18569 0001:00072FF0 18571 0001:00073003 18572 0001:00073019
 18573 0001:00073026 18574 0001:00073041 18578 0001:00073056 18579 0001:00073063
 18583 0001:00073068 18584 0001:0007306F 18585 0001:00073075 18587 0001:00073078
 18588 0001:0007307E 18590 0001:00073085 18592 0001:00073088 18602 0001:00073090
 18604 0001:00073091 18596 0001:00073097 18609 0001:000730A4 18612 0001:000730AD
 18613 0001:000730B8 18615 0001:000730D1 18616 0001:000730E1 18619 0001:000730EE
 18621 0001:000730F1 18631 0001:000730FA 18633 0001:000730FB 18625 0001:00073102
 18638 0001:0007310F 18641 0001:00073118 18642 0001:00073124 18644 0001:0007313E
 18646 0001:0007314A 18656 0001:00073150 18657 0001:0007316B 18658 0001:00073178
 18659 0001:00073194 18660 0001:000731BF 18661 0001:000731E8 18663 0001:00073238
 18673 0001:00073256 18697 0001:00073271 18713 0001:0007328C 18724 0001:00073299
 18727 0001:000732AA 18734 0001:000732BB 18738 0001:000732D6 18744 0001:000732F1
 18747 0001:000732F6 18751 0001:00073316 18760 0001:00073336 18761 0001:00073337
 18763 0001:00073344 18768 0001:00073364 18781 0001:0007337F 18786 0001:0007339A
 18787 0001:000733A3 18792 0001:000733BE 18794 0001:000733CC 18797 0001:00073409
 18801 0001:000736D0 18802 0001:000736EA 18805 0001:000736EC 18806 0001:000736EF
 18807 0001:00073700 18810 0001:00073704 18814 0001:00073707 18816 0001:0007370E
 18845 0001:00073710 18846 0001:00073713 18848 0001:0007371A 18849 0001:00073721
 18854 0001:00073724 18855 0001:00073729 18857 0001:00073744 18858 0001:0007374E
 18859 0001:0007375C 18860 0001:00073761 18862 0001:00073771 18865 0001:0007379F
 18866 0001:000737B5 18868 0001:000737BC 18860 0001:000737BD 18870 0001:000737CD
 18872 0001:000737DF 18887 0001:000737E4 18888 0001:000737EB 18889 0001:000737FE
 18890 0001:0007380C 18892 0001:00073823 18894 0001:00073833 18896 0001:00073838
 18897 0001:00073855 18898 0001:00073859 18900 0001:00073876 18901 0001:00073885
 18902 0001:00073893 18903 0001:000738AB 18905 0001:000738BF 18906 0001:000738D1
 18907 0001:000738D4 18908 0001:000738D9 18909 0001:000738ED 18911 0001:00073900
 18913 0001:00073935 18917 0001:0007393C 18918 0001:00073950 18920 0001:00073954
 18921 0001:00073960 18923 0001:00073964 18924 0001:00073983 18925 0001:000739A1
 18927 0001:000739AB 18929 0001:000739B6 18932 0001:000739E0 18945 0001:00073A0F
 18947 0001:00073A16 18949 0001:00073A1D 18950 0001:00073A24 18951 0001:00073A30
 18952 0001:00073A37 18954 0001:00073A4C 18958 0001:00073A53 18959 0001:00073A5A
 18960 0001:00073A61 18961 0001:00073A68 18962 0001:00073A6F 18963 0001:00073A76
 18964 0001:00073A7D 18965 0001:00073A84 18966 0001:00073A8B 18967 0001:00073AA2
 18968 0001:00073AB9 18969 0001:00073AC0 18970 0001:00073ACA 18971 0001:00073AD1
 18972 0001:00073AE0 18973 0001:00073AE7 18974 0001:00073AF8 18975 0001:00073B02
 18977 0001:00073B09 18978 0001:00073B13 18979 0001:00073B1D 18981 0001:00073B27
 18983 0001:00073B2C 18986 0001:00073B35 18989 0001:00073B3A 18991 0001:00073B48
 18992 0001:00073B4F 18996 0001:00073B54 18997 0001:00073B65 18999 0001:00073B76
 19000 0001:00073B8F 19001 0001:00073B98 19003 0001:00073BA0 19041 0001:00073BB3
 19043 0001:00073BB8 19044 0001:00073BC9 19045 0001:00073BDA 19046 0001:00073BEB
 19047 0001:00073BFC 19053 0001:00073C0D 19054 0001:00073C14 19055 0001:00073C20
 19056 0001:00073C27 19057 0001:00073C2E 19058 0001:00073C38 19059 0001:00073C3F
 19060 0001:00073C46 19063 0001:00073C68 19064 0001:00073C7B 19066 0001:00073C89
 19067 0001:00073C92 19068 0001:00073C9A 19071 0001:00073CA2 19072 0001:00073CA7
 19073 0001:00073CB1 19074 0001:00073CBB 19076 0001:00073CCC 19077 0001:00073CDD
 19078 0001:00073CE2 19079 0001:00073CE9 19080 0001:00073CF3 19081 0001:00073CFA
 19082 0001:00073D01 19083 0001:00073D08 19084 0001:00073D0F 19085 0001:00073D16
 19087 0001:00073D1D 19088 0001:00073D24 19089 0001:00073D2B 19091 0001:00073D32
 19093 0001:00073D39 19096 0001:00073D41 19098 0001:00073D4B 19100 0001:00073D65
 19101 0001:00073D71 19102 0001:00073D7C 19103 0001:00073D88 19105 0001:00073D93
 19108 0001:00073D98 19114 0001:00073DE5 19120 0001:00073E32 19126 0001:00073E7F
 19127 0001:00073E94 19129 0001:00073E9D 19143 0001:00073EB6 19149 0001:00073F03
 19155 0001:00073F50 19161 0001:00073F9D 19162 0001:00073FA6 19164 0001:00073FAB
 19165 0001:00073FB4 19167 0001:00073FB9 19169 0001:00073FC7 19170 0001:00073FCC
 19174 0001:00073FF6 19176 0001:00074003 19179 0001:00074017 19180 0001:00074020
 19182 0001:00074048 19186 0001:00074084 19190 0001:0007408B 19192 0001:00074094
 19193 0001:00074099 19197 0001:000740C8 19204 0001:0007419C 19205 0001:000741B0
 19206 0001:000741BE 19208 0001:000741D1 19209 0001:000741DB 19211 0001:000741E5
 19212 0001:000741F8 19214 0001:000741FF 19215 0001:00074209 19216 0001:00074210
 19217 0001:0007421A 19218 0001:00074221 19219 0001:0007422B 19220 0001:00074232
 19221 0001:0007423C 19222 0001:00074243 19223 0001:0007424D 19225 0001:00074254
 19226 0001:00074259 19228 0001:00074264 19230 0001:00074276 19231 0001:00074283
 19233 0001:00074290 19235 0001:00074299 19236 0001:000742AC 19241 0001:000742B3
 19242 0001:000742BC 19244 0001:000742CB 19245 0001:000742D5 19246 0001:000742DC
 19247 0001:000742E6 19248 0001:000742ED 19249 0001:000742F7 19251 0001:000742FE
 19252 0001:00074308 19253 0001:00074312 19254 0001:0007431C 19255 0001:00074326
 19258 0001:0007432D 19260 0001:00074336 19261 0001:00074342 19262 0001:0007434C
 19265 0001:0007435F 19266 0001:00074369 19267 0001:00074370 19268 0001:0007437A
 19269 0001:00074381 19270 0001:0007438B 19272 0001:00074392 19273 0001:000743A2
 19274 0001:000743B3 19275 0001:000743C3 19277 0001:000743D4 19278 0001:000743E3
 19285 0001:000743EA 19287 0001:000743F3 19288 0001:000743FE 19289 0001:00074408
 19290 0001:00074412 19298 0001:00074419 19299 0001:0007441E 19301 0001:00074432
 19302 0001:0007443C 19303 0001:00074443 19305 0001:00074472 19352 0001:00074478
 19354 0001:0007448B 19355 0001:00074490 19356 0001:00074497 19358 0001:0007449B
 19359 0001:000744A8 19361 0001:000744D3 19370 0001:0007451C 19381 0001:00074530
 19382 0001:0007455C 19384 0001:000746CC 19374 0001:000746EC 19375 0001:00074710
 19376 0001:0007471F 19377 0001:00074724 19378 0001:00074733 19380 0001:0007474D

Line numbers for Project2(C:\pratik Assignment\fibonacci series\Project2.dpr) segment .text

     9 0001:000A6E14    10 0001:000A6E24    11 0001:000A6E30    12 0001:000A6E3C

Bound resource files

C:\Program Files\EurekaLab\EurekaLog 6\Delphi7\DIALOG.RES
c:\program files\borland\delphi7\Lib\Buttons.res
c:\program files\borland\delphi7\Lib\ExtDlgs.res
c:\program files\borland\delphi7\Lib\Controls.res
Project2.res
Project2.drf


Program entry point at 0001:000A6E14
